<!doctype html public "-//w3c//dtd html 4.0 transitional//en">
<html><head>
<title>Static Call Graph - [..\Output\UCOSII_STM32F407.axf]</title></head>
<body><HR>
<H1>Static Call Graph for image ..\Output\UCOSII_STM32F407.axf</H1><HR>
<BR><P>#&#060CALLGRAPH&#062# ARM Linker, 5040049: Last Updated: Tue May 02 18:54:52 2017
<BR><P>
<H3>Maximum Stack Usage =        152 bytes + Unknown(Functions without stacksize, Cycles, Untraceable Function Pointers)</H3><H3>
Call chain for Maximum Stack Depth:</H3>
main &rArr; OSInit &rArr; OS_InitTaskIdle &rArr; OSTaskCreateExt &rArr; OS_TCBInit &rArr; OSTCBInitHook
<P>
<H3>
Functions with no stack information
</H3><UL>
 <LI><a href="#[184]">CPU_IntDis</a>
 <LI><a href="#[185]">CPU_IntEn</a>
 <LI><a href="#[6e]">CPU_SR_Save</a>
 <LI><a href="#[70]">CPU_SR_Restore</a>
 <LI><a href="#[186]">CPU_WaitForInt</a>
 <LI><a href="#[187]">CPU_WaitForExcept</a>
 <LI><a href="#[82]">CPU_CntLeadZeros</a>
 <LI><a href="#[86]">CPU_CntTrailZeros</a>
 <LI><a href="#[188]">CPU_RevBits</a>
 <LI><a href="#[92]">Mem_Copy</a>
 <LI><a href="#[cf]">OS_CPU_FP_Reg_Push</a>
 <LI><a href="#[d0]">OS_CPU_FP_Reg_Pop</a>
 <LI><a href="#[d6]">OS_CPU_SR_Save</a>
 <LI><a href="#[d7]">OS_CPU_SR_Restore</a>
 <LI><a href="#[fb]">OSStartHighRdy</a>
 <LI><a href="#[df]">OSCtxSw</a>
 <LI><a href="#[f7]">OSIntCtxSw</a>
 <LI><a href="#[8]">OS_CPU_PendSVHandler</a>
</UL>
</UL>
<P>
<H3>
Mutually Recursive functions
</H3> <LI><a href="#[1c]">ADC_IRQHandler</a>&nbsp;&nbsp;&nbsp;&rArr;&nbsp;&nbsp;&nbsp;<a href="#[1c]">ADC_IRQHandler</a><BR>
</UL>
<P>
<H3>
Function Pointers
</H3><UL>
 <LI><a href="#[1c]">ADC_IRQHandler</a> from startup_stm32f40_41xxx.o(.text) referenced from startup_stm32f40_41xxx.o(RESET)
 <LI><a href="#[4]">BusFault_Handler</a> from stm32f4xx_it.o(.text) referenced from startup_stm32f40_41xxx.o(RESET)
 <LI><a href="#[1e]">CAN1_RX0_IRQHandler</a> from startup_stm32f40_41xxx.o(.text) referenced from startup_stm32f40_41xxx.o(RESET)
 <LI><a href="#[1f]">CAN1_RX1_IRQHandler</a> from startup_stm32f40_41xxx.o(.text) referenced from startup_stm32f40_41xxx.o(RESET)
 <LI><a href="#[20]">CAN1_SCE_IRQHandler</a> from startup_stm32f40_41xxx.o(.text) referenced from startup_stm32f40_41xxx.o(RESET)
 <LI><a href="#[1d]">CAN1_TX_IRQHandler</a> from startup_stm32f40_41xxx.o(.text) referenced from startup_stm32f40_41xxx.o(RESET)
 <LI><a href="#[4a]">CAN2_RX0_IRQHandler</a> from startup_stm32f40_41xxx.o(.text) referenced from startup_stm32f40_41xxx.o(RESET)
 <LI><a href="#[4b]">CAN2_RX1_IRQHandler</a> from startup_stm32f40_41xxx.o(.text) referenced from startup_stm32f40_41xxx.o(RESET)
 <LI><a href="#[4c]">CAN2_SCE_IRQHandler</a> from startup_stm32f40_41xxx.o(.text) referenced from startup_stm32f40_41xxx.o(RESET)
 <LI><a href="#[49]">CAN2_TX_IRQHandler</a> from startup_stm32f40_41xxx.o(.text) referenced from startup_stm32f40_41xxx.o(RESET)
 <LI><a href="#[59]">CRYP_IRQHandler</a> from startup_stm32f40_41xxx.o(.text) referenced from startup_stm32f40_41xxx.o(RESET)
 <LI><a href="#[58]">DCMI_IRQHandler</a> from startup_stm32f40_41xxx.o(.text) referenced from startup_stm32f40_41xxx.o(RESET)
 <LI><a href="#[15]">DMA1_Stream0_IRQHandler</a> from startup_stm32f40_41xxx.o(.text) referenced from startup_stm32f40_41xxx.o(RESET)
 <LI><a href="#[16]">DMA1_Stream1_IRQHandler</a> from startup_stm32f40_41xxx.o(.text) referenced from startup_stm32f40_41xxx.o(RESET)
 <LI><a href="#[17]">DMA1_Stream2_IRQHandler</a> from startup_stm32f40_41xxx.o(.text) referenced from startup_stm32f40_41xxx.o(RESET)
 <LI><a href="#[18]">DMA1_Stream3_IRQHandler</a> from startup_stm32f40_41xxx.o(.text) referenced from startup_stm32f40_41xxx.o(RESET)
 <LI><a href="#[19]">DMA1_Stream4_IRQHandler</a> from startup_stm32f40_41xxx.o(.text) referenced from startup_stm32f40_41xxx.o(RESET)
 <LI><a href="#[1a]">DMA1_Stream5_IRQHandler</a> from startup_stm32f40_41xxx.o(.text) referenced from startup_stm32f40_41xxx.o(RESET)
 <LI><a href="#[1b]">DMA1_Stream6_IRQHandler</a> from startup_stm32f40_41xxx.o(.text) referenced from startup_stm32f40_41xxx.o(RESET)
 <LI><a href="#[39]">DMA1_Stream7_IRQHandler</a> from startup_stm32f40_41xxx.o(.text) referenced from startup_stm32f40_41xxx.o(RESET)
 <LI><a href="#[42]">DMA2_Stream0_IRQHandler</a> from startup_stm32f40_41xxx.o(.text) referenced from startup_stm32f40_41xxx.o(RESET)
 <LI><a href="#[43]">DMA2_Stream1_IRQHandler</a> from startup_stm32f40_41xxx.o(.text) referenced from startup_stm32f40_41xxx.o(RESET)
 <LI><a href="#[44]">DMA2_Stream2_IRQHandler</a> from startup_stm32f40_41xxx.o(.text) referenced from startup_stm32f40_41xxx.o(RESET)
 <LI><a href="#[45]">DMA2_Stream3_IRQHandler</a> from startup_stm32f40_41xxx.o(.text) referenced from startup_stm32f40_41xxx.o(RESET)
 <LI><a href="#[46]">DMA2_Stream4_IRQHandler</a> from startup_stm32f40_41xxx.o(.text) referenced from startup_stm32f40_41xxx.o(RESET)
 <LI><a href="#[4e]">DMA2_Stream5_IRQHandler</a> from startup_stm32f40_41xxx.o(.text) referenced from startup_stm32f40_41xxx.o(RESET)
 <LI><a href="#[4f]">DMA2_Stream6_IRQHandler</a> from startup_stm32f40_41xxx.o(.text) referenced from startup_stm32f40_41xxx.o(RESET)
 <LI><a href="#[50]">DMA2_Stream7_IRQHandler</a> from startup_stm32f40_41xxx.o(.text) referenced from startup_stm32f40_41xxx.o(RESET)
 <LI><a href="#[7]">DebugMon_Handler</a> from stm32f4xx_it.o(.text) referenced from startup_stm32f40_41xxx.o(RESET)
 <LI><a href="#[47]">ETH_IRQHandler</a> from startup_stm32f40_41xxx.o(.text) referenced from startup_stm32f40_41xxx.o(RESET)
 <LI><a href="#[48]">ETH_WKUP_IRQHandler</a> from startup_stm32f40_41xxx.o(.text) referenced from startup_stm32f40_41xxx.o(RESET)
 <LI><a href="#[10]">EXTI0_IRQHandler</a> from startup_stm32f40_41xxx.o(.text) referenced from startup_stm32f40_41xxx.o(RESET)
 <LI><a href="#[32]">EXTI15_10_IRQHandler</a> from startup_stm32f40_41xxx.o(.text) referenced from startup_stm32f40_41xxx.o(RESET)
 <LI><a href="#[11]">EXTI1_IRQHandler</a> from startup_stm32f40_41xxx.o(.text) referenced from startup_stm32f40_41xxx.o(RESET)
 <LI><a href="#[12]">EXTI2_IRQHandler</a> from startup_stm32f40_41xxx.o(.text) referenced from startup_stm32f40_41xxx.o(RESET)
 <LI><a href="#[13]">EXTI3_IRQHandler</a> from startup_stm32f40_41xxx.o(.text) referenced from startup_stm32f40_41xxx.o(RESET)
 <LI><a href="#[14]">EXTI4_IRQHandler</a> from startup_stm32f40_41xxx.o(.text) referenced from startup_stm32f40_41xxx.o(RESET)
 <LI><a href="#[21]">EXTI9_5_IRQHandler</a> from startup_stm32f40_41xxx.o(.text) referenced from startup_stm32f40_41xxx.o(RESET)
 <LI><a href="#[e]">FLASH_IRQHandler</a> from startup_stm32f40_41xxx.o(.text) referenced from startup_stm32f40_41xxx.o(RESET)
 <LI><a href="#[5b]">FPU_IRQHandler</a> from startup_stm32f40_41xxx.o(.text) referenced from startup_stm32f40_41xxx.o(RESET)
 <LI><a href="#[3a]">FSMC_IRQHandler</a> from startup_stm32f40_41xxx.o(.text) referenced from startup_stm32f40_41xxx.o(RESET)
 <LI><a href="#[5a]">HASH_RNG_IRQHandler</a> from startup_stm32f40_41xxx.o(.text) referenced from startup_stm32f40_41xxx.o(RESET)
 <LI><a href="#[2]">HardFault_Handler</a> from stm32f4xx_it.o(.text) referenced from startup_stm32f40_41xxx.o(RESET)
 <LI><a href="#[2a]">I2C1_ER_IRQHandler</a> from startup_stm32f40_41xxx.o(.text) referenced from startup_stm32f40_41xxx.o(RESET)
 <LI><a href="#[29]">I2C1_EV_IRQHandler</a> from startup_stm32f40_41xxx.o(.text) referenced from startup_stm32f40_41xxx.o(RESET)
 <LI><a href="#[2c]">I2C2_ER_IRQHandler</a> from startup_stm32f40_41xxx.o(.text) referenced from startup_stm32f40_41xxx.o(RESET)
 <LI><a href="#[2b]">I2C2_EV_IRQHandler</a> from startup_stm32f40_41xxx.o(.text) referenced from startup_stm32f40_41xxx.o(RESET)
 <LI><a href="#[53]">I2C3_ER_IRQHandler</a> from startup_stm32f40_41xxx.o(.text) referenced from startup_stm32f40_41xxx.o(RESET)
 <LI><a href="#[52]">I2C3_EV_IRQHandler</a> from startup_stm32f40_41xxx.o(.text) referenced from startup_stm32f40_41xxx.o(RESET)
 <LI><a href="#[3]">MemManage_Handler</a> from stm32f4xx_it.o(.text) referenced from startup_stm32f40_41xxx.o(RESET)
 <LI><a href="#[1]">NMI_Handler</a> from stm32f4xx_it.o(.text) referenced from startup_stm32f40_41xxx.o(RESET)
 <LI><a href="#[60]">OSTaskSwHook</a> from os_cpu_c.o(.text) referenced from os_cpu_a.o(.text)
 <LI><a href="#[8]">OS_CPU_PendSVHandler</a> from os_cpu_a.o(.text) referenced from startup_stm32f40_41xxx.o(RESET)
 <LI><a href="#[9]">OS_CPU_SysTickHandler</a> from os_cpu_c.o(.text) referenced from startup_stm32f40_41xxx.o(RESET)
 <LI><a href="#[eb]">OS_TaskIdle</a> from os_core.o(.text) referenced from os_core.o(.text)
 <LI><a href="#[5f]">OS_TaskReturn</a> from os_task.o(.text) referenced from os_cpu_c.o(.text)
 <LI><a href="#[e5]">OS_TaskStat</a> from os_core.o(.text) referenced from os_core.o(.text)
 <LI><a href="#[4d]">OTG_FS_IRQHandler</a> from startup_stm32f40_41xxx.o(.text) referenced from startup_stm32f40_41xxx.o(RESET)
 <LI><a href="#[34]">OTG_FS_WKUP_IRQHandler</a> from startup_stm32f40_41xxx.o(.text) referenced from startup_stm32f40_41xxx.o(RESET)
 <LI><a href="#[55]">OTG_HS_EP1_IN_IRQHandler</a> from startup_stm32f40_41xxx.o(.text) referenced from startup_stm32f40_41xxx.o(RESET)
 <LI><a href="#[54]">OTG_HS_EP1_OUT_IRQHandler</a> from startup_stm32f40_41xxx.o(.text) referenced from startup_stm32f40_41xxx.o(RESET)
 <LI><a href="#[57]">OTG_HS_IRQHandler</a> from startup_stm32f40_41xxx.o(.text) referenced from startup_stm32f40_41xxx.o(RESET)
 <LI><a href="#[56]">OTG_HS_WKUP_IRQHandler</a> from startup_stm32f40_41xxx.o(.text) referenced from startup_stm32f40_41xxx.o(RESET)
 <LI><a href="#[b]">PVD_IRQHandler</a> from startup_stm32f40_41xxx.o(.text) referenced from startup_stm32f40_41xxx.o(RESET)
 <LI><a href="#[f]">RCC_IRQHandler</a> from startup_stm32f40_41xxx.o(.text) referenced from startup_stm32f40_41xxx.o(RESET)
 <LI><a href="#[33]">RTC_Alarm_IRQHandler</a> from startup_stm32f40_41xxx.o(.text) referenced from startup_stm32f40_41xxx.o(RESET)
 <LI><a href="#[d]">RTC_WKUP_IRQHandler</a> from startup_stm32f40_41xxx.o(.text) referenced from startup_stm32f40_41xxx.o(RESET)
 <LI><a href="#[0]">Reset_Handler</a> from startup_stm32f40_41xxx.o(.text) referenced from startup_stm32f40_41xxx.o(RESET)
 <LI><a href="#[3b]">SDIO_IRQHandler</a> from startup_stm32f40_41xxx.o(.text) referenced from startup_stm32f40_41xxx.o(RESET)
 <LI><a href="#[2d]">SPI1_IRQHandler</a> from startup_stm32f40_41xxx.o(.text) referenced from startup_stm32f40_41xxx.o(RESET)
 <LI><a href="#[2e]">SPI2_IRQHandler</a> from startup_stm32f40_41xxx.o(.text) referenced from startup_stm32f40_41xxx.o(RESET)
 <LI><a href="#[3d]">SPI3_IRQHandler</a> from startup_stm32f40_41xxx.o(.text) referenced from startup_stm32f40_41xxx.o(RESET)
 <LI><a href="#[6]">SVC_Handler</a> from stm32f4xx_it.o(.text) referenced from startup_stm32f40_41xxx.o(RESET)
 <LI><a href="#[5d]">SystemInit</a> from system_stm32f4xx.o(.text) referenced from startup_stm32f40_41xxx.o(.text)
 <LI><a href="#[c]">TAMP_STAMP_IRQHandler</a> from startup_stm32f40_41xxx.o(.text) referenced from startup_stm32f40_41xxx.o(RESET)
 <LI><a href="#[22]">TIM1_BRK_TIM9_IRQHandler</a> from startup_stm32f40_41xxx.o(.text) referenced from startup_stm32f40_41xxx.o(RESET)
 <LI><a href="#[25]">TIM1_CC_IRQHandler</a> from startup_stm32f40_41xxx.o(.text) referenced from startup_stm32f40_41xxx.o(RESET)
 <LI><a href="#[24]">TIM1_TRG_COM_TIM11_IRQHandler</a> from startup_stm32f40_41xxx.o(.text) referenced from startup_stm32f40_41xxx.o(RESET)
 <LI><a href="#[23]">TIM1_UP_TIM10_IRQHandler</a> from startup_stm32f40_41xxx.o(.text) referenced from startup_stm32f40_41xxx.o(RESET)
 <LI><a href="#[26]">TIM2_IRQHandler</a> from startup_stm32f40_41xxx.o(.text) referenced from startup_stm32f40_41xxx.o(RESET)
 <LI><a href="#[27]">TIM3_IRQHandler</a> from startup_stm32f40_41xxx.o(.text) referenced from startup_stm32f40_41xxx.o(RESET)
 <LI><a href="#[28]">TIM4_IRQHandler</a> from startup_stm32f40_41xxx.o(.text) referenced from startup_stm32f40_41xxx.o(RESET)
 <LI><a href="#[3c]">TIM5_IRQHandler</a> from startup_stm32f40_41xxx.o(.text) referenced from startup_stm32f40_41xxx.o(RESET)
 <LI><a href="#[40]">TIM6_DAC_IRQHandler</a> from startup_stm32f40_41xxx.o(.text) referenced from startup_stm32f40_41xxx.o(RESET)
 <LI><a href="#[41]">TIM7_IRQHandler</a> from startup_stm32f40_41xxx.o(.text) referenced from startup_stm32f40_41xxx.o(RESET)
 <LI><a href="#[35]">TIM8_BRK_TIM12_IRQHandler</a> from startup_stm32f40_41xxx.o(.text) referenced from startup_stm32f40_41xxx.o(RESET)
 <LI><a href="#[38]">TIM8_CC_IRQHandler</a> from startup_stm32f40_41xxx.o(.text) referenced from startup_stm32f40_41xxx.o(RESET)
 <LI><a href="#[37]">TIM8_TRG_COM_TIM14_IRQHandler</a> from startup_stm32f40_41xxx.o(.text) referenced from startup_stm32f40_41xxx.o(RESET)
 <LI><a href="#[36]">TIM8_UP_TIM13_IRQHandler</a> from startup_stm32f40_41xxx.o(.text) referenced from startup_stm32f40_41xxx.o(RESET)
 <LI><a href="#[61]">Test_Idle</a> from main.o(.text) referenced from main.o(.text)
 <LI><a href="#[62]">Test_Task</a> from main.o(.text) referenced from main.o(.text)
 <LI><a href="#[3e]">UART4_IRQHandler</a> from startup_stm32f40_41xxx.o(.text) referenced from startup_stm32f40_41xxx.o(RESET)
 <LI><a href="#[3f]">UART5_IRQHandler</a> from startup_stm32f40_41xxx.o(.text) referenced from startup_stm32f40_41xxx.o(RESET)
 <LI><a href="#[2f]">USART1_IRQHandler</a> from startup_stm32f40_41xxx.o(.text) referenced from startup_stm32f40_41xxx.o(RESET)
 <LI><a href="#[30]">USART2_IRQHandler</a> from startup_stm32f40_41xxx.o(.text) referenced from startup_stm32f40_41xxx.o(RESET)
 <LI><a href="#[31]">USART3_IRQHandler</a> from startup_stm32f40_41xxx.o(.text) referenced from startup_stm32f40_41xxx.o(RESET)
 <LI><a href="#[51]">USART6_IRQHandler</a> from startup_stm32f40_41xxx.o(.text) referenced from startup_stm32f40_41xxx.o(RESET)
 <LI><a href="#[5]">UsageFault_Handler</a> from stm32f4xx_it.o(.text) referenced from startup_stm32f40_41xxx.o(RESET)
 <LI><a href="#[a]">WWDG_IRQHandler</a> from startup_stm32f40_41xxx.o(.text) referenced from startup_stm32f40_41xxx.o(RESET)
 <LI><a href="#[5e]">__main</a> from entry.o(.ARM.Collect$$$$00000000) referenced from startup_stm32f40_41xxx.o(.text)
 <LI><a href="#[5c]">main</a> from main.o(.text) referenced from entry9a.o(.ARM.Collect$$$$0000000B)
</UL>
<P>
<H3>
Global Symbols
</H3>
<P><STRONG><a name="[5e]"></a>__main</STRONG> (Thumb, 0 bytes, Stack size unknown bytes, entry.o(.ARM.Collect$$$$00000000))
<BR>[Address Reference Count : 1]<UL><LI> startup_stm32f40_41xxx.o(.text)
</UL>
<P><STRONG><a name="[13f]"></a>_main_stk</STRONG> (Thumb, 0 bytes, Stack size unknown bytes, entry2.o(.ARM.Collect$$$$00000001))

<P><STRONG><a name="[63]"></a>_main_scatterload</STRONG> (Thumb, 0 bytes, Stack size unknown bytes, entry5.o(.ARM.Collect$$$$00000004))
<BR><BR>[Calls]<UL><LI><a href="#[64]">&gt;&gt;</a>&nbsp;&nbsp;&nbsp;__scatterload
</UL>

<P><STRONG><a name="[13e]"></a>__main_after_scatterload</STRONG> (Thumb, 0 bytes, Stack size unknown bytes, entry5.o(.ARM.Collect$$$$00000004))
<BR><BR>[Called By]<UL><LI><a href="#[64]">&gt;&gt;</a>&nbsp;&nbsp;&nbsp;__scatterload
</UL>

<P><STRONG><a name="[140]"></a>_main_clock</STRONG> (Thumb, 0 bytes, Stack size unknown bytes, entry7b.o(.ARM.Collect$$$$00000008))

<P><STRONG><a name="[141]"></a>_main_cpp_init</STRONG> (Thumb, 0 bytes, Stack size unknown bytes, entry8b.o(.ARM.Collect$$$$0000000A))

<P><STRONG><a name="[142]"></a>_main_init</STRONG> (Thumb, 0 bytes, Stack size unknown bytes, entry9a.o(.ARM.Collect$$$$0000000B))

<P><STRONG><a name="[143]"></a>__rt_final_cpp</STRONG> (Thumb, 0 bytes, Stack size unknown bytes, entry10a.o(.ARM.Collect$$$$0000000D))

<P><STRONG><a name="[144]"></a>__rt_final_exit</STRONG> (Thumb, 0 bytes, Stack size unknown bytes, entry11a.o(.ARM.Collect$$$$0000000F))

<P><STRONG><a name="[0]"></a>Reset_Handler</STRONG> (Thumb, 8 bytes, Stack size 0 bytes, startup_stm32f40_41xxx.o(.text))
<BR>[Address Reference Count : 1]<UL><LI> startup_stm32f40_41xxx.o(RESET)
</UL>
<P><STRONG><a name="[1c]"></a>ADC_IRQHandler</STRONG> (Thumb, 0 bytes, Stack size 0 bytes, startup_stm32f40_41xxx.o(.text))
<BR><BR>[Calls]<UL><LI><a href="#[1c]">&gt;&gt;</a>&nbsp;&nbsp;&nbsp;ADC_IRQHandler
</UL>
<BR>[Called By]<UL><LI><a href="#[1c]">&gt;&gt;</a>&nbsp;&nbsp;&nbsp;ADC_IRQHandler
</UL>
<BR>[Address Reference Count : 1]<UL><LI> startup_stm32f40_41xxx.o(RESET)
</UL>
<P><STRONG><a name="[1e]"></a>CAN1_RX0_IRQHandler</STRONG> (Thumb, 0 bytes, Stack size 0 bytes, startup_stm32f40_41xxx.o(.text))
<BR>[Address Reference Count : 1]<UL><LI> startup_stm32f40_41xxx.o(RESET)
</UL>
<P><STRONG><a name="[1f]"></a>CAN1_RX1_IRQHandler</STRONG> (Thumb, 0 bytes, Stack size 0 bytes, startup_stm32f40_41xxx.o(.text))
<BR>[Address Reference Count : 1]<UL><LI> startup_stm32f40_41xxx.o(RESET)
</UL>
<P><STRONG><a name="[20]"></a>CAN1_SCE_IRQHandler</STRONG> (Thumb, 0 bytes, Stack size 0 bytes, startup_stm32f40_41xxx.o(.text))
<BR>[Address Reference Count : 1]<UL><LI> startup_stm32f40_41xxx.o(RESET)
</UL>
<P><STRONG><a name="[1d]"></a>CAN1_TX_IRQHandler</STRONG> (Thumb, 0 bytes, Stack size 0 bytes, startup_stm32f40_41xxx.o(.text))
<BR>[Address Reference Count : 1]<UL><LI> startup_stm32f40_41xxx.o(RESET)
</UL>
<P><STRONG><a name="[4a]"></a>CAN2_RX0_IRQHandler</STRONG> (Thumb, 0 bytes, Stack size 0 bytes, startup_stm32f40_41xxx.o(.text))
<BR>[Address Reference Count : 1]<UL><LI> startup_stm32f40_41xxx.o(RESET)
</UL>
<P><STRONG><a name="[4b]"></a>CAN2_RX1_IRQHandler</STRONG> (Thumb, 0 bytes, Stack size 0 bytes, startup_stm32f40_41xxx.o(.text))
<BR>[Address Reference Count : 1]<UL><LI> startup_stm32f40_41xxx.o(RESET)
</UL>
<P><STRONG><a name="[4c]"></a>CAN2_SCE_IRQHandler</STRONG> (Thumb, 0 bytes, Stack size 0 bytes, startup_stm32f40_41xxx.o(.text))
<BR>[Address Reference Count : 1]<UL><LI> startup_stm32f40_41xxx.o(RESET)
</UL>
<P><STRONG><a name="[49]"></a>CAN2_TX_IRQHandler</STRONG> (Thumb, 0 bytes, Stack size 0 bytes, startup_stm32f40_41xxx.o(.text))
<BR>[Address Reference Count : 1]<UL><LI> startup_stm32f40_41xxx.o(RESET)
</UL>
<P><STRONG><a name="[59]"></a>CRYP_IRQHandler</STRONG> (Thumb, 0 bytes, Stack size 0 bytes, startup_stm32f40_41xxx.o(.text))
<BR>[Address Reference Count : 1]<UL><LI> startup_stm32f40_41xxx.o(RESET)
</UL>
<P><STRONG><a name="[58]"></a>DCMI_IRQHandler</STRONG> (Thumb, 0 bytes, Stack size 0 bytes, startup_stm32f40_41xxx.o(.text))
<BR>[Address Reference Count : 1]<UL><LI> startup_stm32f40_41xxx.o(RESET)
</UL>
<P><STRONG><a name="[15]"></a>DMA1_Stream0_IRQHandler</STRONG> (Thumb, 0 bytes, Stack size 0 bytes, startup_stm32f40_41xxx.o(.text))
<BR>[Address Reference Count : 1]<UL><LI> startup_stm32f40_41xxx.o(RESET)
</UL>
<P><STRONG><a name="[16]"></a>DMA1_Stream1_IRQHandler</STRONG> (Thumb, 0 bytes, Stack size 0 bytes, startup_stm32f40_41xxx.o(.text))
<BR>[Address Reference Count : 1]<UL><LI> startup_stm32f40_41xxx.o(RESET)
</UL>
<P><STRONG><a name="[17]"></a>DMA1_Stream2_IRQHandler</STRONG> (Thumb, 0 bytes, Stack size 0 bytes, startup_stm32f40_41xxx.o(.text))
<BR>[Address Reference Count : 1]<UL><LI> startup_stm32f40_41xxx.o(RESET)
</UL>
<P><STRONG><a name="[18]"></a>DMA1_Stream3_IRQHandler</STRONG> (Thumb, 0 bytes, Stack size 0 bytes, startup_stm32f40_41xxx.o(.text))
<BR>[Address Reference Count : 1]<UL><LI> startup_stm32f40_41xxx.o(RESET)
</UL>
<P><STRONG><a name="[19]"></a>DMA1_Stream4_IRQHandler</STRONG> (Thumb, 0 bytes, Stack size 0 bytes, startup_stm32f40_41xxx.o(.text))
<BR>[Address Reference Count : 1]<UL><LI> startup_stm32f40_41xxx.o(RESET)
</UL>
<P><STRONG><a name="[1a]"></a>DMA1_Stream5_IRQHandler</STRONG> (Thumb, 0 bytes, Stack size 0 bytes, startup_stm32f40_41xxx.o(.text))
<BR>[Address Reference Count : 1]<UL><LI> startup_stm32f40_41xxx.o(RESET)
</UL>
<P><STRONG><a name="[1b]"></a>DMA1_Stream6_IRQHandler</STRONG> (Thumb, 0 bytes, Stack size 0 bytes, startup_stm32f40_41xxx.o(.text))
<BR>[Address Reference Count : 1]<UL><LI> startup_stm32f40_41xxx.o(RESET)
</UL>
<P><STRONG><a name="[39]"></a>DMA1_Stream7_IRQHandler</STRONG> (Thumb, 0 bytes, Stack size 0 bytes, startup_stm32f40_41xxx.o(.text))
<BR>[Address Reference Count : 1]<UL><LI> startup_stm32f40_41xxx.o(RESET)
</UL>
<P><STRONG><a name="[42]"></a>DMA2_Stream0_IRQHandler</STRONG> (Thumb, 0 bytes, Stack size 0 bytes, startup_stm32f40_41xxx.o(.text))
<BR>[Address Reference Count : 1]<UL><LI> startup_stm32f40_41xxx.o(RESET)
</UL>
<P><STRONG><a name="[43]"></a>DMA2_Stream1_IRQHandler</STRONG> (Thumb, 0 bytes, Stack size 0 bytes, startup_stm32f40_41xxx.o(.text))
<BR>[Address Reference Count : 1]<UL><LI> startup_stm32f40_41xxx.o(RESET)
</UL>
<P><STRONG><a name="[44]"></a>DMA2_Stream2_IRQHandler</STRONG> (Thumb, 0 bytes, Stack size 0 bytes, startup_stm32f40_41xxx.o(.text))
<BR>[Address Reference Count : 1]<UL><LI> startup_stm32f40_41xxx.o(RESET)
</UL>
<P><STRONG><a name="[45]"></a>DMA2_Stream3_IRQHandler</STRONG> (Thumb, 0 bytes, Stack size 0 bytes, startup_stm32f40_41xxx.o(.text))
<BR>[Address Reference Count : 1]<UL><LI> startup_stm32f40_41xxx.o(RESET)
</UL>
<P><STRONG><a name="[46]"></a>DMA2_Stream4_IRQHandler</STRONG> (Thumb, 0 bytes, Stack size 0 bytes, startup_stm32f40_41xxx.o(.text))
<BR>[Address Reference Count : 1]<UL><LI> startup_stm32f40_41xxx.o(RESET)
</UL>
<P><STRONG><a name="[4e]"></a>DMA2_Stream5_IRQHandler</STRONG> (Thumb, 0 bytes, Stack size 0 bytes, startup_stm32f40_41xxx.o(.text))
<BR>[Address Reference Count : 1]<UL><LI> startup_stm32f40_41xxx.o(RESET)
</UL>
<P><STRONG><a name="[4f]"></a>DMA2_Stream6_IRQHandler</STRONG> (Thumb, 0 bytes, Stack size 0 bytes, startup_stm32f40_41xxx.o(.text))
<BR>[Address Reference Count : 1]<UL><LI> startup_stm32f40_41xxx.o(RESET)
</UL>
<P><STRONG><a name="[50]"></a>DMA2_Stream7_IRQHandler</STRONG> (Thumb, 0 bytes, Stack size 0 bytes, startup_stm32f40_41xxx.o(.text))
<BR>[Address Reference Count : 1]<UL><LI> startup_stm32f40_41xxx.o(RESET)
</UL>
<P><STRONG><a name="[47]"></a>ETH_IRQHandler</STRONG> (Thumb, 0 bytes, Stack size 0 bytes, startup_stm32f40_41xxx.o(.text))
<BR>[Address Reference Count : 1]<UL><LI> startup_stm32f40_41xxx.o(RESET)
</UL>
<P><STRONG><a name="[48]"></a>ETH_WKUP_IRQHandler</STRONG> (Thumb, 0 bytes, Stack size 0 bytes, startup_stm32f40_41xxx.o(.text))
<BR>[Address Reference Count : 1]<UL><LI> startup_stm32f40_41xxx.o(RESET)
</UL>
<P><STRONG><a name="[10]"></a>EXTI0_IRQHandler</STRONG> (Thumb, 0 bytes, Stack size 0 bytes, startup_stm32f40_41xxx.o(.text))
<BR>[Address Reference Count : 1]<UL><LI> startup_stm32f40_41xxx.o(RESET)
</UL>
<P><STRONG><a name="[32]"></a>EXTI15_10_IRQHandler</STRONG> (Thumb, 0 bytes, Stack size 0 bytes, startup_stm32f40_41xxx.o(.text))
<BR>[Address Reference Count : 1]<UL><LI> startup_stm32f40_41xxx.o(RESET)
</UL>
<P><STRONG><a name="[11]"></a>EXTI1_IRQHandler</STRONG> (Thumb, 0 bytes, Stack size 0 bytes, startup_stm32f40_41xxx.o(.text))
<BR>[Address Reference Count : 1]<UL><LI> startup_stm32f40_41xxx.o(RESET)
</UL>
<P><STRONG><a name="[12]"></a>EXTI2_IRQHandler</STRONG> (Thumb, 0 bytes, Stack size 0 bytes, startup_stm32f40_41xxx.o(.text))
<BR>[Address Reference Count : 1]<UL><LI> startup_stm32f40_41xxx.o(RESET)
</UL>
<P><STRONG><a name="[13]"></a>EXTI3_IRQHandler</STRONG> (Thumb, 0 bytes, Stack size 0 bytes, startup_stm32f40_41xxx.o(.text))
<BR>[Address Reference Count : 1]<UL><LI> startup_stm32f40_41xxx.o(RESET)
</UL>
<P><STRONG><a name="[14]"></a>EXTI4_IRQHandler</STRONG> (Thumb, 0 bytes, Stack size 0 bytes, startup_stm32f40_41xxx.o(.text))
<BR>[Address Reference Count : 1]<UL><LI> startup_stm32f40_41xxx.o(RESET)
</UL>
<P><STRONG><a name="[21]"></a>EXTI9_5_IRQHandler</STRONG> (Thumb, 0 bytes, Stack size 0 bytes, startup_stm32f40_41xxx.o(.text))
<BR>[Address Reference Count : 1]<UL><LI> startup_stm32f40_41xxx.o(RESET)
</UL>
<P><STRONG><a name="[e]"></a>FLASH_IRQHandler</STRONG> (Thumb, 0 bytes, Stack size 0 bytes, startup_stm32f40_41xxx.o(.text))
<BR>[Address Reference Count : 1]<UL><LI> startup_stm32f40_41xxx.o(RESET)
</UL>
<P><STRONG><a name="[5b]"></a>FPU_IRQHandler</STRONG> (Thumb, 0 bytes, Stack size 0 bytes, startup_stm32f40_41xxx.o(.text))
<BR>[Address Reference Count : 1]<UL><LI> startup_stm32f40_41xxx.o(RESET)
</UL>
<P><STRONG><a name="[3a]"></a>FSMC_IRQHandler</STRONG> (Thumb, 0 bytes, Stack size 0 bytes, startup_stm32f40_41xxx.o(.text))
<BR>[Address Reference Count : 1]<UL><LI> startup_stm32f40_41xxx.o(RESET)
</UL>
<P><STRONG><a name="[5a]"></a>HASH_RNG_IRQHandler</STRONG> (Thumb, 0 bytes, Stack size 0 bytes, startup_stm32f40_41xxx.o(.text))
<BR>[Address Reference Count : 1]<UL><LI> startup_stm32f40_41xxx.o(RESET)
</UL>
<P><STRONG><a name="[2a]"></a>I2C1_ER_IRQHandler</STRONG> (Thumb, 0 bytes, Stack size 0 bytes, startup_stm32f40_41xxx.o(.text))
<BR>[Address Reference Count : 1]<UL><LI> startup_stm32f40_41xxx.o(RESET)
</UL>
<P><STRONG><a name="[29]"></a>I2C1_EV_IRQHandler</STRONG> (Thumb, 0 bytes, Stack size 0 bytes, startup_stm32f40_41xxx.o(.text))
<BR>[Address Reference Count : 1]<UL><LI> startup_stm32f40_41xxx.o(RESET)
</UL>
<P><STRONG><a name="[2c]"></a>I2C2_ER_IRQHandler</STRONG> (Thumb, 0 bytes, Stack size 0 bytes, startup_stm32f40_41xxx.o(.text))
<BR>[Address Reference Count : 1]<UL><LI> startup_stm32f40_41xxx.o(RESET)
</UL>
<P><STRONG><a name="[2b]"></a>I2C2_EV_IRQHandler</STRONG> (Thumb, 0 bytes, Stack size 0 bytes, startup_stm32f40_41xxx.o(.text))
<BR>[Address Reference Count : 1]<UL><LI> startup_stm32f40_41xxx.o(RESET)
</UL>
<P><STRONG><a name="[53]"></a>I2C3_ER_IRQHandler</STRONG> (Thumb, 0 bytes, Stack size 0 bytes, startup_stm32f40_41xxx.o(.text))
<BR>[Address Reference Count : 1]<UL><LI> startup_stm32f40_41xxx.o(RESET)
</UL>
<P><STRONG><a name="[52]"></a>I2C3_EV_IRQHandler</STRONG> (Thumb, 0 bytes, Stack size 0 bytes, startup_stm32f40_41xxx.o(.text))
<BR>[Address Reference Count : 1]<UL><LI> startup_stm32f40_41xxx.o(RESET)
</UL>
<P><STRONG><a name="[4d]"></a>OTG_FS_IRQHandler</STRONG> (Thumb, 0 bytes, Stack size 0 bytes, startup_stm32f40_41xxx.o(.text))
<BR>[Address Reference Count : 1]<UL><LI> startup_stm32f40_41xxx.o(RESET)
</UL>
<P><STRONG><a name="[34]"></a>OTG_FS_WKUP_IRQHandler</STRONG> (Thumb, 0 bytes, Stack size 0 bytes, startup_stm32f40_41xxx.o(.text))
<BR>[Address Reference Count : 1]<UL><LI> startup_stm32f40_41xxx.o(RESET)
</UL>
<P><STRONG><a name="[55]"></a>OTG_HS_EP1_IN_IRQHandler</STRONG> (Thumb, 0 bytes, Stack size 0 bytes, startup_stm32f40_41xxx.o(.text))
<BR>[Address Reference Count : 1]<UL><LI> startup_stm32f40_41xxx.o(RESET)
</UL>
<P><STRONG><a name="[54]"></a>OTG_HS_EP1_OUT_IRQHandler</STRONG> (Thumb, 0 bytes, Stack size 0 bytes, startup_stm32f40_41xxx.o(.text))
<BR>[Address Reference Count : 1]<UL><LI> startup_stm32f40_41xxx.o(RESET)
</UL>
<P><STRONG><a name="[57]"></a>OTG_HS_IRQHandler</STRONG> (Thumb, 0 bytes, Stack size 0 bytes, startup_stm32f40_41xxx.o(.text))
<BR>[Address Reference Count : 1]<UL><LI> startup_stm32f40_41xxx.o(RESET)
</UL>
<P><STRONG><a name="[56]"></a>OTG_HS_WKUP_IRQHandler</STRONG> (Thumb, 0 bytes, Stack size 0 bytes, startup_stm32f40_41xxx.o(.text))
<BR>[Address Reference Count : 1]<UL><LI> startup_stm32f40_41xxx.o(RESET)
</UL>
<P><STRONG><a name="[b]"></a>PVD_IRQHandler</STRONG> (Thumb, 0 bytes, Stack size 0 bytes, startup_stm32f40_41xxx.o(.text))
<BR>[Address Reference Count : 1]<UL><LI> startup_stm32f40_41xxx.o(RESET)
</UL>
<P><STRONG><a name="[f]"></a>RCC_IRQHandler</STRONG> (Thumb, 0 bytes, Stack size 0 bytes, startup_stm32f40_41xxx.o(.text))
<BR>[Address Reference Count : 1]<UL><LI> startup_stm32f40_41xxx.o(RESET)
</UL>
<P><STRONG><a name="[33]"></a>RTC_Alarm_IRQHandler</STRONG> (Thumb, 0 bytes, Stack size 0 bytes, startup_stm32f40_41xxx.o(.text))
<BR>[Address Reference Count : 1]<UL><LI> startup_stm32f40_41xxx.o(RESET)
</UL>
<P><STRONG><a name="[d]"></a>RTC_WKUP_IRQHandler</STRONG> (Thumb, 0 bytes, Stack size 0 bytes, startup_stm32f40_41xxx.o(.text))
<BR>[Address Reference Count : 1]<UL><LI> startup_stm32f40_41xxx.o(RESET)
</UL>
<P><STRONG><a name="[3b]"></a>SDIO_IRQHandler</STRONG> (Thumb, 0 bytes, Stack size 0 bytes, startup_stm32f40_41xxx.o(.text))
<BR>[Address Reference Count : 1]<UL><LI> startup_stm32f40_41xxx.o(RESET)
</UL>
<P><STRONG><a name="[2d]"></a>SPI1_IRQHandler</STRONG> (Thumb, 0 bytes, Stack size 0 bytes, startup_stm32f40_41xxx.o(.text))
<BR>[Address Reference Count : 1]<UL><LI> startup_stm32f40_41xxx.o(RESET)
</UL>
<P><STRONG><a name="[2e]"></a>SPI2_IRQHandler</STRONG> (Thumb, 0 bytes, Stack size 0 bytes, startup_stm32f40_41xxx.o(.text))
<BR>[Address Reference Count : 1]<UL><LI> startup_stm32f40_41xxx.o(RESET)
</UL>
<P><STRONG><a name="[3d]"></a>SPI3_IRQHandler</STRONG> (Thumb, 0 bytes, Stack size 0 bytes, startup_stm32f40_41xxx.o(.text))
<BR>[Address Reference Count : 1]<UL><LI> startup_stm32f40_41xxx.o(RESET)
</UL>
<P><STRONG><a name="[c]"></a>TAMP_STAMP_IRQHandler</STRONG> (Thumb, 0 bytes, Stack size 0 bytes, startup_stm32f40_41xxx.o(.text))
<BR>[Address Reference Count : 1]<UL><LI> startup_stm32f40_41xxx.o(RESET)
</UL>
<P><STRONG><a name="[22]"></a>TIM1_BRK_TIM9_IRQHandler</STRONG> (Thumb, 0 bytes, Stack size 0 bytes, startup_stm32f40_41xxx.o(.text))
<BR>[Address Reference Count : 1]<UL><LI> startup_stm32f40_41xxx.o(RESET)
</UL>
<P><STRONG><a name="[25]"></a>TIM1_CC_IRQHandler</STRONG> (Thumb, 0 bytes, Stack size 0 bytes, startup_stm32f40_41xxx.o(.text))
<BR>[Address Reference Count : 1]<UL><LI> startup_stm32f40_41xxx.o(RESET)
</UL>
<P><STRONG><a name="[24]"></a>TIM1_TRG_COM_TIM11_IRQHandler</STRONG> (Thumb, 0 bytes, Stack size 0 bytes, startup_stm32f40_41xxx.o(.text))
<BR>[Address Reference Count : 1]<UL><LI> startup_stm32f40_41xxx.o(RESET)
</UL>
<P><STRONG><a name="[23]"></a>TIM1_UP_TIM10_IRQHandler</STRONG> (Thumb, 0 bytes, Stack size 0 bytes, startup_stm32f40_41xxx.o(.text))
<BR>[Address Reference Count : 1]<UL><LI> startup_stm32f40_41xxx.o(RESET)
</UL>
<P><STRONG><a name="[26]"></a>TIM2_IRQHandler</STRONG> (Thumb, 0 bytes, Stack size 0 bytes, startup_stm32f40_41xxx.o(.text))
<BR>[Address Reference Count : 1]<UL><LI> startup_stm32f40_41xxx.o(RESET)
</UL>
<P><STRONG><a name="[27]"></a>TIM3_IRQHandler</STRONG> (Thumb, 0 bytes, Stack size 0 bytes, startup_stm32f40_41xxx.o(.text))
<BR>[Address Reference Count : 1]<UL><LI> startup_stm32f40_41xxx.o(RESET)
</UL>
<P><STRONG><a name="[28]"></a>TIM4_IRQHandler</STRONG> (Thumb, 0 bytes, Stack size 0 bytes, startup_stm32f40_41xxx.o(.text))
<BR>[Address Reference Count : 1]<UL><LI> startup_stm32f40_41xxx.o(RESET)
</UL>
<P><STRONG><a name="[3c]"></a>TIM5_IRQHandler</STRONG> (Thumb, 0 bytes, Stack size 0 bytes, startup_stm32f40_41xxx.o(.text))
<BR>[Address Reference Count : 1]<UL><LI> startup_stm32f40_41xxx.o(RESET)
</UL>
<P><STRONG><a name="[40]"></a>TIM6_DAC_IRQHandler</STRONG> (Thumb, 0 bytes, Stack size 0 bytes, startup_stm32f40_41xxx.o(.text))
<BR>[Address Reference Count : 1]<UL><LI> startup_stm32f40_41xxx.o(RESET)
</UL>
<P><STRONG><a name="[41]"></a>TIM7_IRQHandler</STRONG> (Thumb, 0 bytes, Stack size 0 bytes, startup_stm32f40_41xxx.o(.text))
<BR>[Address Reference Count : 1]<UL><LI> startup_stm32f40_41xxx.o(RESET)
</UL>
<P><STRONG><a name="[35]"></a>TIM8_BRK_TIM12_IRQHandler</STRONG> (Thumb, 0 bytes, Stack size 0 bytes, startup_stm32f40_41xxx.o(.text))
<BR>[Address Reference Count : 1]<UL><LI> startup_stm32f40_41xxx.o(RESET)
</UL>
<P><STRONG><a name="[38]"></a>TIM8_CC_IRQHandler</STRONG> (Thumb, 0 bytes, Stack size 0 bytes, startup_stm32f40_41xxx.o(.text))
<BR>[Address Reference Count : 1]<UL><LI> startup_stm32f40_41xxx.o(RESET)
</UL>
<P><STRONG><a name="[37]"></a>TIM8_TRG_COM_TIM14_IRQHandler</STRONG> (Thumb, 0 bytes, Stack size 0 bytes, startup_stm32f40_41xxx.o(.text))
<BR>[Address Reference Count : 1]<UL><LI> startup_stm32f40_41xxx.o(RESET)
</UL>
<P><STRONG><a name="[36]"></a>TIM8_UP_TIM13_IRQHandler</STRONG> (Thumb, 0 bytes, Stack size 0 bytes, startup_stm32f40_41xxx.o(.text))
<BR>[Address Reference Count : 1]<UL><LI> startup_stm32f40_41xxx.o(RESET)
</UL>
<P><STRONG><a name="[3e]"></a>UART4_IRQHandler</STRONG> (Thumb, 0 bytes, Stack size 0 bytes, startup_stm32f40_41xxx.o(.text))
<BR>[Address Reference Count : 1]<UL><LI> startup_stm32f40_41xxx.o(RESET)
</UL>
<P><STRONG><a name="[3f]"></a>UART5_IRQHandler</STRONG> (Thumb, 0 bytes, Stack size 0 bytes, startup_stm32f40_41xxx.o(.text))
<BR>[Address Reference Count : 1]<UL><LI> startup_stm32f40_41xxx.o(RESET)
</UL>
<P><STRONG><a name="[2f]"></a>USART1_IRQHandler</STRONG> (Thumb, 0 bytes, Stack size 0 bytes, startup_stm32f40_41xxx.o(.text))
<BR>[Address Reference Count : 1]<UL><LI> startup_stm32f40_41xxx.o(RESET)
</UL>
<P><STRONG><a name="[30]"></a>USART2_IRQHandler</STRONG> (Thumb, 0 bytes, Stack size 0 bytes, startup_stm32f40_41xxx.o(.text))
<BR>[Address Reference Count : 1]<UL><LI> startup_stm32f40_41xxx.o(RESET)
</UL>
<P><STRONG><a name="[31]"></a>USART3_IRQHandler</STRONG> (Thumb, 0 bytes, Stack size 0 bytes, startup_stm32f40_41xxx.o(.text))
<BR>[Address Reference Count : 1]<UL><LI> startup_stm32f40_41xxx.o(RESET)
</UL>
<P><STRONG><a name="[51]"></a>USART6_IRQHandler</STRONG> (Thumb, 0 bytes, Stack size 0 bytes, startup_stm32f40_41xxx.o(.text))
<BR>[Address Reference Count : 1]<UL><LI> startup_stm32f40_41xxx.o(RESET)
</UL>
<P><STRONG><a name="[a]"></a>WWDG_IRQHandler</STRONG> (Thumb, 0 bytes, Stack size 0 bytes, startup_stm32f40_41xxx.o(.text))
<BR>[Address Reference Count : 1]<UL><LI> startup_stm32f40_41xxx.o(RESET)
</UL>
<P><STRONG><a name="[5d]"></a>SystemInit</STRONG> (Thumb, 88 bytes, Stack size 8 bytes, system_stm32f4xx.o(.text))
<BR><BR>[Stack]<UL><LI>Max Depth = 20<LI>Call Chain = SystemInit &rArr; SetSysClock
</UL>
<BR>[Calls]<UL><LI><a href="#[65]">&gt;&gt;</a>&nbsp;&nbsp;&nbsp;SetSysClock
</UL>
<BR>[Address Reference Count : 1]<UL><LI> startup_stm32f40_41xxx.o(.text)
</UL>
<P><STRONG><a name="[145]"></a>SystemCoreClockUpdate</STRONG> (Thumb, 174 bytes, Stack size 16 bytes, system_stm32f4xx.o(.text), UNUSED)

<P><STRONG><a name="[13a]"></a>NVIC_PriorityGroupConfig</STRONG> (Thumb, 10 bytes, Stack size 0 bytes, misc.o(.text))
<BR><BR>[Called By]<UL><LI><a href="#[62]">&gt;&gt;</a>&nbsp;&nbsp;&nbsp;Test_Task
</UL>

<P><STRONG><a name="[146]"></a>NVIC_Init</STRONG> (Thumb, 106 bytes, Stack size 16 bytes, misc.o(.text), UNUSED)

<P><STRONG><a name="[147]"></a>NVIC_SetVectorTable</STRONG> (Thumb, 14 bytes, Stack size 0 bytes, misc.o(.text), UNUSED)

<P><STRONG><a name="[148]"></a>NVIC_SystemLPConfig</STRONG> (Thumb, 34 bytes, Stack size 0 bytes, misc.o(.text), UNUSED)

<P><STRONG><a name="[149]"></a>SysTick_CLKSourceConfig</STRONG> (Thumb, 40 bytes, Stack size 0 bytes, misc.o(.text), UNUSED)

<P><STRONG><a name="[66]"></a>GPIO_DeInit</STRONG> (Thumb, 268 bytes, Stack size 8 bytes, stm32f4xx_gpio.o(.text), UNUSED)
<BR><BR>[Calls]<UL><LI><a href="#[67]">&gt;&gt;</a>&nbsp;&nbsp;&nbsp;RCC_AHB1PeriphResetCmd
</UL>

<P><STRONG><a name="[134]"></a>GPIO_Init</STRONG> (Thumb, 144 bytes, Stack size 20 bytes, stm32f4xx_gpio.o(.text))
<BR><BR>[Stack]<UL><LI>Max Depth = 20<LI>Call Chain = GPIO_Init
</UL>
<BR>[Called By]<UL><LI><a href="#[132]">&gt;&gt;</a>&nbsp;&nbsp;&nbsp;Bsp_Led_Gpio_Init
</UL>

<P><STRONG><a name="[14a]"></a>GPIO_StructInit</STRONG> (Thumb, 18 bytes, Stack size 0 bytes, stm32f4xx_gpio.o(.text), UNUSED)

<P><STRONG><a name="[14b]"></a>GPIO_PinLockConfig</STRONG> (Thumb, 34 bytes, Stack size 8 bytes, stm32f4xx_gpio.o(.text), UNUSED)

<P><STRONG><a name="[14c]"></a>GPIO_ReadInputDataBit</STRONG> (Thumb, 18 bytes, Stack size 0 bytes, stm32f4xx_gpio.o(.text), UNUSED)

<P><STRONG><a name="[14d]"></a>GPIO_ReadInputData</STRONG> (Thumb, 8 bytes, Stack size 0 bytes, stm32f4xx_gpio.o(.text), UNUSED)

<P><STRONG><a name="[14e]"></a>GPIO_ReadOutputDataBit</STRONG> (Thumb, 18 bytes, Stack size 0 bytes, stm32f4xx_gpio.o(.text), UNUSED)

<P><STRONG><a name="[14f]"></a>GPIO_ReadOutputData</STRONG> (Thumb, 8 bytes, Stack size 0 bytes, stm32f4xx_gpio.o(.text), UNUSED)

<P><STRONG><a name="[136]"></a>GPIO_SetBits</STRONG> (Thumb, 4 bytes, Stack size 0 bytes, stm32f4xx_gpio.o(.text))
<BR><BR>[Called By]<UL><LI><a href="#[135]">&gt;&gt;</a>&nbsp;&nbsp;&nbsp;Led_On
</UL>

<P><STRONG><a name="[138]"></a>GPIO_ResetBits</STRONG> (Thumb, 4 bytes, Stack size 0 bytes, stm32f4xx_gpio.o(.text))
<BR><BR>[Called By]<UL><LI><a href="#[137]">&gt;&gt;</a>&nbsp;&nbsp;&nbsp;Led_Off
</UL>

<P><STRONG><a name="[150]"></a>GPIO_WriteBit</STRONG> (Thumb, 10 bytes, Stack size 0 bytes, stm32f4xx_gpio.o(.text), UNUSED)

<P><STRONG><a name="[151]"></a>GPIO_Write</STRONG> (Thumb, 4 bytes, Stack size 0 bytes, stm32f4xx_gpio.o(.text), UNUSED)

<P><STRONG><a name="[152]"></a>GPIO_ToggleBits</STRONG> (Thumb, 8 bytes, Stack size 0 bytes, stm32f4xx_gpio.o(.text), UNUSED)

<P><STRONG><a name="[153]"></a>GPIO_PinAFConfig</STRONG> (Thumb, 70 bytes, Stack size 20 bytes, stm32f4xx_gpio.o(.text), UNUSED)

<P><STRONG><a name="[154]"></a>RCC_DeInit</STRONG> (Thumb, 82 bytes, Stack size 0 bytes, stm32f4xx_rcc.o(.text), UNUSED)

<P><STRONG><a name="[155]"></a>RCC_HSEConfig</STRONG> (Thumb, 14 bytes, Stack size 0 bytes, stm32f4xx_rcc.o(.text), UNUSED)

<P><STRONG><a name="[69]"></a>RCC_GetFlagStatus</STRONG> (Thumb, 60 bytes, Stack size 8 bytes, stm32f4xx_rcc.o(.text), UNUSED)
<BR><BR>[Called By]<UL><LI><a href="#[68]">&gt;&gt;</a>&nbsp;&nbsp;&nbsp;RCC_WaitForHSEStartUp
</UL>

<P><STRONG><a name="[68]"></a>RCC_WaitForHSEStartUp</STRONG> (Thumb, 56 bytes, Stack size 16 bytes, stm32f4xx_rcc.o(.text), UNUSED)
<BR><BR>[Calls]<UL><LI><a href="#[69]">&gt;&gt;</a>&nbsp;&nbsp;&nbsp;RCC_GetFlagStatus
</UL>

<P><STRONG><a name="[156]"></a>RCC_AdjustHSICalibrationValue</STRONG> (Thumb, 20 bytes, Stack size 0 bytes, stm32f4xx_rcc.o(.text), UNUSED)

<P><STRONG><a name="[157]"></a>RCC_HSICmd</STRONG> (Thumb, 6 bytes, Stack size 0 bytes, stm32f4xx_rcc.o(.text), UNUSED)

<P><STRONG><a name="[158]"></a>RCC_LSEConfig</STRONG> (Thumb, 46 bytes, Stack size 0 bytes, stm32f4xx_rcc.o(.text), UNUSED)

<P><STRONG><a name="[159]"></a>RCC_LSICmd</STRONG> (Thumb, 6 bytes, Stack size 0 bytes, stm32f4xx_rcc.o(.text), UNUSED)

<P><STRONG><a name="[15a]"></a>RCC_PLLConfig</STRONG> (Thumb, 32 bytes, Stack size 16 bytes, stm32f4xx_rcc.o(.text), UNUSED)

<P><STRONG><a name="[15b]"></a>RCC_PLLCmd</STRONG> (Thumb, 6 bytes, Stack size 0 bytes, stm32f4xx_rcc.o(.text), UNUSED)

<P><STRONG><a name="[15c]"></a>RCC_PLLI2SConfig</STRONG> (Thumb, 14 bytes, Stack size 0 bytes, stm32f4xx_rcc.o(.text), UNUSED)

<P><STRONG><a name="[15d]"></a>RCC_PLLI2SCmd</STRONG> (Thumb, 6 bytes, Stack size 0 bytes, stm32f4xx_rcc.o(.text), UNUSED)

<P><STRONG><a name="[15e]"></a>RCC_PLLSAIConfig</STRONG> (Thumb, 20 bytes, Stack size 8 bytes, stm32f4xx_rcc.o(.text), UNUSED)

<P><STRONG><a name="[15f]"></a>RCC_PLLSAICmd</STRONG> (Thumb, 6 bytes, Stack size 0 bytes, stm32f4xx_rcc.o(.text), UNUSED)

<P><STRONG><a name="[160]"></a>RCC_ClockSecuritySystemCmd</STRONG> (Thumb, 6 bytes, Stack size 0 bytes, stm32f4xx_rcc.o(.text), UNUSED)

<P><STRONG><a name="[161]"></a>RCC_MCO1Config</STRONG> (Thumb, 28 bytes, Stack size 0 bytes, stm32f4xx_rcc.o(.text), UNUSED)

<P><STRONG><a name="[162]"></a>RCC_MCO2Config</STRONG> (Thumb, 28 bytes, Stack size 0 bytes, stm32f4xx_rcc.o(.text), UNUSED)

<P><STRONG><a name="[163]"></a>RCC_SYSCLKConfig</STRONG> (Thumb, 20 bytes, Stack size 0 bytes, stm32f4xx_rcc.o(.text), UNUSED)

<P><STRONG><a name="[164]"></a>RCC_GetSYSCLKSource</STRONG> (Thumb, 12 bytes, Stack size 0 bytes, stm32f4xx_rcc.o(.text), UNUSED)

<P><STRONG><a name="[165]"></a>RCC_HCLKConfig</STRONG> (Thumb, 20 bytes, Stack size 0 bytes, stm32f4xx_rcc.o(.text), UNUSED)

<P><STRONG><a name="[166]"></a>RCC_PCLK1Config</STRONG> (Thumb, 20 bytes, Stack size 0 bytes, stm32f4xx_rcc.o(.text), UNUSED)

<P><STRONG><a name="[167]"></a>RCC_PCLK2Config</STRONG> (Thumb, 22 bytes, Stack size 0 bytes, stm32f4xx_rcc.o(.text), UNUSED)

<P><STRONG><a name="[12b]"></a>RCC_GetClocksFreq</STRONG> (Thumb, 222 bytes, Stack size 20 bytes, stm32f4xx_rcc.o(.text))
<BR><BR>[Stack]<UL><LI>Max Depth = 20<LI>Call Chain = RCC_GetClocksFreq
</UL>
<BR>[Called By]<UL><LI><a href="#[12a]">&gt;&gt;</a>&nbsp;&nbsp;&nbsp;BSP_CPU_ClkFreq
</UL>

<P><STRONG><a name="[168]"></a>RCC_RTCCLKConfig</STRONG> (Thumb, 54 bytes, Stack size 0 bytes, stm32f4xx_rcc.o(.text), UNUSED)

<P><STRONG><a name="[169]"></a>RCC_RTCCLKCmd</STRONG> (Thumb, 8 bytes, Stack size 0 bytes, stm32f4xx_rcc.o(.text), UNUSED)

<P><STRONG><a name="[16a]"></a>RCC_BackupResetCmd</STRONG> (Thumb, 8 bytes, Stack size 0 bytes, stm32f4xx_rcc.o(.text), UNUSED)

<P><STRONG><a name="[16b]"></a>RCC_I2SCLKConfig</STRONG> (Thumb, 6 bytes, Stack size 0 bytes, stm32f4xx_rcc.o(.text), UNUSED)

<P><STRONG><a name="[16c]"></a>RCC_SAIPLLI2SClkDivConfig</STRONG> (Thumb, 26 bytes, Stack size 0 bytes, stm32f4xx_rcc.o(.text), UNUSED)

<P><STRONG><a name="[16d]"></a>RCC_SAIPLLSAIClkDivConfig</STRONG> (Thumb, 28 bytes, Stack size 0 bytes, stm32f4xx_rcc.o(.text), UNUSED)

<P><STRONG><a name="[16e]"></a>RCC_SAIBlockACLKConfig</STRONG> (Thumb, 20 bytes, Stack size 0 bytes, stm32f4xx_rcc.o(.text), UNUSED)

<P><STRONG><a name="[16f]"></a>RCC_SAIBlockBCLKConfig</STRONG> (Thumb, 20 bytes, Stack size 0 bytes, stm32f4xx_rcc.o(.text), UNUSED)

<P><STRONG><a name="[170]"></a>RCC_LTDCCLKDivConfig</STRONG> (Thumb, 20 bytes, Stack size 0 bytes, stm32f4xx_rcc.o(.text), UNUSED)

<P><STRONG><a name="[171]"></a>RCC_TIMCLKPresConfig</STRONG> (Thumb, 6 bytes, Stack size 0 bytes, stm32f4xx_rcc.o(.text), UNUSED)

<P><STRONG><a name="[133]"></a>RCC_AHB1PeriphClockCmd</STRONG> (Thumb, 34 bytes, Stack size 0 bytes, stm32f4xx_rcc.o(.text))
<BR><BR>[Called By]<UL><LI><a href="#[132]">&gt;&gt;</a>&nbsp;&nbsp;&nbsp;Bsp_Led_Gpio_Init
</UL>

<P><STRONG><a name="[172]"></a>RCC_AHB2PeriphClockCmd</STRONG> (Thumb, 78 bytes, Stack size 0 bytes, stm32f4xx_rcc.o(.text), UNUSED)

<P><STRONG><a name="[173]"></a>RCC_AHB3PeriphClockCmd</STRONG> (Thumb, 34 bytes, Stack size 0 bytes, stm32f4xx_rcc.o(.text), UNUSED)

<P><STRONG><a name="[174]"></a>RCC_APB1PeriphClockCmd</STRONG> (Thumb, 34 bytes, Stack size 0 bytes, stm32f4xx_rcc.o(.text), UNUSED)

<P><STRONG><a name="[175]"></a>RCC_APB2PeriphClockCmd</STRONG> (Thumb, 34 bytes, Stack size 0 bytes, stm32f4xx_rcc.o(.text), UNUSED)

<P><STRONG><a name="[67]"></a>RCC_AHB1PeriphResetCmd</STRONG> (Thumb, 34 bytes, Stack size 0 bytes, stm32f4xx_rcc.o(.text), UNUSED)
<BR><BR>[Called By]<UL><LI><a href="#[66]">&gt;&gt;</a>&nbsp;&nbsp;&nbsp;GPIO_DeInit
</UL>

<P><STRONG><a name="[176]"></a>RCC_AHB2PeriphResetCmd</STRONG> (Thumb, 34 bytes, Stack size 0 bytes, stm32f4xx_rcc.o(.text), UNUSED)

<P><STRONG><a name="[177]"></a>RCC_AHB3PeriphResetCmd</STRONG> (Thumb, 34 bytes, Stack size 0 bytes, stm32f4xx_rcc.o(.text), UNUSED)

<P><STRONG><a name="[178]"></a>RCC_APB1PeriphResetCmd</STRONG> (Thumb, 34 bytes, Stack size 0 bytes, stm32f4xx_rcc.o(.text), UNUSED)

<P><STRONG><a name="[179]"></a>RCC_APB2PeriphResetCmd</STRONG> (Thumb, 34 bytes, Stack size 0 bytes, stm32f4xx_rcc.o(.text), UNUSED)

<P><STRONG><a name="[17a]"></a>RCC_AHB1PeriphClockLPModeCmd</STRONG> (Thumb, 34 bytes, Stack size 0 bytes, stm32f4xx_rcc.o(.text), UNUSED)

<P><STRONG><a name="[17b]"></a>RCC_AHB2PeriphClockLPModeCmd</STRONG> (Thumb, 34 bytes, Stack size 0 bytes, stm32f4xx_rcc.o(.text), UNUSED)

<P><STRONG><a name="[17c]"></a>RCC_AHB3PeriphClockLPModeCmd</STRONG> (Thumb, 34 bytes, Stack size 0 bytes, stm32f4xx_rcc.o(.text), UNUSED)

<P><STRONG><a name="[17d]"></a>RCC_APB1PeriphClockLPModeCmd</STRONG> (Thumb, 34 bytes, Stack size 0 bytes, stm32f4xx_rcc.o(.text), UNUSED)

<P><STRONG><a name="[17e]"></a>RCC_APB2PeriphClockLPModeCmd</STRONG> (Thumb, 34 bytes, Stack size 0 bytes, stm32f4xx_rcc.o(.text), UNUSED)

<P><STRONG><a name="[17f]"></a>RCC_LSEModeConfig</STRONG> (Thumb, 40 bytes, Stack size 0 bytes, stm32f4xx_rcc.o(.text), UNUSED)

<P><STRONG><a name="[180]"></a>RCC_ITConfig</STRONG> (Thumb, 34 bytes, Stack size 0 bytes, stm32f4xx_rcc.o(.text), UNUSED)

<P><STRONG><a name="[181]"></a>RCC_ClearFlag</STRONG> (Thumb, 18 bytes, Stack size 0 bytes, stm32f4xx_rcc.o(.text), UNUSED)

<P><STRONG><a name="[182]"></a>RCC_GetITStatus</STRONG> (Thumb, 22 bytes, Stack size 0 bytes, stm32f4xx_rcc.o(.text), UNUSED)

<P><STRONG><a name="[183]"></a>RCC_ClearITPendingBit</STRONG> (Thumb, 8 bytes, Stack size 0 bytes, stm32f4xx_rcc.o(.text), UNUSED)

<P><STRONG><a name="[184]"></a>CPU_IntDis</STRONG> (Thumb, 0 bytes, Stack size unknown bytes, cpu_a.o(.text), UNUSED)

<P><STRONG><a name="[185]"></a>CPU_IntEn</STRONG> (Thumb, 0 bytes, Stack size unknown bytes, cpu_a.o(.text), UNUSED)

<P><STRONG><a name="[6e]"></a>CPU_SR_Save</STRONG> (Thumb, 0 bytes, Stack size unknown bytes, cpu_a.o(.text), UNUSED)
<BR><BR>[Called By]<UL><LI><a href="#[a7]">&gt;&gt;</a>&nbsp;&nbsp;&nbsp;Mem_DynPoolBlkNbrAvailGet
<LI><a href="#[a6]">&gt;&gt;</a>&nbsp;&nbsp;&nbsp;Mem_DynPoolBlkFree
<LI><a href="#[a5]">&gt;&gt;</a>&nbsp;&nbsp;&nbsp;Mem_DynPoolBlkGet
<LI><a href="#[a1]">&gt;&gt;</a>&nbsp;&nbsp;&nbsp;Mem_PoolBlkGetNbrAvail
<LI><a href="#[a0]">&gt;&gt;</a>&nbsp;&nbsp;&nbsp;Mem_PoolBlkFree
<LI><a href="#[9f]">&gt;&gt;</a>&nbsp;&nbsp;&nbsp;Mem_PoolBlkGet
<LI><a href="#[9c]">&gt;&gt;</a>&nbsp;&nbsp;&nbsp;Mem_PoolCreate
<LI><a href="#[98]">&gt;&gt;</a>&nbsp;&nbsp;&nbsp;Mem_SegClr
<LI><a href="#[96]">&gt;&gt;</a>&nbsp;&nbsp;&nbsp;Mem_SegRemSizeGet
<LI><a href="#[8d]">&gt;&gt;</a>&nbsp;&nbsp;&nbsp;Mem_SegCreate
<LI><a href="#[93]">&gt;&gt;</a>&nbsp;&nbsp;&nbsp;Mem_SegAllocInternal
<LI><a href="#[80]">&gt;&gt;</a>&nbsp;&nbsp;&nbsp;CPU_IntDisMeasMaxGet
<LI><a href="#[7f]">&gt;&gt;</a>&nbsp;&nbsp;&nbsp;CPU_IntDisMeasMaxCurReset
<LI><a href="#[7d]">&gt;&gt;</a>&nbsp;&nbsp;&nbsp;CPU_IntDisMeasMaxCurGet
<LI><a href="#[79]">&gt;&gt;</a>&nbsp;&nbsp;&nbsp;CPU_NameSet
<LI><a href="#[76]">&gt;&gt;</a>&nbsp;&nbsp;&nbsp;CPU_NameGet
<LI><a href="#[6d]">&gt;&gt;</a>&nbsp;&nbsp;&nbsp;CPU_NameClr
<LI><a href="#[72]">&gt;&gt;</a>&nbsp;&nbsp;&nbsp;CPU_IntDisMeasInit
</UL>

<P><STRONG><a name="[70]"></a>CPU_SR_Restore</STRONG> (Thumb, 0 bytes, Stack size unknown bytes, cpu_a.o(.text), UNUSED)
<BR><BR>[Called By]<UL><LI><a href="#[a7]">&gt;&gt;</a>&nbsp;&nbsp;&nbsp;Mem_DynPoolBlkNbrAvailGet
<LI><a href="#[a6]">&gt;&gt;</a>&nbsp;&nbsp;&nbsp;Mem_DynPoolBlkFree
<LI><a href="#[a5]">&gt;&gt;</a>&nbsp;&nbsp;&nbsp;Mem_DynPoolBlkGet
<LI><a href="#[a1]">&gt;&gt;</a>&nbsp;&nbsp;&nbsp;Mem_PoolBlkGetNbrAvail
<LI><a href="#[a0]">&gt;&gt;</a>&nbsp;&nbsp;&nbsp;Mem_PoolBlkFree
<LI><a href="#[9f]">&gt;&gt;</a>&nbsp;&nbsp;&nbsp;Mem_PoolBlkGet
<LI><a href="#[9c]">&gt;&gt;</a>&nbsp;&nbsp;&nbsp;Mem_PoolCreate
<LI><a href="#[98]">&gt;&gt;</a>&nbsp;&nbsp;&nbsp;Mem_SegClr
<LI><a href="#[96]">&gt;&gt;</a>&nbsp;&nbsp;&nbsp;Mem_SegRemSizeGet
<LI><a href="#[8d]">&gt;&gt;</a>&nbsp;&nbsp;&nbsp;Mem_SegCreate
<LI><a href="#[93]">&gt;&gt;</a>&nbsp;&nbsp;&nbsp;Mem_SegAllocInternal
<LI><a href="#[80]">&gt;&gt;</a>&nbsp;&nbsp;&nbsp;CPU_IntDisMeasMaxGet
<LI><a href="#[7f]">&gt;&gt;</a>&nbsp;&nbsp;&nbsp;CPU_IntDisMeasMaxCurReset
<LI><a href="#[7d]">&gt;&gt;</a>&nbsp;&nbsp;&nbsp;CPU_IntDisMeasMaxCurGet
<LI><a href="#[79]">&gt;&gt;</a>&nbsp;&nbsp;&nbsp;CPU_NameSet
<LI><a href="#[76]">&gt;&gt;</a>&nbsp;&nbsp;&nbsp;CPU_NameGet
<LI><a href="#[6d]">&gt;&gt;</a>&nbsp;&nbsp;&nbsp;CPU_NameClr
<LI><a href="#[72]">&gt;&gt;</a>&nbsp;&nbsp;&nbsp;CPU_IntDisMeasInit
</UL>

<P><STRONG><a name="[186]"></a>CPU_WaitForInt</STRONG> (Thumb, 0 bytes, Stack size unknown bytes, cpu_a.o(.text), UNUSED)

<P><STRONG><a name="[187]"></a>CPU_WaitForExcept</STRONG> (Thumb, 0 bytes, Stack size unknown bytes, cpu_a.o(.text), UNUSED)

<P><STRONG><a name="[82]"></a>CPU_CntLeadZeros</STRONG> (Thumb, 0 bytes, Stack size unknown bytes, cpu_a.o(.text), UNUSED)
<BR><BR>[Called By]<UL><LI><a href="#[84]">&gt;&gt;</a>&nbsp;&nbsp;&nbsp;CPU_CntLeadZeros32
<LI><a href="#[83]">&gt;&gt;</a>&nbsp;&nbsp;&nbsp;CPU_CntLeadZeros16
<LI><a href="#[81]">&gt;&gt;</a>&nbsp;&nbsp;&nbsp;CPU_CntLeadZeros08
</UL>

<P><STRONG><a name="[86]"></a>CPU_CntTrailZeros</STRONG> (Thumb, 0 bytes, Stack size unknown bytes, cpu_a.o(.text), UNUSED)
<BR><BR>[Called By]<UL><LI><a href="#[88]">&gt;&gt;</a>&nbsp;&nbsp;&nbsp;CPU_CntTrailZeros32
<LI><a href="#[87]">&gt;&gt;</a>&nbsp;&nbsp;&nbsp;CPU_CntTrailZeros16
<LI><a href="#[85]">&gt;&gt;</a>&nbsp;&nbsp;&nbsp;CPU_CntTrailZeros08
</UL>

<P><STRONG><a name="[188]"></a>CPU_RevBits</STRONG> (Thumb, 0 bytes, Stack size unknown bytes, cpu_a.o(.text), UNUSED)

<P><STRONG><a name="[6a]"></a>CPU_IntDisMeasStop</STRONG> (Thumb, 62 bytes, Stack size 8 bytes, cpu_core.o(.text), UNUSED)
<BR><BR>[Calls]<UL><LI><a href="#[6b]">&gt;&gt;</a>&nbsp;&nbsp;&nbsp;CPU_TS_TmrRd
</UL>
<BR>[Called By]<UL><LI><a href="#[a7]">&gt;&gt;</a>&nbsp;&nbsp;&nbsp;Mem_DynPoolBlkNbrAvailGet
<LI><a href="#[a6]">&gt;&gt;</a>&nbsp;&nbsp;&nbsp;Mem_DynPoolBlkFree
<LI><a href="#[a5]">&gt;&gt;</a>&nbsp;&nbsp;&nbsp;Mem_DynPoolBlkGet
<LI><a href="#[a1]">&gt;&gt;</a>&nbsp;&nbsp;&nbsp;Mem_PoolBlkGetNbrAvail
<LI><a href="#[a0]">&gt;&gt;</a>&nbsp;&nbsp;&nbsp;Mem_PoolBlkFree
<LI><a href="#[9f]">&gt;&gt;</a>&nbsp;&nbsp;&nbsp;Mem_PoolBlkGet
<LI><a href="#[9c]">&gt;&gt;</a>&nbsp;&nbsp;&nbsp;Mem_PoolCreate
<LI><a href="#[98]">&gt;&gt;</a>&nbsp;&nbsp;&nbsp;Mem_SegClr
<LI><a href="#[96]">&gt;&gt;</a>&nbsp;&nbsp;&nbsp;Mem_SegRemSizeGet
<LI><a href="#[8d]">&gt;&gt;</a>&nbsp;&nbsp;&nbsp;Mem_SegCreate
<LI><a href="#[93]">&gt;&gt;</a>&nbsp;&nbsp;&nbsp;Mem_SegAllocInternal
<LI><a href="#[79]">&gt;&gt;</a>&nbsp;&nbsp;&nbsp;CPU_NameSet
<LI><a href="#[76]">&gt;&gt;</a>&nbsp;&nbsp;&nbsp;CPU_NameGet
<LI><a href="#[6d]">&gt;&gt;</a>&nbsp;&nbsp;&nbsp;CPU_NameClr
<LI><a href="#[72]">&gt;&gt;</a>&nbsp;&nbsp;&nbsp;CPU_IntDisMeasInit
</UL>

<P><STRONG><a name="[6c]"></a>CPU_IntDisMeasStart</STRONG> (Thumb, 38 bytes, Stack size 8 bytes, cpu_core.o(.text), UNUSED)
<BR><BR>[Calls]<UL><LI><a href="#[6b]">&gt;&gt;</a>&nbsp;&nbsp;&nbsp;CPU_TS_TmrRd
</UL>
<BR>[Called By]<UL><LI><a href="#[a7]">&gt;&gt;</a>&nbsp;&nbsp;&nbsp;Mem_DynPoolBlkNbrAvailGet
<LI><a href="#[a6]">&gt;&gt;</a>&nbsp;&nbsp;&nbsp;Mem_DynPoolBlkFree
<LI><a href="#[a5]">&gt;&gt;</a>&nbsp;&nbsp;&nbsp;Mem_DynPoolBlkGet
<LI><a href="#[a1]">&gt;&gt;</a>&nbsp;&nbsp;&nbsp;Mem_PoolBlkGetNbrAvail
<LI><a href="#[a0]">&gt;&gt;</a>&nbsp;&nbsp;&nbsp;Mem_PoolBlkFree
<LI><a href="#[9f]">&gt;&gt;</a>&nbsp;&nbsp;&nbsp;Mem_PoolBlkGet
<LI><a href="#[9c]">&gt;&gt;</a>&nbsp;&nbsp;&nbsp;Mem_PoolCreate
<LI><a href="#[98]">&gt;&gt;</a>&nbsp;&nbsp;&nbsp;Mem_SegClr
<LI><a href="#[96]">&gt;&gt;</a>&nbsp;&nbsp;&nbsp;Mem_SegRemSizeGet
<LI><a href="#[8d]">&gt;&gt;</a>&nbsp;&nbsp;&nbsp;Mem_SegCreate
<LI><a href="#[93]">&gt;&gt;</a>&nbsp;&nbsp;&nbsp;Mem_SegAllocInternal
<LI><a href="#[79]">&gt;&gt;</a>&nbsp;&nbsp;&nbsp;CPU_NameSet
<LI><a href="#[76]">&gt;&gt;</a>&nbsp;&nbsp;&nbsp;CPU_NameGet
<LI><a href="#[6d]">&gt;&gt;</a>&nbsp;&nbsp;&nbsp;CPU_NameClr
<LI><a href="#[72]">&gt;&gt;</a>&nbsp;&nbsp;&nbsp;CPU_IntDisMeasInit
</UL>

<P><STRONG><a name="[6d]"></a>CPU_NameClr</STRONG> (Thumb, 50 bytes, Stack size 8 bytes, cpu_core.o(.text), UNUSED)
<BR><BR>[Calls]<UL><LI><a href="#[6f]">&gt;&gt;</a>&nbsp;&nbsp;&nbsp;Mem_Clr
<LI><a href="#[6a]">&gt;&gt;</a>&nbsp;&nbsp;&nbsp;CPU_IntDisMeasStop
<LI><a href="#[6c]">&gt;&gt;</a>&nbsp;&nbsp;&nbsp;CPU_IntDisMeasStart
<LI><a href="#[70]">&gt;&gt;</a>&nbsp;&nbsp;&nbsp;CPU_SR_Restore
<LI><a href="#[6e]">&gt;&gt;</a>&nbsp;&nbsp;&nbsp;CPU_SR_Save
</UL>
<BR>[Called By]<UL><LI><a href="#[71]">&gt;&gt;</a>&nbsp;&nbsp;&nbsp;CPU_NameInit
</UL>

<P><STRONG><a name="[75]"></a>CPU_Init</STRONG> (Thumb, 16 bytes, Stack size 8 bytes, cpu_core.o(.text), UNUSED)
<BR><BR>[Calls]<UL><LI><a href="#[73]">&gt;&gt;</a>&nbsp;&nbsp;&nbsp;CPU_TS_Init
<LI><a href="#[72]">&gt;&gt;</a>&nbsp;&nbsp;&nbsp;CPU_IntDisMeasInit
<LI><a href="#[71]">&gt;&gt;</a>&nbsp;&nbsp;&nbsp;CPU_NameInit
</UL>

<P><STRONG><a name="[77]"></a>CPU_SW_Exception</STRONG> (Thumb, 4 bytes, Stack size 0 bytes, cpu_core.o(.text), UNUSED)
<BR><BR>[Called By]<UL><LI><a href="#[8f]">&gt;&gt;</a>&nbsp;&nbsp;&nbsp;Mem_Init
<LI><a href="#[7c]">&gt;&gt;</a>&nbsp;&nbsp;&nbsp;CPU_TS_TmrFreqGet
<LI><a href="#[79]">&gt;&gt;</a>&nbsp;&nbsp;&nbsp;CPU_NameSet
<LI><a href="#[76]">&gt;&gt;</a>&nbsp;&nbsp;&nbsp;CPU_NameGet
</UL>

<P><STRONG><a name="[76]"></a>CPU_NameGet</STRONG> (Thumb, 78 bytes, Stack size 16 bytes, cpu_core.o(.text), UNUSED)
<BR><BR>[Calls]<UL><LI><a href="#[78]">&gt;&gt;</a>&nbsp;&nbsp;&nbsp;Str_Copy_N
<LI><a href="#[77]">&gt;&gt;</a>&nbsp;&nbsp;&nbsp;CPU_SW_Exception
<LI><a href="#[6a]">&gt;&gt;</a>&nbsp;&nbsp;&nbsp;CPU_IntDisMeasStop
<LI><a href="#[6c]">&gt;&gt;</a>&nbsp;&nbsp;&nbsp;CPU_IntDisMeasStart
<LI><a href="#[70]">&gt;&gt;</a>&nbsp;&nbsp;&nbsp;CPU_SR_Restore
<LI><a href="#[6e]">&gt;&gt;</a>&nbsp;&nbsp;&nbsp;CPU_SR_Save
</UL>

<P><STRONG><a name="[79]"></a>CPU_NameSet</STRONG> (Thumb, 104 bytes, Stack size 24 bytes, cpu_core.o(.text), UNUSED)
<BR><BR>[Calls]<UL><LI><a href="#[7a]">&gt;&gt;</a>&nbsp;&nbsp;&nbsp;Str_Len_N
<LI><a href="#[78]">&gt;&gt;</a>&nbsp;&nbsp;&nbsp;Str_Copy_N
<LI><a href="#[77]">&gt;&gt;</a>&nbsp;&nbsp;&nbsp;CPU_SW_Exception
<LI><a href="#[6a]">&gt;&gt;</a>&nbsp;&nbsp;&nbsp;CPU_IntDisMeasStop
<LI><a href="#[6c]">&gt;&gt;</a>&nbsp;&nbsp;&nbsp;CPU_IntDisMeasStart
<LI><a href="#[70]">&gt;&gt;</a>&nbsp;&nbsp;&nbsp;CPU_SR_Restore
<LI><a href="#[6e]">&gt;&gt;</a>&nbsp;&nbsp;&nbsp;CPU_SR_Save
</UL>

<P><STRONG><a name="[7b]"></a>CPU_TS_Get32</STRONG> (Thumb, 12 bytes, Stack size 8 bytes, cpu_core.o(.text), UNUSED)
<BR><BR>[Calls]<UL><LI><a href="#[6b]">&gt;&gt;</a>&nbsp;&nbsp;&nbsp;CPU_TS_TmrRd
</UL>

<P><STRONG><a name="[189]"></a>CPU_TS_Update</STRONG> (Thumb, 2 bytes, Stack size 0 bytes, cpu_core.o(.text), UNUSED)

<P><STRONG><a name="[7c]"></a>CPU_TS_TmrFreqGet</STRONG> (Thumb, 30 bytes, Stack size 4 bytes, cpu_core.o(.text), UNUSED)
<BR><BR>[Calls]<UL><LI><a href="#[77]">&gt;&gt;</a>&nbsp;&nbsp;&nbsp;CPU_SW_Exception
</UL>

<P><STRONG><a name="[12c]"></a>CPU_TS_TmrFreqSet</STRONG> (Thumb, 6 bytes, Stack size 0 bytes, cpu_core.o(.text), UNUSED)
<BR><BR>[Called By]<UL><LI><a href="#[74]">&gt;&gt;</a>&nbsp;&nbsp;&nbsp;CPU_TS_TmrInit
</UL>

<P><STRONG><a name="[7d]"></a>CPU_IntDisMeasMaxCurGet</STRONG> (Thumb, 40 bytes, Stack size 16 bytes, cpu_core.o(.text), UNUSED)
<BR><BR>[Calls]<UL><LI><a href="#[7e]">&gt;&gt;</a>&nbsp;&nbsp;&nbsp;CPU_IntDisMeasMaxCalc
<LI><a href="#[70]">&gt;&gt;</a>&nbsp;&nbsp;&nbsp;CPU_SR_Restore
<LI><a href="#[6e]">&gt;&gt;</a>&nbsp;&nbsp;&nbsp;CPU_SR_Save
</UL>
<BR>[Called By]<UL><LI><a href="#[7f]">&gt;&gt;</a>&nbsp;&nbsp;&nbsp;CPU_IntDisMeasMaxCurReset
</UL>

<P><STRONG><a name="[7f]"></a>CPU_IntDisMeasMaxCurReset</STRONG> (Thumb, 40 bytes, Stack size 16 bytes, cpu_core.o(.text), UNUSED)
<BR><BR>[Calls]<UL><LI><a href="#[7d]">&gt;&gt;</a>&nbsp;&nbsp;&nbsp;CPU_IntDisMeasMaxCurGet
<LI><a href="#[70]">&gt;&gt;</a>&nbsp;&nbsp;&nbsp;CPU_SR_Restore
<LI><a href="#[6e]">&gt;&gt;</a>&nbsp;&nbsp;&nbsp;CPU_SR_Save
</UL>

<P><STRONG><a name="[80]"></a>CPU_IntDisMeasMaxGet</STRONG> (Thumb, 40 bytes, Stack size 16 bytes, cpu_core.o(.text), UNUSED)
<BR><BR>[Calls]<UL><LI><a href="#[7e]">&gt;&gt;</a>&nbsp;&nbsp;&nbsp;CPU_IntDisMeasMaxCalc
<LI><a href="#[70]">&gt;&gt;</a>&nbsp;&nbsp;&nbsp;CPU_SR_Restore
<LI><a href="#[6e]">&gt;&gt;</a>&nbsp;&nbsp;&nbsp;CPU_SR_Save
</UL>

<P><STRONG><a name="[81]"></a>CPU_CntLeadZeros08</STRONG> (Thumb, 18 bytes, Stack size 16 bytes, cpu_core.o(.text), UNUSED)
<BR><BR>[Calls]<UL><LI><a href="#[82]">&gt;&gt;</a>&nbsp;&nbsp;&nbsp;CPU_CntLeadZeros
</UL>

<P><STRONG><a name="[83]"></a>CPU_CntLeadZeros16</STRONG> (Thumb, 18 bytes, Stack size 16 bytes, cpu_core.o(.text), UNUSED)
<BR><BR>[Calls]<UL><LI><a href="#[82]">&gt;&gt;</a>&nbsp;&nbsp;&nbsp;CPU_CntLeadZeros
</UL>

<P><STRONG><a name="[84]"></a>CPU_CntLeadZeros32</STRONG> (Thumb, 18 bytes, Stack size 16 bytes, cpu_core.o(.text), UNUSED)
<BR><BR>[Calls]<UL><LI><a href="#[82]">&gt;&gt;</a>&nbsp;&nbsp;&nbsp;CPU_CntLeadZeros
</UL>

<P><STRONG><a name="[8a]"></a>CPU_CntLeadZeros64</STRONG> (Thumb, 192 bytes, Stack size 12 bytes, cpu_core.o(.text), UNUSED)
<BR><BR>[Called By]<UL><LI><a href="#[89]">&gt;&gt;</a>&nbsp;&nbsp;&nbsp;CPU_CntTrailZeros64
</UL>

<P><STRONG><a name="[85]"></a>CPU_CntTrailZeros08</STRONG> (Thumb, 22 bytes, Stack size 16 bytes, cpu_core.o(.text), UNUSED)
<BR><BR>[Calls]<UL><LI><a href="#[86]">&gt;&gt;</a>&nbsp;&nbsp;&nbsp;CPU_CntTrailZeros
</UL>

<P><STRONG><a name="[87]"></a>CPU_CntTrailZeros16</STRONG> (Thumb, 22 bytes, Stack size 16 bytes, cpu_core.o(.text), UNUSED)
<BR><BR>[Calls]<UL><LI><a href="#[86]">&gt;&gt;</a>&nbsp;&nbsp;&nbsp;CPU_CntTrailZeros
</UL>

<P><STRONG><a name="[88]"></a>CPU_CntTrailZeros32</STRONG> (Thumb, 22 bytes, Stack size 16 bytes, cpu_core.o(.text), UNUSED)
<BR><BR>[Calls]<UL><LI><a href="#[86]">&gt;&gt;</a>&nbsp;&nbsp;&nbsp;CPU_CntTrailZeros
</UL>

<P><STRONG><a name="[89]"></a>CPU_CntTrailZeros64</STRONG> (Thumb, 104 bytes, Stack size 28 bytes, cpu_core.o(.text), UNUSED)
<BR><BR>[Calls]<UL><LI><a href="#[8a]">&gt;&gt;</a>&nbsp;&nbsp;&nbsp;CPU_CntLeadZeros64
</UL>

<P><STRONG><a name="[18a]"></a>CPU_PopCnt32</STRONG> (Thumb, 56 bytes, Stack size 8 bytes, cpu_core.o(.text), UNUSED)

<P><STRONG><a name="[92]"></a>Mem_Copy</STRONG> (Thumb, 0 bytes, Stack size unknown bytes, lib_mem_a.o(.text), UNUSED)
<BR><BR>[Called By]<UL><LI><a href="#[91]">&gt;&gt;</a>&nbsp;&nbsp;&nbsp;Mem_Move
</UL>

<P><STRONG><a name="[18b]"></a>ASCII_IsAlpha</STRONG> (Thumb, 48 bytes, Stack size 0 bytes, lib_ascii.o(.text), UNUSED)

<P><STRONG><a name="[c0]"></a>ASCII_IsAlphaNum</STRONG> (Thumb, 76 bytes, Stack size 0 bytes, lib_ascii.o(.text), UNUSED)
<BR><BR>[Called By]<UL><LI><a href="#[bd]">&gt;&gt;</a>&nbsp;&nbsp;&nbsp;Str_ParseNbr_Int32
</UL>

<P><STRONG><a name="[c2]"></a>ASCII_IsLower</STRONG> (Thumb, 20 bytes, Stack size 0 bytes, lib_ascii.o(.text), UNUSED)
<BR><BR>[Called By]<UL><LI><a href="#[bd]">&gt;&gt;</a>&nbsp;&nbsp;&nbsp;Str_ParseNbr_Int32
</UL>

<P><STRONG><a name="[18c]"></a>ASCII_IsUpper</STRONG> (Thumb, 20 bytes, Stack size 0 bytes, lib_ascii.o(.text), UNUSED)

<P><STRONG><a name="[c1]"></a>ASCII_IsDig</STRONG> (Thumb, 20 bytes, Stack size 0 bytes, lib_ascii.o(.text), UNUSED)
<BR><BR>[Called By]<UL><LI><a href="#[bd]">&gt;&gt;</a>&nbsp;&nbsp;&nbsp;Str_ParseNbr_Int32
</UL>

<P><STRONG><a name="[18d]"></a>ASCII_IsDigOct</STRONG> (Thumb, 20 bytes, Stack size 0 bytes, lib_ascii.o(.text), UNUSED)

<P><STRONG><a name="[bf]"></a>ASCII_IsDigHex</STRONG> (Thumb, 36 bytes, Stack size 0 bytes, lib_ascii.o(.text), UNUSED)
<BR><BR>[Called By]<UL><LI><a href="#[bd]">&gt;&gt;</a>&nbsp;&nbsp;&nbsp;Str_ParseNbr_Int32
</UL>

<P><STRONG><a name="[18e]"></a>ASCII_IsBlank</STRONG> (Thumb, 20 bytes, Stack size 0 bytes, lib_ascii.o(.text), UNUSED)

<P><STRONG><a name="[be]"></a>ASCII_IsSpace</STRONG> (Thumb, 36 bytes, Stack size 0 bytes, lib_ascii.o(.text), UNUSED)
<BR><BR>[Called By]<UL><LI><a href="#[bd]">&gt;&gt;</a>&nbsp;&nbsp;&nbsp;Str_ParseNbr_Int32
</UL>

<P><STRONG><a name="[ba]"></a>ASCII_IsPrint</STRONG> (Thumb, 20 bytes, Stack size 0 bytes, lib_ascii.o(.text), UNUSED)
<BR><BR>[Called By]<UL><LI><a href="#[b9]">&gt;&gt;</a>&nbsp;&nbsp;&nbsp;Str_FmtNbr_Int32
</UL>

<P><STRONG><a name="[18f]"></a>ASCII_IsGraph</STRONG> (Thumb, 20 bytes, Stack size 0 bytes, lib_ascii.o(.text), UNUSED)

<P><STRONG><a name="[190]"></a>ASCII_IsPunct</STRONG> (Thumb, 134 bytes, Stack size 0 bytes, lib_ascii.o(.text), UNUSED)

<P><STRONG><a name="[191]"></a>ASCII_IsCtrl</STRONG> (Thumb, 26 bytes, Stack size 0 bytes, lib_ascii.o(.text), UNUSED)

<P><STRONG><a name="[af]"></a>ASCII_ToLower</STRONG> (Thumb, 32 bytes, Stack size 0 bytes, lib_ascii.o(.text), UNUSED)
<BR><BR>[Called By]<UL><LI><a href="#[ae]">&gt;&gt;</a>&nbsp;&nbsp;&nbsp;Str_CmpIgnoreCase_N
</UL>

<P><STRONG><a name="[8c]"></a>ASCII_ToUpper</STRONG> (Thumb, 32 bytes, Stack size 0 bytes, lib_ascii.o(.text), UNUSED)
<BR><BR>[Called By]<UL><LI><a href="#[8b]">&gt;&gt;</a>&nbsp;&nbsp;&nbsp;ASCII_Cmp
</UL>

<P><STRONG><a name="[8b]"></a>ASCII_Cmp</STRONG> (Thumb, 38 bytes, Stack size 20 bytes, lib_ascii.o(.text), UNUSED)
<BR><BR>[Calls]<UL><LI><a href="#[8c]">&gt;&gt;</a>&nbsp;&nbsp;&nbsp;ASCII_ToUpper
</UL>

<P><STRONG><a name="[8d]"></a>Mem_SegCreate</STRONG> (Thumb, 82 bytes, Stack size 40 bytes, lib_mem.o(.text), UNUSED)
<BR><BR>[Calls]<UL><LI><a href="#[8e]">&gt;&gt;</a>&nbsp;&nbsp;&nbsp;Mem_SegCreateCritical
<LI><a href="#[6a]">&gt;&gt;</a>&nbsp;&nbsp;&nbsp;CPU_IntDisMeasStop
<LI><a href="#[6c]">&gt;&gt;</a>&nbsp;&nbsp;&nbsp;CPU_IntDisMeasStart
<LI><a href="#[70]">&gt;&gt;</a>&nbsp;&nbsp;&nbsp;CPU_SR_Restore
<LI><a href="#[6e]">&gt;&gt;</a>&nbsp;&nbsp;&nbsp;CPU_SR_Save
</UL>
<BR>[Called By]<UL><LI><a href="#[8f]">&gt;&gt;</a>&nbsp;&nbsp;&nbsp;Mem_Init
</UL>

<P><STRONG><a name="[8f]"></a>Mem_Init</STRONG> (Thumb, 52 bytes, Stack size 24 bytes, lib_mem.o(.text), UNUSED)
<BR><BR>[Calls]<UL><LI><a href="#[8d]">&gt;&gt;</a>&nbsp;&nbsp;&nbsp;Mem_SegCreate
<LI><a href="#[77]">&gt;&gt;</a>&nbsp;&nbsp;&nbsp;CPU_SW_Exception
</UL>

<P><STRONG><a name="[90]"></a>Mem_Set</STRONG> (Thumb, 84 bytes, Stack size 24 bytes, lib_mem.o(.text), UNUSED)
<BR><BR>[Called By]<UL><LI><a href="#[6f]">&gt;&gt;</a>&nbsp;&nbsp;&nbsp;Mem_Clr
</UL>

<P><STRONG><a name="[6f]"></a>Mem_Clr</STRONG> (Thumb, 18 bytes, Stack size 12 bytes, lib_mem.o(.text), UNUSED)
<BR><BR>[Calls]<UL><LI><a href="#[90]">&gt;&gt;</a>&nbsp;&nbsp;&nbsp;Mem_Set
</UL>
<BR>[Called By]<UL><LI><a href="#[6d]">&gt;&gt;</a>&nbsp;&nbsp;&nbsp;CPU_NameClr
</UL>

<P><STRONG><a name="[91]"></a>Mem_Move</STRONG> (Thumb, 186 bytes, Stack size 56 bytes, lib_mem.o(.text), UNUSED)
<BR><BR>[Calls]<UL><LI><a href="#[92]">&gt;&gt;</a>&nbsp;&nbsp;&nbsp;Mem_Copy
</UL>

<P><STRONG><a name="[192]"></a>Mem_Cmp</STRONG> (Thumb, 192 bytes, Stack size 40 bytes, lib_mem.o(.text), UNUSED)

<P><STRONG><a name="[95]"></a>Mem_HeapAlloc</STRONG> (Thumb, 56 bytes, Stack size 40 bytes, lib_mem.o(.text), UNUSED)
<BR><BR>[Calls]<UL><LI><a href="#[93]">&gt;&gt;</a>&nbsp;&nbsp;&nbsp;Mem_SegAllocInternal
</UL>

<P><STRONG><a name="[96]"></a>Mem_SegRemSizeGet</STRONG> (Thumb, 150 bytes, Stack size 40 bytes, lib_mem.o(.text), UNUSED)
<BR><BR>[Calls]<UL><LI><a href="#[6a]">&gt;&gt;</a>&nbsp;&nbsp;&nbsp;CPU_IntDisMeasStop
<LI><a href="#[6c]">&gt;&gt;</a>&nbsp;&nbsp;&nbsp;CPU_IntDisMeasStart
<LI><a href="#[70]">&gt;&gt;</a>&nbsp;&nbsp;&nbsp;CPU_SR_Restore
<LI><a href="#[6e]">&gt;&gt;</a>&nbsp;&nbsp;&nbsp;CPU_SR_Save
</UL>
<BR>[Called By]<UL><LI><a href="#[97]">&gt;&gt;</a>&nbsp;&nbsp;&nbsp;Mem_HeapGetSizeRem
</UL>

<P><STRONG><a name="[97]"></a>Mem_HeapGetSizeRem</STRONG> (Thumb, 38 bytes, Stack size 16 bytes, lib_mem.o(.text), UNUSED)
<BR><BR>[Calls]<UL><LI><a href="#[96]">&gt;&gt;</a>&nbsp;&nbsp;&nbsp;Mem_SegRemSizeGet
</UL>

<P><STRONG><a name="[98]"></a>Mem_SegClr</STRONG> (Thumb, 56 bytes, Stack size 16 bytes, lib_mem.o(.text), UNUSED)
<BR><BR>[Calls]<UL><LI><a href="#[6a]">&gt;&gt;</a>&nbsp;&nbsp;&nbsp;CPU_IntDisMeasStop
<LI><a href="#[6c]">&gt;&gt;</a>&nbsp;&nbsp;&nbsp;CPU_IntDisMeasStart
<LI><a href="#[70]">&gt;&gt;</a>&nbsp;&nbsp;&nbsp;CPU_SR_Restore
<LI><a href="#[6e]">&gt;&gt;</a>&nbsp;&nbsp;&nbsp;CPU_SR_Save
</UL>

<P><STRONG><a name="[99]"></a>Mem_SegAlloc</STRONG> (Thumb, 46 bytes, Stack size 40 bytes, lib_mem.o(.text), UNUSED)
<BR><BR>[Calls]<UL><LI><a href="#[93]">&gt;&gt;</a>&nbsp;&nbsp;&nbsp;Mem_SegAllocInternal
</UL>

<P><STRONG><a name="[9a]"></a>Mem_SegAllocExt</STRONG> (Thumb, 46 bytes, Stack size 48 bytes, lib_mem.o(.text), UNUSED)
<BR><BR>[Calls]<UL><LI><a href="#[93]">&gt;&gt;</a>&nbsp;&nbsp;&nbsp;Mem_SegAllocInternal
</UL>

<P><STRONG><a name="[9b]"></a>Mem_SegAllocHW</STRONG> (Thumb, 46 bytes, Stack size 48 bytes, lib_mem.o(.text), UNUSED)
<BR><BR>[Calls]<UL><LI><a href="#[93]">&gt;&gt;</a>&nbsp;&nbsp;&nbsp;Mem_SegAllocInternal
</UL>

<P><STRONG><a name="[9d]"></a>Mem_PoolClr</STRONG> (Thumb, 22 bytes, Stack size 0 bytes, lib_mem.o(.text), UNUSED)
<BR><BR>[Called By]<UL><LI><a href="#[9c]">&gt;&gt;</a>&nbsp;&nbsp;&nbsp;Mem_PoolCreate
</UL>

<P><STRONG><a name="[9c]"></a>Mem_PoolCreate</STRONG> (Thumb, 378 bytes, Stack size 80 bytes, lib_mem.o(.text), UNUSED)
<BR><BR>[Calls]<UL><LI><a href="#[9d]">&gt;&gt;</a>&nbsp;&nbsp;&nbsp;Mem_PoolClr
<LI><a href="#[9e]">&gt;&gt;</a>&nbsp;&nbsp;&nbsp;Mem_SegOverlapChkCritical
<LI><a href="#[93]">&gt;&gt;</a>&nbsp;&nbsp;&nbsp;Mem_SegAllocInternal
<LI><a href="#[94]">&gt;&gt;</a>&nbsp;&nbsp;&nbsp;Mem_SegAllocExtCritical
<LI><a href="#[8e]">&gt;&gt;</a>&nbsp;&nbsp;&nbsp;Mem_SegCreateCritical
<LI><a href="#[6a]">&gt;&gt;</a>&nbsp;&nbsp;&nbsp;CPU_IntDisMeasStop
<LI><a href="#[6c]">&gt;&gt;</a>&nbsp;&nbsp;&nbsp;CPU_IntDisMeasStart
<LI><a href="#[70]">&gt;&gt;</a>&nbsp;&nbsp;&nbsp;CPU_SR_Restore
<LI><a href="#[6e]">&gt;&gt;</a>&nbsp;&nbsp;&nbsp;CPU_SR_Save
</UL>

<P><STRONG><a name="[9f]"></a>Mem_PoolBlkGet</STRONG> (Thumb, 100 bytes, Stack size 24 bytes, lib_mem.o(.text), UNUSED)
<BR><BR>[Calls]<UL><LI><a href="#[6a]">&gt;&gt;</a>&nbsp;&nbsp;&nbsp;CPU_IntDisMeasStop
<LI><a href="#[6c]">&gt;&gt;</a>&nbsp;&nbsp;&nbsp;CPU_IntDisMeasStart
<LI><a href="#[70]">&gt;&gt;</a>&nbsp;&nbsp;&nbsp;CPU_SR_Restore
<LI><a href="#[6e]">&gt;&gt;</a>&nbsp;&nbsp;&nbsp;CPU_SR_Save
</UL>

<P><STRONG><a name="[a0]"></a>Mem_PoolBlkFree</STRONG> (Thumb, 108 bytes, Stack size 24 bytes, lib_mem.o(.text), UNUSED)
<BR><BR>[Calls]<UL><LI><a href="#[6a]">&gt;&gt;</a>&nbsp;&nbsp;&nbsp;CPU_IntDisMeasStop
<LI><a href="#[6c]">&gt;&gt;</a>&nbsp;&nbsp;&nbsp;CPU_IntDisMeasStart
<LI><a href="#[70]">&gt;&gt;</a>&nbsp;&nbsp;&nbsp;CPU_SR_Restore
<LI><a href="#[6e]">&gt;&gt;</a>&nbsp;&nbsp;&nbsp;CPU_SR_Save
</UL>

<P><STRONG><a name="[a1]"></a>Mem_PoolBlkGetNbrAvail</STRONG> (Thumb, 60 bytes, Stack size 24 bytes, lib_mem.o(.text), UNUSED)
<BR><BR>[Calls]<UL><LI><a href="#[6a]">&gt;&gt;</a>&nbsp;&nbsp;&nbsp;CPU_IntDisMeasStop
<LI><a href="#[6c]">&gt;&gt;</a>&nbsp;&nbsp;&nbsp;CPU_IntDisMeasStart
<LI><a href="#[70]">&gt;&gt;</a>&nbsp;&nbsp;&nbsp;CPU_SR_Restore
<LI><a href="#[6e]">&gt;&gt;</a>&nbsp;&nbsp;&nbsp;CPU_SR_Save
</UL>

<P><STRONG><a name="[a3]"></a>Mem_DynPoolCreate</STRONG> (Thumb, 58 bytes, Stack size 56 bytes, lib_mem.o(.text), UNUSED)
<BR><BR>[Calls]<UL><LI><a href="#[a2]">&gt;&gt;</a>&nbsp;&nbsp;&nbsp;Mem_DynPoolCreateInternal
</UL>

<P><STRONG><a name="[a4]"></a>Mem_DynPoolCreateHW</STRONG> (Thumb, 58 bytes, Stack size 56 bytes, lib_mem.o(.text), UNUSED)
<BR><BR>[Calls]<UL><LI><a href="#[a2]">&gt;&gt;</a>&nbsp;&nbsp;&nbsp;Mem_DynPoolCreateInternal
</UL>

<P><STRONG><a name="[a5]"></a>Mem_DynPoolBlkGet</STRONG> (Thumb, 210 bytes, Stack size 40 bytes, lib_mem.o(.text), UNUSED)
<BR><BR>[Calls]<UL><LI><a href="#[93]">&gt;&gt;</a>&nbsp;&nbsp;&nbsp;Mem_SegAllocInternal
<LI><a href="#[6a]">&gt;&gt;</a>&nbsp;&nbsp;&nbsp;CPU_IntDisMeasStop
<LI><a href="#[6c]">&gt;&gt;</a>&nbsp;&nbsp;&nbsp;CPU_IntDisMeasStart
<LI><a href="#[70]">&gt;&gt;</a>&nbsp;&nbsp;&nbsp;CPU_SR_Restore
<LI><a href="#[6e]">&gt;&gt;</a>&nbsp;&nbsp;&nbsp;CPU_SR_Save
</UL>

<P><STRONG><a name="[a6]"></a>Mem_DynPoolBlkFree</STRONG> (Thumb, 142 bytes, Stack size 24 bytes, lib_mem.o(.text), UNUSED)
<BR><BR>[Calls]<UL><LI><a href="#[6a]">&gt;&gt;</a>&nbsp;&nbsp;&nbsp;CPU_IntDisMeasStop
<LI><a href="#[6c]">&gt;&gt;</a>&nbsp;&nbsp;&nbsp;CPU_IntDisMeasStart
<LI><a href="#[70]">&gt;&gt;</a>&nbsp;&nbsp;&nbsp;CPU_SR_Restore
<LI><a href="#[6e]">&gt;&gt;</a>&nbsp;&nbsp;&nbsp;CPU_SR_Save
</UL>

<P><STRONG><a name="[a7]"></a>Mem_DynPoolBlkNbrAvailGet</STRONG> (Thumb, 78 bytes, Stack size 24 bytes, lib_mem.o(.text), UNUSED)
<BR><BR>[Calls]<UL><LI><a href="#[6a]">&gt;&gt;</a>&nbsp;&nbsp;&nbsp;CPU_IntDisMeasStop
<LI><a href="#[6c]">&gt;&gt;</a>&nbsp;&nbsp;&nbsp;CPU_IntDisMeasStart
<LI><a href="#[70]">&gt;&gt;</a>&nbsp;&nbsp;&nbsp;CPU_SR_Restore
<LI><a href="#[6e]">&gt;&gt;</a>&nbsp;&nbsp;&nbsp;CPU_SR_Save
</UL>

<P><STRONG><a name="[7a]"></a>Str_Len_N</STRONG> (Thumb, 28 bytes, Stack size 8 bytes, lib_str.o(.text), UNUSED)
<BR><BR>[Called By]<UL><LI><a href="#[b7]">&gt;&gt;</a>&nbsp;&nbsp;&nbsp;Str_Str_N
<LI><a href="#[b3]">&gt;&gt;</a>&nbsp;&nbsp;&nbsp;Str_Char_Last_N
<LI><a href="#[a8]">&gt;&gt;</a>&nbsp;&nbsp;&nbsp;Str_Len
<LI><a href="#[79]">&gt;&gt;</a>&nbsp;&nbsp;&nbsp;CPU_NameSet
</UL>

<P><STRONG><a name="[a8]"></a>Str_Len</STRONG> (Thumb, 20 bytes, Stack size 12 bytes, lib_str.o(.text), UNUSED)
<BR><BR>[Calls]<UL><LI><a href="#[7a]">&gt;&gt;</a>&nbsp;&nbsp;&nbsp;Str_Len_N
</UL>

<P><STRONG><a name="[78]"></a>Str_Copy_N</STRONG> (Thumb, 70 bytes, Stack size 16 bytes, lib_str.o(.text), UNUSED)
<BR><BR>[Called By]<UL><LI><a href="#[a9]">&gt;&gt;</a>&nbsp;&nbsp;&nbsp;Str_Copy
<LI><a href="#[79]">&gt;&gt;</a>&nbsp;&nbsp;&nbsp;CPU_NameSet
<LI><a href="#[76]">&gt;&gt;</a>&nbsp;&nbsp;&nbsp;CPU_NameGet
</UL>

<P><STRONG><a name="[a9]"></a>Str_Copy</STRONG> (Thumb, 24 bytes, Stack size 16 bytes, lib_str.o(.text), UNUSED)
<BR><BR>[Calls]<UL><LI><a href="#[78]">&gt;&gt;</a>&nbsp;&nbsp;&nbsp;Str_Copy_N
</UL>

<P><STRONG><a name="[ab]"></a>Str_Cat_N</STRONG> (Thumb, 90 bytes, Stack size 16 bytes, lib_str.o(.text), UNUSED)
<BR><BR>[Called By]<UL><LI><a href="#[aa]">&gt;&gt;</a>&nbsp;&nbsp;&nbsp;Str_Cat
</UL>

<P><STRONG><a name="[aa]"></a>Str_Cat</STRONG> (Thumb, 24 bytes, Stack size 16 bytes, lib_str.o(.text), UNUSED)
<BR><BR>[Calls]<UL><LI><a href="#[ab]">&gt;&gt;</a>&nbsp;&nbsp;&nbsp;Str_Cat_N
</UL>

<P><STRONG><a name="[ad]"></a>Str_Cmp_N</STRONG> (Thumb, 156 bytes, Stack size 28 bytes, lib_str.o(.text), UNUSED)
<BR><BR>[Called By]<UL><LI><a href="#[b7]">&gt;&gt;</a>&nbsp;&nbsp;&nbsp;Str_Str_N
<LI><a href="#[ac]">&gt;&gt;</a>&nbsp;&nbsp;&nbsp;Str_Cmp
</UL>

<P><STRONG><a name="[ac]"></a>Str_Cmp</STRONG> (Thumb, 24 bytes, Stack size 16 bytes, lib_str.o(.text), UNUSED)
<BR><BR>[Calls]<UL><LI><a href="#[ad]">&gt;&gt;</a>&nbsp;&nbsp;&nbsp;Str_Cmp_N
</UL>

<P><STRONG><a name="[ae]"></a>Str_CmpIgnoreCase_N</STRONG> (Thumb, 264 bytes, Stack size 56 bytes, lib_str.o(.text), UNUSED)
<BR><BR>[Calls]<UL><LI><a href="#[af]">&gt;&gt;</a>&nbsp;&nbsp;&nbsp;ASCII_ToLower
</UL>
<BR>[Called By]<UL><LI><a href="#[b0]">&gt;&gt;</a>&nbsp;&nbsp;&nbsp;Str_CmpIgnoreCase
</UL>

<P><STRONG><a name="[b0]"></a>Str_CmpIgnoreCase</STRONG> (Thumb, 24 bytes, Stack size 16 bytes, lib_str.o(.text), UNUSED)
<BR><BR>[Calls]<UL><LI><a href="#[ae]">&gt;&gt;</a>&nbsp;&nbsp;&nbsp;Str_CmpIgnoreCase_N
</UL>

<P><STRONG><a name="[b2]"></a>Str_Char_N</STRONG> (Thumb, 74 bytes, Stack size 12 bytes, lib_str.o(.text), UNUSED)
<BR><BR>[Called By]<UL><LI><a href="#[b1]">&gt;&gt;</a>&nbsp;&nbsp;&nbsp;Str_Char
</UL>

<P><STRONG><a name="[b1]"></a>Str_Char</STRONG> (Thumb, 24 bytes, Stack size 16 bytes, lib_str.o(.text), UNUSED)
<BR><BR>[Calls]<UL><LI><a href="#[b2]">&gt;&gt;</a>&nbsp;&nbsp;&nbsp;Str_Char_N
</UL>

<P><STRONG><a name="[b3]"></a>Str_Char_Last_N</STRONG> (Thumb, 76 bytes, Stack size 28 bytes, lib_str.o(.text), UNUSED)
<BR><BR>[Calls]<UL><LI><a href="#[7a]">&gt;&gt;</a>&nbsp;&nbsp;&nbsp;Str_Len_N
</UL>
<BR>[Called By]<UL><LI><a href="#[b4]">&gt;&gt;</a>&nbsp;&nbsp;&nbsp;Str_Char_Last
</UL>

<P><STRONG><a name="[b4]"></a>Str_Char_Last</STRONG> (Thumb, 24 bytes, Stack size 16 bytes, lib_str.o(.text), UNUSED)
<BR><BR>[Calls]<UL><LI><a href="#[b3]">&gt;&gt;</a>&nbsp;&nbsp;&nbsp;Str_Char_Last_N
</UL>

<P><STRONG><a name="[b6]"></a>Str_Char_Replace_N</STRONG> (Thumb, 52 bytes, Stack size 16 bytes, lib_str.o(.text), UNUSED)
<BR><BR>[Called By]<UL><LI><a href="#[b5]">&gt;&gt;</a>&nbsp;&nbsp;&nbsp;Str_Char_Replace
</UL>

<P><STRONG><a name="[b5]"></a>Str_Char_Replace</STRONG> (Thumb, 28 bytes, Stack size 20 bytes, lib_str.o(.text), UNUSED)
<BR><BR>[Calls]<UL><LI><a href="#[b6]">&gt;&gt;</a>&nbsp;&nbsp;&nbsp;Str_Char_Replace_N
</UL>

<P><STRONG><a name="[b7]"></a>Str_Str_N</STRONG> (Thumb, 182 bytes, Stack size 52 bytes, lib_str.o(.text), UNUSED)
<BR><BR>[Calls]<UL><LI><a href="#[ad]">&gt;&gt;</a>&nbsp;&nbsp;&nbsp;Str_Cmp_N
<LI><a href="#[7a]">&gt;&gt;</a>&nbsp;&nbsp;&nbsp;Str_Len_N
</UL>
<BR>[Called By]<UL><LI><a href="#[b8]">&gt;&gt;</a>&nbsp;&nbsp;&nbsp;Str_Str
</UL>

<P><STRONG><a name="[b8]"></a>Str_Str</STRONG> (Thumb, 24 bytes, Stack size 16 bytes, lib_str.o(.text), UNUSED)
<BR><BR>[Calls]<UL><LI><a href="#[b7]">&gt;&gt;</a>&nbsp;&nbsp;&nbsp;Str_Str_N
</UL>

<P><STRONG><a name="[bb]"></a>Str_FmtNbr_Int32U</STRONG> (Thumb, 46 bytes, Stack size 56 bytes, lib_str.o(.text), UNUSED)
<BR><BR>[Calls]<UL><LI><a href="#[b9]">&gt;&gt;</a>&nbsp;&nbsp;&nbsp;Str_FmtNbr_Int32
</UL>

<P><STRONG><a name="[bc]"></a>Str_FmtNbr_Int32S</STRONG> (Thumb, 62 bytes, Stack size 72 bytes, lib_str.o(.text), UNUSED)
<BR><BR>[Calls]<UL><LI><a href="#[b9]">&gt;&gt;</a>&nbsp;&nbsp;&nbsp;Str_FmtNbr_Int32
</UL>

<P><STRONG><a name="[c3]"></a>Str_ParseNbr_Int32U</STRONG> (Thumb, 30 bytes, Stack size 24 bytes, lib_str.o(.text), UNUSED)
<BR><BR>[Calls]<UL><LI><a href="#[bd]">&gt;&gt;</a>&nbsp;&nbsp;&nbsp;Str_ParseNbr_Int32
</UL>

<P><STRONG><a name="[c4]"></a>Str_ParseNbr_Int32S</STRONG> (Thumb, 74 bytes, Stack size 32 bytes, lib_str.o(.text), UNUSED)
<BR><BR>[Calls]<UL><LI><a href="#[bd]">&gt;&gt;</a>&nbsp;&nbsp;&nbsp;Str_ParseNbr_Int32
</UL>

<P><STRONG><a name="[f1]"></a>OSInitHookBegin</STRONG> (Thumb, 34 bytes, Stack size 0 bytes, os_cpu_c.o(.text))
<BR><BR>[Called By]<UL><LI><a href="#[f0]">&gt;&gt;</a>&nbsp;&nbsp;&nbsp;OSInit
</UL>

<P><STRONG><a name="[f6]"></a>OSInitHookEnd</STRONG> (Thumb, 2 bytes, Stack size 0 bytes, os_cpu_c.o(.text))
<BR><BR>[Called By]<UL><LI><a href="#[f0]">&gt;&gt;</a>&nbsp;&nbsp;&nbsp;OSInit
</UL>

<P><STRONG><a name="[c5]"></a>OSTaskCreateHook</STRONG> (Thumb, 12 bytes, Stack size 8 bytes, os_cpu_c.o(.text))
<BR><BR>[Stack]<UL><LI>Max Depth = 8<LI>Call Chain = OSTaskCreateHook
</UL>
<BR>[Calls]<UL><LI><a href="#[c6]">&gt;&gt;</a>&nbsp;&nbsp;&nbsp;App_TaskCreateHook
</UL>
<BR>[Called By]<UL><LI><a href="#[ff]">&gt;&gt;</a>&nbsp;&nbsp;&nbsp;OS_TCBInit
</UL>

<P><STRONG><a name="[c7]"></a>OSTaskDelHook</STRONG> (Thumb, 12 bytes, Stack size 8 bytes, os_cpu_c.o(.text))
<BR><BR>[Stack]<UL><LI>Max Depth = 8<LI>Call Chain = OSTaskDelHook
</UL>
<BR>[Calls]<UL><LI><a href="#[c8]">&gt;&gt;</a>&nbsp;&nbsp;&nbsp;App_TaskDelHook
</UL>
<BR>[Called By]<UL><LI><a href="#[11c]">&gt;&gt;</a>&nbsp;&nbsp;&nbsp;OSTaskDel
</UL>

<P><STRONG><a name="[c9]"></a>OSTaskIdleHook</STRONG> (Thumb, 8 bytes, Stack size 8 bytes, os_cpu_c.o(.text))
<BR><BR>[Stack]<UL><LI>Max Depth = 8<LI>Call Chain = OSTaskIdleHook
</UL>
<BR>[Calls]<UL><LI><a href="#[ca]">&gt;&gt;</a>&nbsp;&nbsp;&nbsp;App_TaskIdleHook
</UL>
<BR>[Called By]<UL><LI><a href="#[eb]">&gt;&gt;</a>&nbsp;&nbsp;&nbsp;OS_TaskIdle
</UL>

<P><STRONG><a name="[cb]"></a>OSTaskReturnHook</STRONG> (Thumb, 12 bytes, Stack size 8 bytes, os_cpu_c.o(.text))
<BR><BR>[Stack]<UL><LI>Max Depth = 8<LI>Call Chain = OSTaskReturnHook
</UL>
<BR>[Calls]<UL><LI><a href="#[cc]">&gt;&gt;</a>&nbsp;&nbsp;&nbsp;App_TaskReturnHook
</UL>
<BR>[Called By]<UL><LI><a href="#[5f]">&gt;&gt;</a>&nbsp;&nbsp;&nbsp;OS_TaskReturn
</UL>

<P><STRONG><a name="[cd]"></a>OSTaskStatHook</STRONG> (Thumb, 8 bytes, Stack size 8 bytes, os_cpu_c.o(.text))
<BR><BR>[Stack]<UL><LI>Max Depth = 8<LI>Call Chain = OSTaskStatHook
</UL>
<BR>[Calls]<UL><LI><a href="#[ce]">&gt;&gt;</a>&nbsp;&nbsp;&nbsp;App_TaskStatHook
</UL>
<BR>[Called By]<UL><LI><a href="#[e5]">&gt;&gt;</a>&nbsp;&nbsp;&nbsp;OS_TaskStat
</UL>

<P><STRONG><a name="[11a]"></a>OSTaskStkInit</STRONG> (Thumb, 444 bytes, Stack size 16 bytes, os_cpu_c.o(.text))
<BR><BR>[Stack]<UL><LI>Max Depth = 16<LI>Call Chain = OSTaskStkInit
</UL>
<BR>[Called By]<UL><LI><a href="#[e9]">&gt;&gt;</a>&nbsp;&nbsp;&nbsp;OSTaskCreateExt
<LI><a href="#[119]">&gt;&gt;</a>&nbsp;&nbsp;&nbsp;OSTaskCreate
</UL>

<P><STRONG><a name="[60]"></a>OSTaskSwHook</STRONG> (Thumb, 52 bytes, Stack size 8 bytes, os_cpu_c.o(.text))
<BR><BR>[Stack]<UL><LI>Max Depth = 8 + Unknown Stack Size
<LI>Call Chain = OSTaskSwHook
</UL>
<BR>[Calls]<UL><LI><a href="#[cf]">&gt;&gt;</a>&nbsp;&nbsp;&nbsp;OS_CPU_FP_Reg_Push
<LI><a href="#[d0]">&gt;&gt;</a>&nbsp;&nbsp;&nbsp;OS_CPU_FP_Reg_Pop
<LI><a href="#[d1]">&gt;&gt;</a>&nbsp;&nbsp;&nbsp;App_TaskSwHook
</UL>
<BR>[Address Reference Count : 1]<UL><LI> os_cpu_a.o(.text)
</UL>
<P><STRONG><a name="[d2]"></a>OSTCBInitHook</STRONG> (Thumb, 12 bytes, Stack size 8 bytes, os_cpu_c.o(.text))
<BR><BR>[Stack]<UL><LI>Max Depth = 8<LI>Call Chain = OSTCBInitHook
</UL>
<BR>[Calls]<UL><LI><a href="#[d3]">&gt;&gt;</a>&nbsp;&nbsp;&nbsp;App_TCBInitHook
</UL>
<BR>[Called By]<UL><LI><a href="#[ff]">&gt;&gt;</a>&nbsp;&nbsp;&nbsp;OS_TCBInit
</UL>

<P><STRONG><a name="[d4]"></a>OSTimeTickHook</STRONG> (Thumb, 8 bytes, Stack size 8 bytes, os_cpu_c.o(.text))
<BR><BR>[Stack]<UL><LI>Max Depth = 8<LI>Call Chain = OSTimeTickHook
</UL>
<BR>[Calls]<UL><LI><a href="#[d5]">&gt;&gt;</a>&nbsp;&nbsp;&nbsp;App_TimeTickHook
</UL>
<BR>[Called By]<UL><LI><a href="#[d8]">&gt;&gt;</a>&nbsp;&nbsp;&nbsp;OSTimeTick
</UL>

<P><STRONG><a name="[9]"></a>OS_CPU_SysTickHandler</STRONG> (Thumb, 34 bytes, Stack size 8 bytes, os_cpu_c.o(.text))
<BR><BR>[Stack]<UL><LI>Max Depth = 32 + Unknown Stack Size
<LI>Call Chain = OS_CPU_SysTickHandler &rArr; OSTimeTick &rArr; OSTimeTickHook
</UL>
<BR>[Calls]<UL><LI><a href="#[d6]">&gt;&gt;</a>&nbsp;&nbsp;&nbsp;OS_CPU_SR_Save
<LI><a href="#[d7]">&gt;&gt;</a>&nbsp;&nbsp;&nbsp;OS_CPU_SR_Restore
<LI><a href="#[d8]">&gt;&gt;</a>&nbsp;&nbsp;&nbsp;OSTimeTick
<LI><a href="#[d9]">&gt;&gt;</a>&nbsp;&nbsp;&nbsp;OSIntExit
</UL>
<BR>[Address Reference Count : 1]<UL><LI> startup_stm32f40_41xxx.o(RESET)
</UL>
<P><STRONG><a name="[193]"></a>OS_CPU_SysTickInit</STRONG> (Thumb, 44 bytes, Stack size 0 bytes, os_cpu_c.o(.text), UNUSED)

<P><STRONG><a name="[cf]"></a>OS_CPU_FP_Reg_Push</STRONG> (Thumb, 0 bytes, Stack size unknown bytes, os_cpu_a.o(.text))
<BR><BR>[Called By]<UL><LI><a href="#[60]">&gt;&gt;</a>&nbsp;&nbsp;&nbsp;OSTaskSwHook
</UL>

<P><STRONG><a name="[d0]"></a>OS_CPU_FP_Reg_Pop</STRONG> (Thumb, 0 bytes, Stack size unknown bytes, os_cpu_a.o(.text))
<BR><BR>[Called By]<UL><LI><a href="#[60]">&gt;&gt;</a>&nbsp;&nbsp;&nbsp;OSTaskSwHook
</UL>

<P><STRONG><a name="[d6]"></a>OS_CPU_SR_Save</STRONG> (Thumb, 0 bytes, Stack size unknown bytes, os_cpu_a.o(.text))
<BR><BR>[Called By]<UL><LI><a href="#[10b]">&gt;&gt;</a>&nbsp;&nbsp;&nbsp;OSFlagQuery
<LI><a href="#[10a]">&gt;&gt;</a>&nbsp;&nbsp;&nbsp;OSFlagPost
<LI><a href="#[109]">&gt;&gt;</a>&nbsp;&nbsp;&nbsp;OSFlagPendGetFlagsRdy
<LI><a href="#[107]">&gt;&gt;</a>&nbsp;&nbsp;&nbsp;OSFlagPend
<LI><a href="#[106]">&gt;&gt;</a>&nbsp;&nbsp;&nbsp;OSFlagNameSet
<LI><a href="#[105]">&gt;&gt;</a>&nbsp;&nbsp;&nbsp;OSFlagNameGet
<LI><a href="#[104]">&gt;&gt;</a>&nbsp;&nbsp;&nbsp;OSFlagDel
<LI><a href="#[101]">&gt;&gt;</a>&nbsp;&nbsp;&nbsp;OSFlagCreate
<LI><a href="#[100]">&gt;&gt;</a>&nbsp;&nbsp;&nbsp;OSFlagAccept
<LI><a href="#[e6]">&gt;&gt;</a>&nbsp;&nbsp;&nbsp;OSTimeDly
<LI><a href="#[e7]">&gt;&gt;</a>&nbsp;&nbsp;&nbsp;OSTaskSuspend
<LI><a href="#[e4]">&gt;&gt;</a>&nbsp;&nbsp;&nbsp;OSTaskStkChk
<LI><a href="#[ea]">&gt;&gt;</a>&nbsp;&nbsp;&nbsp;OSTaskNameSet
<LI><a href="#[e9]">&gt;&gt;</a>&nbsp;&nbsp;&nbsp;OSTaskCreateExt
[...]
<BR><BR>[Calls]<UL><LI><a href="#[d6]">&gt;&gt;</a>&nbsp;&nbsp;&nbsp;OS_CPU_SR_Save
<LI><a href="#[d7]">&gt;&gt;</a>&nbsp;&nbsp;&nbsp;OS_CPU_SR_Restore
</UL>

<P><STRONG><a name="[12a]"></a>BSP_CPU_ClkFreq</STRONG> (Thumb, 14 bytes, Stack size 24 bytes, bsp.o(.text))
<BR><BR>[Stack]<UL><LI>Max Depth = 44<LI>Call Chain = BSP_CPU_ClkFreq &rArr; RCC_GetClocksFreq
</UL>
<BR>[Calls]<UL><LI><a href="#[12b]">&gt;&gt;</a>&nbsp;&nbsp;&nbsp;RCC_GetClocksFreq
</UL>
<BR>[Called By]<UL><LI><a href="#[74]">&gt;&gt;</a>&nbsp;&nbsp;&nbsp;CPU_TS_TmrInit
<LI><a href="#[12f]">&gt;&gt;</a>&nbsp;&nbsp;&nbsp;SysTick_init
<LI><a href="#[12d]">&gt;&gt;</a>&nbsp;&nbsp;&nbsp;CPU_TS32_to_uSec
</UL>

<P><STRONG><a name="[74]"></a>CPU_TS_TmrInit</STRONG> (Thumb, 44 bytes, Stack size 8 bytes, bsp.o(.text), UNUSED)
<BR><BR>[Calls]<UL><LI><a href="#[12c]">&gt;&gt;</a>&nbsp;&nbsp;&nbsp;CPU_TS_TmrFreqSet
<LI><a href="#[12a]">&gt;&gt;</a>&nbsp;&nbsp;&nbsp;BSP_CPU_ClkFreq
</UL>
<BR>[Called By]<UL><LI><a href="#[73]">&gt;&gt;</a>&nbsp;&nbsp;&nbsp;CPU_TS_Init
</UL>

<P><STRONG><a name="[6b]"></a>CPU_TS_TmrRd</STRONG> (Thumb, 6 bytes, Stack size 0 bytes, bsp.o(.text), UNUSED)
<BR><BR>[Called By]<UL><LI><a href="#[7b]">&gt;&gt;</a>&nbsp;&nbsp;&nbsp;CPU_TS_Get32
<LI><a href="#[6a]">&gt;&gt;</a>&nbsp;&nbsp;&nbsp;CPU_IntDisMeasStop
<LI><a href="#[6c]">&gt;&gt;</a>&nbsp;&nbsp;&nbsp;CPU_IntDisMeasStart
</UL>

<P><STRONG><a name="[12d]"></a>CPU_TS32_to_uSec</STRONG> (Thumb, 54 bytes, Stack size 32 bytes, bsp.o(.text), UNUSED)
<BR><BR>[Calls]<UL><LI><a href="#[12e]">&gt;&gt;</a>&nbsp;&nbsp;&nbsp;__aeabi_uldivmod
<LI><a href="#[12a]">&gt;&gt;</a>&nbsp;&nbsp;&nbsp;BSP_CPU_ClkFreq
</UL>

<P><STRONG><a name="[12f]"></a>SysTick_init</STRONG> (Thumb, 90 bytes, Stack size 24 bytes, bsp.o(.text))
<BR><BR>[Stack]<UL><LI>Max Depth = 68<LI>Call Chain = SysTick_init &rArr; BSP_CPU_ClkFreq &rArr; RCC_GetClocksFreq
</UL>
<BR>[Calls]<UL><LI><a href="#[12a]">&gt;&gt;</a>&nbsp;&nbsp;&nbsp;BSP_CPU_ClkFreq
</UL>
<BR>[Called By]<UL><LI><a href="#[130]">&gt;&gt;</a>&nbsp;&nbsp;&nbsp;Bsp_Init
</UL>

<P><STRONG><a name="[130]"></a>Bsp_Init</STRONG> (Thumb, 12 bytes, Stack size 8 bytes, bsp.o(.text))
<BR><BR>[Stack]<UL><LI>Max Depth = 76<LI>Call Chain = Bsp_Init &rArr; SysTick_init &rArr; BSP_CPU_ClkFreq &rArr; RCC_GetClocksFreq
</UL>
<BR>[Calls]<UL><LI><a href="#[131]">&gt;&gt;</a>&nbsp;&nbsp;&nbsp;Bsp_Led_Init
<LI><a href="#[12f]">&gt;&gt;</a>&nbsp;&nbsp;&nbsp;SysTick_init
</UL>
<BR>[Called By]<UL><LI><a href="#[62]">&gt;&gt;</a>&nbsp;&nbsp;&nbsp;Test_Task
</UL>

<P><STRONG><a name="[135]"></a>Led_On</STRONG> (Thumb, 12 bytes, Stack size 8 bytes, led.o(.text))
<BR><BR>[Stack]<UL><LI>Max Depth = 8<LI>Call Chain = Led_On
</UL>
<BR>[Calls]<UL><LI><a href="#[136]">&gt;&gt;</a>&nbsp;&nbsp;&nbsp;GPIO_SetBits
</UL>
<BR>[Called By]<UL><LI><a href="#[62]">&gt;&gt;</a>&nbsp;&nbsp;&nbsp;Test_Task
</UL>

<P><STRONG><a name="[137]"></a>Led_Off</STRONG> (Thumb, 12 bytes, Stack size 8 bytes, led.o(.text))
<BR><BR>[Stack]<UL><LI>Max Depth = 8<LI>Call Chain = Led_Off
</UL>
<BR>[Calls]<UL><LI><a href="#[138]">&gt;&gt;</a>&nbsp;&nbsp;&nbsp;GPIO_ResetBits
</UL>
<BR>[Called By]<UL><LI><a href="#[62]">&gt;&gt;</a>&nbsp;&nbsp;&nbsp;Test_Task
</UL>

<P><STRONG><a name="[131]"></a>Bsp_Led_Init</STRONG> (Thumb, 8 bytes, Stack size 8 bytes, led.o(.text))
<BR><BR>[Stack]<UL><LI>Max Depth = 44<LI>Call Chain = Bsp_Led_Init &rArr; Bsp_Led_Gpio_Init &rArr; GPIO_Init
</UL>
<BR>[Calls]<UL><LI><a href="#[132]">&gt;&gt;</a>&nbsp;&nbsp;&nbsp;Bsp_Led_Gpio_Init
</UL>
<BR>[Called By]<UL><LI><a href="#[130]">&gt;&gt;</a>&nbsp;&nbsp;&nbsp;Bsp_Init
</UL>

<P><STRONG><a name="[1]"></a>NMI_Handler</STRONG> (Thumb, 2 bytes, Stack size 0 bytes, stm32f4xx_it.o(.text))
<BR>[Address Reference Count : 1]<UL><LI> startup_stm32f40_41xxx.o(RESET)
</UL>
<P><STRONG><a name="[2]"></a>HardFault_Handler</STRONG> (Thumb, 4 bytes, Stack size 0 bytes, stm32f4xx_it.o(.text))
<BR>[Address Reference Count : 1]<UL><LI> startup_stm32f40_41xxx.o(RESET)
</UL>
<P><STRONG><a name="[3]"></a>MemManage_Handler</STRONG> (Thumb, 4 bytes, Stack size 0 bytes, stm32f4xx_it.o(.text))
<BR>[Address Reference Count : 1]<UL><LI> startup_stm32f40_41xxx.o(RESET)
</UL>
<P><STRONG><a name="[4]"></a>BusFault_Handler</STRONG> (Thumb, 4 bytes, Stack size 0 bytes, stm32f4xx_it.o(.text))
<BR>[Address Reference Count : 1]<UL><LI> startup_stm32f40_41xxx.o(RESET)
</UL>
<P><STRONG><a name="[5]"></a>UsageFault_Handler</STRONG> (Thumb, 4 bytes, Stack size 0 bytes, stm32f4xx_it.o(.text))
<BR>[Address Reference Count : 1]<UL><LI> startup_stm32f40_41xxx.o(RESET)
</UL>
<P><STRONG><a name="[6]"></a>SVC_Handler</STRONG> (Thumb, 2 bytes, Stack size 0 bytes, stm32f4xx_it.o(.text))
<BR>[Address Reference Count : 1]<UL><LI> startup_stm32f40_41xxx.o(RESET)
</UL>
<P><STRONG><a name="[7]"></a>DebugMon_Handler</STRONG> (Thumb, 2 bytes, Stack size 0 bytes, stm32f4xx_it.o(.text))
<BR>[Address Reference Count : 1]<UL><LI> startup_stm32f40_41xxx.o(RESET)
</UL>
<P><STRONG><a name="[139]"></a>TaskCreateAppTask</STRONG> (Thumb, 50 bytes, Stack size 32 bytes, main.o(.text))
<BR><BR>[Stack]<UL><LI>Max Depth = 136 + Unknown Stack Size
<LI>Call Chain = TaskCreateAppTask &rArr; OSTaskCreateExt &rArr; OS_TCBInit &rArr; OSTCBInitHook
</UL>
<BR>[Calls]<UL><LI><a href="#[ea]">&gt;&gt;</a>&nbsp;&nbsp;&nbsp;OSTaskNameSet
<LI><a href="#[e9]">&gt;&gt;</a>&nbsp;&nbsp;&nbsp;OSTaskCreateExt
</UL>
<BR>[Called By]<UL><LI><a href="#[62]">&gt;&gt;</a>&nbsp;&nbsp;&nbsp;Test_Task
</UL>

<P><STRONG><a name="[13b]"></a>TaskCreate</STRONG> (Thumb, 48 bytes, Stack size 32 bytes, main.o(.text))
<BR><BR>[Stack]<UL><LI>Max Depth = 136 + Unknown Stack Size
<LI>Call Chain = TaskCreate &rArr; OSTaskCreateExt &rArr; OS_TCBInit &rArr; OSTCBInitHook
</UL>
<BR>[Calls]<UL><LI><a href="#[ea]">&gt;&gt;</a>&nbsp;&nbsp;&nbsp;OSTaskNameSet
<LI><a href="#[e9]">&gt;&gt;</a>&nbsp;&nbsp;&nbsp;OSTaskCreateExt
</UL>
<BR>[Called By]<UL><LI><a href="#[5c]">&gt;&gt;</a>&nbsp;&nbsp;&nbsp;main
</UL>

<P><STRONG><a name="[5c]"></a>main</STRONG> (Thumb, 18 bytes, Stack size 8 bytes, main.o(.text))
<BR><BR>[Stack]<UL><LI>Max Depth = 152 + Unknown Stack Size
<LI>Call Chain = main &rArr; OSInit &rArr; OS_InitTaskIdle &rArr; OSTaskCreateExt &rArr; OS_TCBInit &rArr; OSTCBInitHook
</UL>
<BR>[Calls]<UL><LI><a href="#[fa]">&gt;&gt;</a>&nbsp;&nbsp;&nbsp;OSStart
<LI><a href="#[f0]">&gt;&gt;</a>&nbsp;&nbsp;&nbsp;OSInit
<LI><a href="#[13b]">&gt;&gt;</a>&nbsp;&nbsp;&nbsp;TaskCreate
</UL>
<BR>[Address Reference Count : 1]<UL><LI> entry9a.o(.ARM.Collect$$$$0000000B)
</UL>
<P><STRONG><a name="[c6]"></a>App_TaskCreateHook</STRONG> (Thumb, 2 bytes, Stack size 0 bytes, app_hooks.o(.text))
<BR><BR>[Called By]<UL><LI><a href="#[c5]">&gt;&gt;</a>&nbsp;&nbsp;&nbsp;OSTaskCreateHook
</UL>

<P><STRONG><a name="[c8]"></a>App_TaskDelHook</STRONG> (Thumb, 2 bytes, Stack size 0 bytes, app_hooks.o(.text))
<BR><BR>[Called By]<UL><LI><a href="#[c7]">&gt;&gt;</a>&nbsp;&nbsp;&nbsp;OSTaskDelHook
</UL>

<P><STRONG><a name="[ca]"></a>App_TaskIdleHook</STRONG> (Thumb, 2 bytes, Stack size 0 bytes, app_hooks.o(.text))
<BR><BR>[Called By]<UL><LI><a href="#[c9]">&gt;&gt;</a>&nbsp;&nbsp;&nbsp;OSTaskIdleHook
</UL>

<P><STRONG><a name="[ce]"></a>App_TaskStatHook</STRONG> (Thumb, 2 bytes, Stack size 0 bytes, app_hooks.o(.text))
<BR><BR>[Called By]<UL><LI><a href="#[cd]">&gt;&gt;</a>&nbsp;&nbsp;&nbsp;OSTaskStatHook
</UL>

<P><STRONG><a name="[cc]"></a>App_TaskReturnHook</STRONG> (Thumb, 2 bytes, Stack size 0 bytes, app_hooks.o(.text))
<BR><BR>[Called By]<UL><LI><a href="#[cb]">&gt;&gt;</a>&nbsp;&nbsp;&nbsp;OSTaskReturnHook
</UL>

<P><STRONG><a name="[d1]"></a>App_TaskSwHook</STRONG> (Thumb, 2 bytes, Stack size 0 bytes, app_hooks.o(.text))
<BR><BR>[Called By]<UL><LI><a href="#[60]">&gt;&gt;</a>&nbsp;&nbsp;&nbsp;OSTaskSwHook
</UL>

<P><STRONG><a name="[d3]"></a>App_TCBInitHook</STRONG> (Thumb, 2 bytes, Stack size 0 bytes, app_hooks.o(.text))
<BR><BR>[Called By]<UL><LI><a href="#[d2]">&gt;&gt;</a>&nbsp;&nbsp;&nbsp;OSTCBInitHook
</UL>

<P><STRONG><a name="[d5]"></a>App_TimeTickHook</STRONG> (Thumb, 2 bytes, Stack size 0 bytes, app_hooks.o(.text))
<BR><BR>[Called By]<UL><LI><a href="#[d4]">&gt;&gt;</a>&nbsp;&nbsp;&nbsp;OSTimeTickHook
</UL>

<P><STRONG><a name="[12e]"></a>__aeabi_uldivmod</STRONG> (Thumb, 98 bytes, Stack size 40 bytes, uldiv.o(.text), UNUSED)
<BR><BR>[Calls]<UL><LI><a href="#[13c]">&gt;&gt;</a>&nbsp;&nbsp;&nbsp;__aeabi_llsr
<LI><a href="#[13d]">&gt;&gt;</a>&nbsp;&nbsp;&nbsp;__aeabi_llsl
</UL>
<BR>[Called By]<UL><LI><a href="#[12d]">&gt;&gt;</a>&nbsp;&nbsp;&nbsp;CPU_TS32_to_uSec
</UL>

<P><STRONG><a name="[13d]"></a>__aeabi_llsl</STRONG> (Thumb, 30 bytes, Stack size 0 bytes, llshl.o(.text), UNUSED)
<BR><BR>[Called By]<UL><LI><a href="#[12e]">&gt;&gt;</a>&nbsp;&nbsp;&nbsp;__aeabi_uldivmod
</UL>

<P><STRONG><a name="[196]"></a>_ll_shift_l</STRONG> (Thumb, 0 bytes, Stack size 0 bytes, llshl.o(.text), UNUSED)

<P><STRONG><a name="[13c]"></a>__aeabi_llsr</STRONG> (Thumb, 32 bytes, Stack size 0 bytes, llushr.o(.text), UNUSED)
<BR><BR>[Called By]<UL><LI><a href="#[12e]">&gt;&gt;</a>&nbsp;&nbsp;&nbsp;__aeabi_uldivmod
</UL>

<P><STRONG><a name="[197]"></a>_ll_ushift_r</STRONG> (Thumb, 0 bytes, Stack size 0 bytes, llushr.o(.text), UNUSED)

<P><STRONG><a name="[64]"></a>__scatterload</STRONG> (Thumb, 28 bytes, Stack size 0 bytes, init.o(.text))
<BR><BR>[Calls]<UL><LI><a href="#[13e]">&gt;&gt;</a>&nbsp;&nbsp;&nbsp;__main_after_scatterload
</UL>
<BR>[Called By]<UL><LI><a href="#[63]">&gt;&gt;</a>&nbsp;&nbsp;&nbsp;_main_scatterload
</UL>

<P><STRONG><a name="[198]"></a>__scatterload_rt2</STRONG> (Thumb, 0 bytes, Stack size 0 bytes, init.o(.text), UNUSED)

<P><STRONG><a name="[199]"></a>__scatterload_copy</STRONG> (Thumb, 14 bytes, Stack size unknown bytes, handlers.o(i.__scatterload_copy), UNUSED)

<P><STRONG><a name="[19a]"></a>__scatterload_null</STRONG> (Thumb, 2 bytes, Stack size unknown bytes, handlers.o(i.__scatterload_null), UNUSED)

<P><STRONG><a name="[19b]"></a>__scatterload_zeroinit</STRONG> (Thumb, 14 bytes, Stack size unknown bytes, handlers.o(i.__scatterload_zeroinit), UNUSED)
<P>
<H3>
Local Symbols
</H3>
<P><STRONG><a name="[65]"></a>SetSysClock</STRONG> (Thumb, 220 bytes, Stack size 12 bytes, system_stm32f4xx.o(.text))
<BR><BR>[Stack]<UL><LI>Max Depth = 12<LI>Call Chain = SetSysClock
</UL>
<BR>[Called By]<UL><LI><a href="#[5d]">&gt;&gt;</a>&nbsp;&nbsp;&nbsp;SystemInit
</UL>

<P><STRONG><a name="[71]"></a>CPU_NameInit</STRONG> (Thumb, 8 bytes, Stack size 8 bytes, cpu_core.o(.text), UNUSED)
<BR><BR>[Calls]<UL><LI><a href="#[6d]">&gt;&gt;</a>&nbsp;&nbsp;&nbsp;CPU_NameClr
</UL>
<BR>[Called By]<UL><LI><a href="#[75]">&gt;&gt;</a>&nbsp;&nbsp;&nbsp;CPU_Init
</UL>

<P><STRONG><a name="[72]"></a>CPU_IntDisMeasInit</STRONG> (Thumb, 104 bytes, Stack size 16 bytes, cpu_core.o(.text), UNUSED)
<BR><BR>[Calls]<UL><LI><a href="#[6a]">&gt;&gt;</a>&nbsp;&nbsp;&nbsp;CPU_IntDisMeasStop
<LI><a href="#[6c]">&gt;&gt;</a>&nbsp;&nbsp;&nbsp;CPU_IntDisMeasStart
<LI><a href="#[70]">&gt;&gt;</a>&nbsp;&nbsp;&nbsp;CPU_SR_Restore
<LI><a href="#[6e]">&gt;&gt;</a>&nbsp;&nbsp;&nbsp;CPU_SR_Save
</UL>
<BR>[Called By]<UL><LI><a href="#[75]">&gt;&gt;</a>&nbsp;&nbsp;&nbsp;CPU_Init
</UL>

<P><STRONG><a name="[73]"></a>CPU_TS_Init</STRONG> (Thumb, 14 bytes, Stack size 8 bytes, cpu_core.o(.text), UNUSED)
<BR><BR>[Calls]<UL><LI><a href="#[74]">&gt;&gt;</a>&nbsp;&nbsp;&nbsp;CPU_TS_TmrInit
</UL>
<BR>[Called By]<UL><LI><a href="#[75]">&gt;&gt;</a>&nbsp;&nbsp;&nbsp;CPU_Init
</UL>

<P><STRONG><a name="[7e]"></a>CPU_IntDisMeasMaxCalc</STRONG> (Thumb, 24 bytes, Stack size 0 bytes, cpu_core.o(.text), UNUSED)
<BR><BR>[Called By]<UL><LI><a href="#[80]">&gt;&gt;</a>&nbsp;&nbsp;&nbsp;CPU_IntDisMeasMaxGet
<LI><a href="#[7d]">&gt;&gt;</a>&nbsp;&nbsp;&nbsp;CPU_IntDisMeasMaxCurGet
</UL>

<P><STRONG><a name="[8e]"></a>Mem_SegCreateCritical</STRONG> (Thumb, 28 bytes, Stack size 12 bytes, lib_mem.o(.text), UNUSED)
<BR><BR>[Called By]<UL><LI><a href="#[9c]">&gt;&gt;</a>&nbsp;&nbsp;&nbsp;Mem_PoolCreate
<LI><a href="#[8d]">&gt;&gt;</a>&nbsp;&nbsp;&nbsp;Mem_SegCreate
</UL>

<P><STRONG><a name="[94]"></a>Mem_SegAllocExtCritical</STRONG> (Thumb, 164 bytes, Stack size 36 bytes, lib_mem.o(.text), UNUSED)
<BR><BR>[Called By]<UL><LI><a href="#[9c]">&gt;&gt;</a>&nbsp;&nbsp;&nbsp;Mem_PoolCreate
<LI><a href="#[93]">&gt;&gt;</a>&nbsp;&nbsp;&nbsp;Mem_SegAllocInternal
</UL>

<P><STRONG><a name="[93]"></a>Mem_SegAllocInternal</STRONG> (Thumb, 112 bytes, Stack size 48 bytes, lib_mem.o(.text), UNUSED)
<BR><BR>[Calls]<UL><LI><a href="#[94]">&gt;&gt;</a>&nbsp;&nbsp;&nbsp;Mem_SegAllocExtCritical
<LI><a href="#[6a]">&gt;&gt;</a>&nbsp;&nbsp;&nbsp;CPU_IntDisMeasStop
<LI><a href="#[6c]">&gt;&gt;</a>&nbsp;&nbsp;&nbsp;CPU_IntDisMeasStart
<LI><a href="#[70]">&gt;&gt;</a>&nbsp;&nbsp;&nbsp;CPU_SR_Restore
<LI><a href="#[6e]">&gt;&gt;</a>&nbsp;&nbsp;&nbsp;CPU_SR_Save
</UL>
<BR>[Called By]<UL><LI><a href="#[a5]">&gt;&gt;</a>&nbsp;&nbsp;&nbsp;Mem_DynPoolBlkGet
<LI><a href="#[9c]">&gt;&gt;</a>&nbsp;&nbsp;&nbsp;Mem_PoolCreate
<LI><a href="#[9b]">&gt;&gt;</a>&nbsp;&nbsp;&nbsp;Mem_SegAllocHW
<LI><a href="#[9a]">&gt;&gt;</a>&nbsp;&nbsp;&nbsp;Mem_SegAllocExt
<LI><a href="#[99]">&gt;&gt;</a>&nbsp;&nbsp;&nbsp;Mem_SegAlloc
<LI><a href="#[95]">&gt;&gt;</a>&nbsp;&nbsp;&nbsp;Mem_HeapAlloc
<LI><a href="#[a2]">&gt;&gt;</a>&nbsp;&nbsp;&nbsp;Mem_DynPoolCreateInternal
</UL>

<P><STRONG><a name="[9e]"></a>Mem_SegOverlapChkCritical</STRONG> (Thumb, 82 bytes, Stack size 20 bytes, lib_mem.o(.text), UNUSED)
<BR><BR>[Called By]<UL><LI><a href="#[9c]">&gt;&gt;</a>&nbsp;&nbsp;&nbsp;Mem_PoolCreate
</UL>

<P><STRONG><a name="[a2]"></a>Mem_DynPoolCreateInternal</STRONG> (Thumb, 276 bytes, Stack size 64 bytes, lib_mem.o(.text), UNUSED)
<BR><BR>[Calls]<UL><LI><a href="#[93]">&gt;&gt;</a>&nbsp;&nbsp;&nbsp;Mem_SegAllocInternal
</UL>
<BR>[Called By]<UL><LI><a href="#[a4]">&gt;&gt;</a>&nbsp;&nbsp;&nbsp;Mem_DynPoolCreateHW
<LI><a href="#[a3]">&gt;&gt;</a>&nbsp;&nbsp;&nbsp;Mem_DynPoolCreate
</UL>

<P><STRONG><a name="[b9]"></a>Str_FmtNbr_Int32</STRONG> (Thumb, 474 bytes, Stack size 104 bytes, lib_str.o(.text), UNUSED)
<BR><BR>[Calls]<UL><LI><a href="#[ba]">&gt;&gt;</a>&nbsp;&nbsp;&nbsp;ASCII_IsPrint
</UL>
<BR>[Called By]<UL><LI><a href="#[bc]">&gt;&gt;</a>&nbsp;&nbsp;&nbsp;Str_FmtNbr_Int32S
<LI><a href="#[bb]">&gt;&gt;</a>&nbsp;&nbsp;&nbsp;Str_FmtNbr_Int32U
</UL>

<P><STRONG><a name="[bd]"></a>Str_ParseNbr_Int32</STRONG> (Thumb, 446 bytes, Stack size 96 bytes, lib_str.o(.text), UNUSED)
<BR><BR>[Calls]<UL><LI><a href="#[be]">&gt;&gt;</a>&nbsp;&nbsp;&nbsp;ASCII_IsSpace
<LI><a href="#[bf]">&gt;&gt;</a>&nbsp;&nbsp;&nbsp;ASCII_IsDigHex
<LI><a href="#[c1]">&gt;&gt;</a>&nbsp;&nbsp;&nbsp;ASCII_IsDig
<LI><a href="#[c2]">&gt;&gt;</a>&nbsp;&nbsp;&nbsp;ASCII_IsLower
<LI><a href="#[c0]">&gt;&gt;</a>&nbsp;&nbsp;&nbsp;ASCII_IsAlphaNum
</UL>
<BR>[Called By]<UL><LI><a href="#[c4]">&gt;&gt;</a>&nbsp;&nbsp;&nbsp;Str_ParseNbr_Int32S
<LI><a href="#[c3]">&gt;&gt;</a>&nbsp;&nbsp;&nbsp;Str_ParseNbr_Int32U
</UL>

<P><STRONG><a name="[de]"></a>OS_SchedNew</STRONG> (Thumb, 26 bytes, Stack size 0 bytes, os_core.o(.text))
<BR><BR>[Called By]<UL><LI><a href="#[fa]">&gt;&gt;</a>&nbsp;&nbsp;&nbsp;OSStart
<LI><a href="#[dd]">&gt;&gt;</a>&nbsp;&nbsp;&nbsp;OS_Sched
<LI><a href="#[d9]">&gt;&gt;</a>&nbsp;&nbsp;&nbsp;OSIntExit
</UL>

<P><STRONG><a name="[e8]"></a>OS_InitTaskStat</STRONG> (Thumb, 52 bytes, Stack size 32 bytes, os_core.o(.text))
<BR><BR>[Stack]<UL><LI>Max Depth = 136 + Unknown Stack Size
<LI>Call Chain = OS_InitTaskStat &rArr; OSTaskCreateExt &rArr; OS_TCBInit &rArr; OSTCBInitHook
</UL>
<BR>[Calls]<UL><LI><a href="#[ea]">&gt;&gt;</a>&nbsp;&nbsp;&nbsp;OSTaskNameSet
<LI><a href="#[e9]">&gt;&gt;</a>&nbsp;&nbsp;&nbsp;OSTaskCreateExt
</UL>
<BR>[Called By]<UL><LI><a href="#[f0]">&gt;&gt;</a>&nbsp;&nbsp;&nbsp;OSInit
</UL>

<P><STRONG><a name="[ec]"></a>OS_InitTaskIdle</STRONG> (Thumb, 52 bytes, Stack size 32 bytes, os_core.o(.text))
<BR><BR>[Stack]<UL><LI>Max Depth = 136 + Unknown Stack Size
<LI>Call Chain = OS_InitTaskIdle &rArr; OSTaskCreateExt &rArr; OS_TCBInit &rArr; OSTCBInitHook
</UL>
<BR>[Calls]<UL><LI><a href="#[ea]">&gt;&gt;</a>&nbsp;&nbsp;&nbsp;OSTaskNameSet
<LI><a href="#[e9]">&gt;&gt;</a>&nbsp;&nbsp;&nbsp;OSTaskCreateExt
</UL>
<BR>[Called By]<UL><LI><a href="#[f0]">&gt;&gt;</a>&nbsp;&nbsp;&nbsp;OSInit
</UL>

<P><STRONG><a name="[ed]"></a>OS_InitEventList</STRONG> (Thumb, 84 bytes, Stack size 16 bytes, os_core.o(.text))
<BR><BR>[Stack]<UL><LI>Max Depth = 16<LI>Call Chain = OS_InitEventList
</UL>
<BR>[Calls]<UL><LI><a href="#[ee]">&gt;&gt;</a>&nbsp;&nbsp;&nbsp;OS_MemClr
</UL>
<BR>[Called By]<UL><LI><a href="#[f0]">&gt;&gt;</a>&nbsp;&nbsp;&nbsp;OSInit
</UL>

<P><STRONG><a name="[ef]"></a>OS_InitTCBList</STRONG> (Thumb, 106 bytes, Stack size 16 bytes, os_core.o(.text))
<BR><BR>[Stack]<UL><LI>Max Depth = 16<LI>Call Chain = OS_InitTCBList
</UL>
<BR>[Calls]<UL><LI><a href="#[ee]">&gt;&gt;</a>&nbsp;&nbsp;&nbsp;OS_MemClr
</UL>
<BR>[Called By]<UL><LI><a href="#[f0]">&gt;&gt;</a>&nbsp;&nbsp;&nbsp;OSInit
</UL>

<P><STRONG><a name="[f3]"></a>OS_InitRdyList</STRONG> (Thumb, 44 bytes, Stack size 0 bytes, os_core.o(.text))
<BR><BR>[Called By]<UL><LI><a href="#[f0]">&gt;&gt;</a>&nbsp;&nbsp;&nbsp;OSInit
</UL>

<P><STRONG><a name="[f2]"></a>OS_InitMisc</STRONG> (Thumb, 48 bytes, Stack size 0 bytes, os_core.o(.text))
<BR><BR>[Called By]<UL><LI><a href="#[f0]">&gt;&gt;</a>&nbsp;&nbsp;&nbsp;OSInit
</UL>

<P><STRONG><a name="[102]"></a>OS_FlagTaskRdy</STRONG> (Thumb, 88 bytes, Stack size 24 bytes, os_flag.o(.text), UNUSED)
<BR><BR>[Calls]<UL><LI><a href="#[103]">&gt;&gt;</a>&nbsp;&nbsp;&nbsp;OS_FlagUnlink
</UL>
<BR>[Called By]<UL><LI><a href="#[10a]">&gt;&gt;</a>&nbsp;&nbsp;&nbsp;OSFlagPost
<LI><a href="#[104]">&gt;&gt;</a>&nbsp;&nbsp;&nbsp;OSFlagDel
</UL>

<P><STRONG><a name="[108]"></a>OS_FlagBlock</STRONG> (Thumb, 152 bytes, Stack size 20 bytes, os_flag.o(.text), UNUSED)
<BR><BR>[Called By]<UL><LI><a href="#[107]">&gt;&gt;</a>&nbsp;&nbsp;&nbsp;OSFlagPend
</UL>

<P><STRONG><a name="[132]"></a>Bsp_Led_Gpio_Init</STRONG> (Thumb, 48 bytes, Stack size 16 bytes, led.o(.text))
<BR><BR>[Stack]<UL><LI>Max Depth = 36<LI>Call Chain = Bsp_Led_Gpio_Init &rArr; GPIO_Init
</UL>
<BR>[Calls]<UL><LI><a href="#[133]">&gt;&gt;</a>&nbsp;&nbsp;&nbsp;RCC_AHB1PeriphClockCmd
<LI><a href="#[134]">&gt;&gt;</a>&nbsp;&nbsp;&nbsp;GPIO_Init
</UL>
<BR>[Called By]<UL><LI><a href="#[131]">&gt;&gt;</a>&nbsp;&nbsp;&nbsp;Bsp_Led_Init
</UL>

<P><STRONG><a name="[61]"></a>Test_Idle</STRONG> (Thumb, 16 bytes, Stack size 0 bytes, main.o(.text))
<BR><BR>[Stack]<UL><LI>Max Depth = 48 + Unknown Stack Size
<LI>Call Chain = Test_Idle &rArr; OSTimeDlyHMSM &rArr; OSTimeDly &rArr; OS_Sched
</UL>
<BR>[Calls]<UL><LI><a href="#[126]">&gt;&gt;</a>&nbsp;&nbsp;&nbsp;OSTimeDlyHMSM
</UL>
<BR>[Address Reference Count : 1]<UL><LI> main.o(.text)
</UL>
<P><STRONG><a name="[62]"></a>Test_Task</STRONG> (Thumb, 52 bytes, Stack size 0 bytes, main.o(.text))
<BR><BR>[Stack]<UL><LI>Max Depth = 136 + Unknown Stack Size
<LI>Call Chain = Test_Task &rArr; TaskCreateAppTask &rArr; OSTaskCreateExt &rArr; OS_TCBInit &rArr; OSTCBInitHook
</UL>
<BR>[Calls]<UL><LI><a href="#[13a]">&gt;&gt;</a>&nbsp;&nbsp;&nbsp;NVIC_PriorityGroupConfig
<LI><a href="#[139]">&gt;&gt;</a>&nbsp;&nbsp;&nbsp;TaskCreateAppTask
<LI><a href="#[137]">&gt;&gt;</a>&nbsp;&nbsp;&nbsp;Led_Off
<LI><a href="#[135]">&gt;&gt;</a>&nbsp;&nbsp;&nbsp;Led_On
<LI><a href="#[130]">&gt;&gt;</a>&nbsp;&nbsp;&nbsp;Bsp_Init
<LI><a href="#[126]">&gt;&gt;</a>&nbsp;&nbsp;&nbsp;OSTimeDlyHMSM
</UL>
<BR>[Address Reference Count : 1]<UL><LI> main.o(.text)
</UL><P>
<H3>
Undefined Global Symbols
</H3><HR></body></html>
