Product: MDK-ARM Professional 5.10
Component: ARM Compiler 5.04 update 1 (build 49)
Tool: armlink [5040049]

==============================================================================

Section Cross References

    startup_stm32f40_41xxx.o(RESET) refers to startup_stm32f40_41xxx.o(STACK) for __initial_sp
    startup_stm32f40_41xxx.o(RESET) refers to startup_stm32f40_41xxx.o(.text) for Reset_Handler
    startup_stm32f40_41xxx.o(RESET) refers to stm32f4xx_it.o(.text) for NMI_Handler
    startup_stm32f40_41xxx.o(RESET) refers to os_cpu_a.o(.text) for OS_CPU_PendSVHandler
    startup_stm32f40_41xxx.o(RESET) refers to os_cpu_c.o(.text) for OS_CPU_SysTickHandler
    startup_stm32f40_41xxx.o(.text) refers to system_stm32f4xx.o(.text) for SystemInit
    startup_stm32f40_41xxx.o(.text) refers to entry.o(.ARM.Collect$$$$00000000) for __main
    system_stm32f4xx.o(.text) refers to system_stm32f4xx.o(.data) for SystemCoreClock
    stm32f4xx_gpio.o(.text) refers to stm32f4xx_rcc.o(.text) for RCC_AHB1PeriphResetCmd
    stm32f4xx_rcc.o(.text) refers to stm32f4xx_rcc.o(.data) for APBAHBPrescTable
    stm32f4xx_fsmc.o(.text) refers to stm32f4xx_fsmc.o(.constdata) for FSMC_DefaultTimingStruct
    cpu_c.o(.text) refers to cpu_a.o(.text) for CPU_SR_Save
    cpu_c.o(.text) refers to cpu_core.o(.text) for CPU_IntDisMeasStart
    cpu_core.o(.text) refers to bsp.o(.text) for CPU_TS_TmrRd
    cpu_core.o(.text) refers to cpu_a.o(.text) for CPU_SR_Save
    cpu_core.o(.text) refers to lib_mem.o(.text) for Mem_Clr
    cpu_core.o(.text) refers to lib_str.o(.text) for Str_Copy_N
    cpu_core.o(.text) refers to cpu_core.o(.data) for CPU_IntDisNestCtr
    cpu_core.o(.text) refers to cpu_core.o(.bss) for CPU_Name
    cpu_core.o(.text) refers to cpu_core.o(.constdata) for CPU_CntLeadZerosTbl
    lib_math.o(.text) refers to cpu_a.o(.text) for CPU_SR_Save
    lib_math.o(.text) refers to cpu_core.o(.text) for CPU_IntDisMeasStart
    lib_math.o(.text) refers to lib_math.o(.data) for Math_RandSeedCur
    lib_mem.o(.text) refers to cpu_a.o(.text) for CPU_SR_Save
    lib_mem.o(.text) refers to cpu_core.o(.text) for CPU_IntDisMeasStart
    lib_mem.o(.text) refers to lib_mem_a.o(.text) for Mem_Copy
    lib_mem.o(.text) refers to lib_mem.o(.data) for Mem_SegHeadPtr
    lib_mem.o(.text) refers to lib_mem.o(.bss) for Mem_Heap
    lib_str.o(.text) refers to lib_ascii.o(.text) for ASCII_ToLower
    lib_str.o(.text) refers to lib_str.o(.constdata) for Str_MultOvfThTbl_Int32U
    os_cpu_c.o(.text) refers to app_hooks.o(.text) for App_TaskCreateHook
    os_cpu_c.o(.text) refers to os_cpu_a.o(.text) for OS_CPU_FP_Reg_Push
    os_cpu_c.o(.text) refers to os_core.o(.text) for OSTimeTick
    os_cpu_c.o(.text) refers to os_cpu_c.o(.bss) for OS_CPU_ExceptStk
    os_cpu_c.o(.text) refers to os_cpu_c.o(.data) for OS_CPU_ExceptStkBase
    os_cpu_c.o(.text) refers to os_task.o(.text) for OS_TaskReturn
    os_cpu_c.o(.text) refers to os_core.o(.data) for OSTCBCur
    os_cpu_a.o(.text) refers to os_core.o(.data) for OSTCBCur
    os_cpu_a.o(.text) refers to os_cpu_c.o(.data) for OS_CPU_ExceptStkBase
    os_cpu_a.o(.text) refers to os_cpu_c.o(.text) for OSTaskSwHook
    os_core.o(.text) refers to os_cpu_a.o(.text) for OS_CPU_SR_Save
    os_core.o(.text) refers to os_core.o(.data) for OSIntNesting
    os_core.o(.text) refers to os_core.o(.constdata) for OSUnMapTbl
    os_core.o(.text) refers to os_core.o(.bss) for OSTCBPrioTbl
    os_core.o(.text) refers to os_task.o(.text) for OSTaskStkChk
    os_core.o(.text) refers to os_time.o(.text) for OSTimeDly
    os_core.o(.text) refers to os_cpu_c.o(.text) for OSTaskStatHook
    os_core.o(.text) refers to os_flag.o(.text) for OS_FlagInit
    os_core.o(.text) refers to os_q.o(.text) for OS_QInit
    os_flag.o(.text) refers to os_cpu_a.o(.text) for OS_CPU_SR_Save
    os_flag.o(.text) refers to os_core.o(.text) for OS_Sched
    os_flag.o(.text) refers to os_core.o(.data) for OSIntNesting
    os_flag.o(.text) refers to os_core.o(.bss) for OSFlagTbl
    os_mbox.o(.text) refers to os_cpu_a.o(.text) for OS_CPU_SR_Save
    os_mbox.o(.text) refers to os_core.o(.text) for OS_EventWaitListInit
    os_mbox.o(.text) refers to os_core.o(.data) for OSIntNesting
    os_mutex.o(.text) refers to os_cpu_a.o(.text) for OS_CPU_SR_Save
    os_mutex.o(.text) refers to os_core.o(.text) for OS_EventWaitListInit
    os_mutex.o(.text) refers to os_core.o(.data) for OSIntNesting
    os_mutex.o(.text) refers to os_core.o(.bss) for OSTCBPrioTbl
    os_q.o(.text) refers to os_cpu_a.o(.text) for OS_CPU_SR_Save
    os_q.o(.text) refers to os_core.o(.text) for OS_EventWaitListInit
    os_q.o(.text) refers to os_core.o(.data) for OSIntNesting
    os_q.o(.text) refers to os_core.o(.bss) for OSQTbl
    os_sem.o(.text) refers to os_cpu_a.o(.text) for OS_CPU_SR_Save
    os_sem.o(.text) refers to os_core.o(.text) for OS_EventWaitListInit
    os_sem.o(.text) refers to os_core.o(.data) for OSIntNesting
    os_task.o(.text) refers to os_cpu_a.o(.text) for OS_CPU_SR_Save
    os_task.o(.text) refers to os_core.o(.text) for OS_Sched
    os_task.o(.text) refers to os_cpu_c.o(.text) for OSTaskStkInit
    os_task.o(.text) refers to os_flag.o(.text) for OS_FlagUnlink
    os_task.o(.text) refers to os_core.o(.bss) for OSTCBPrioTbl
    os_task.o(.text) refers to os_core.o(.data) for OSTCBCur
    os_time.o(.text) refers to os_cpu_a.o(.text) for OS_CPU_SR_Save
    os_time.o(.text) refers to os_core.o(.text) for OS_Sched
    os_time.o(.text) refers to os_core.o(.data) for OSIntNesting
    os_time.o(.text) refers to os_core.o(.bss) for OSTCBPrioTbl
    bsp.o(.text) refers to stm32f4xx_rcc.o(.text) for RCC_GetClocksFreq
    bsp.o(.text) refers to cpu_core.o(.text) for CPU_TS_TmrFreqSet
    bsp.o(.text) refers to uldiv.o(.text) for __aeabi_uldivmod
    bsp.o(.text) refers to led.o(.text) for Bsp_Led_Init
    led.o(.text) refers to stm32f4xx_rcc.o(.text) for RCC_AHB1PeriphClockCmd
    led.o(.text) refers to stm32f4xx_gpio.o(.text) for GPIO_Init
    main.o(.text) refers to os_time.o(.text) for OSTimeDlyHMSM
    main.o(.text) refers to os_task.o(.text) for OSTaskCreateExt
    main.o(.text) refers to misc.o(.text) for NVIC_PriorityGroupConfig
    main.o(.text) refers to bsp.o(.text) for Bsp_Init
    main.o(.text) refers to led.o(.text) for Led_On
    main.o(.text) refers to os_core.o(.text) for OSInit
    main.o(.text) refers to main.o(.bss) for Test_Idle_STK
    entry.o(.ARM.Collect$$$$00000000) refers (Special) to entry10a.o(.ARM.Collect$$$$0000000D) for __rt_final_cpp
    entry.o(.ARM.Collect$$$$00000000) refers (Special) to entry11a.o(.ARM.Collect$$$$0000000F) for __rt_final_exit
    entry.o(.ARM.Collect$$$$00000000) refers (Special) to entry7b.o(.ARM.Collect$$$$00000008) for _main_clock
    entry.o(.ARM.Collect$$$$00000000) refers (Special) to entry8b.o(.ARM.Collect$$$$0000000A) for _main_cpp_init
    entry.o(.ARM.Collect$$$$00000000) refers (Special) to entry9a.o(.ARM.Collect$$$$0000000B) for _main_init
    entry.o(.ARM.Collect$$$$00000000) refers (Special) to entry5.o(.ARM.Collect$$$$00000004) for _main_scatterload
    entry.o(.ARM.Collect$$$$00000000) refers (Special) to entry2.o(.ARM.Collect$$$$00000001) for _main_stk
    uldiv.o(.text) refers to llushr.o(.text) for __aeabi_llsr
    uldiv.o(.text) refers to llshl.o(.text) for __aeabi_llsl
    entry2.o(.ARM.Collect$$$$00000001) refers to entry2.o(.ARM.Collect$$$$00002712) for __lit__00000000
    entry2.o(.ARM.Collect$$$$00002712) refers to startup_stm32f40_41xxx.o(STACK) for __initial_sp
    entry2.o(__vectab_stack_and_reset_area) refers to startup_stm32f40_41xxx.o(STACK) for __initial_sp
    entry2.o(__vectab_stack_and_reset_area) refers to entry.o(.ARM.Collect$$$$00000000) for __main
    entry5.o(.ARM.Collect$$$$00000004) refers to init.o(.text) for __scatterload
    entry9a.o(.ARM.Collect$$$$0000000B) refers to main.o(.text) for main
    entry9b.o(.ARM.Collect$$$$0000000C) refers to main.o(.text) for main
    init.o(.text) refers to entry5.o(.ARM.Collect$$$$00000004) for __main_after_scatterload


==============================================================================

Removing Unused input sections from the image.

    Removing startup_stm32f40_41xxx.o(HEAP), (512 bytes).
    Removing system_stm32f4xx.o(.rev16_text), (4 bytes).
    Removing system_stm32f4xx.o(.revsh_text), (4 bytes).
    Removing misc.o(.rev16_text), (4 bytes).
    Removing misc.o(.revsh_text), (4 bytes).
    Removing stm32f4xx_flash.o(.rev16_text), (4 bytes).
    Removing stm32f4xx_flash.o(.revsh_text), (4 bytes).
    Removing stm32f4xx_flash.o(.text), (1684 bytes).
    Removing stm32f4xx_gpio.o(.rev16_text), (4 bytes).
    Removing stm32f4xx_gpio.o(.revsh_text), (4 bytes).
    Removing stm32f4xx_rcc.o(.rev16_text), (4 bytes).
    Removing stm32f4xx_rcc.o(.revsh_text), (4 bytes).
    Removing stm32f4xx_fsmc.o(.rev16_text), (4 bytes).
    Removing stm32f4xx_fsmc.o(.revsh_text), (4 bytes).
    Removing stm32f4xx_fsmc.o(.text), (1480 bytes).
    Removing stm32f4xx_fsmc.o(.constdata), (28 bytes).
    Removing cpu_c.o(.text), (2120 bytes).
    Removing lib_math.o(.text), (144 bytes).
    Removing lib_math.o(.data), (4 bytes).
    Removing os_mbox.o(.text), (996 bytes).
    Removing os_mutex.o(.text), (1608 bytes).
    Removing os_sem.o(.text), (932 bytes).
    Removing bsp.o(.rev16_text), (4 bytes).
    Removing bsp.o(.revsh_text), (4 bytes).
    Removing led.o(.rev16_text), (4 bytes).
    Removing led.o(.revsh_text), (4 bytes).
    Removing stm32f4xx_it.o(.rev16_text), (4 bytes).
    Removing stm32f4xx_it.o(.revsh_text), (4 bytes).
    Removing main.o(.rev16_text), (4 bytes).
    Removing main.o(.revsh_text), (4 bytes).

30 unused section(s) (total 9588 bytes) removed from the image.

==============================================================================

Image Symbol Table

    Local Symbols

    Symbol Name                              Value     Ov Type        Size  Object(Section)

    ../clib/microlib/division.c              0x00000000   Number         0  uldiv.o ABSOLUTE
    ../clib/microlib/init/entry.s            0x00000000   Number         0  entry11b.o ABSOLUTE
    ../clib/microlib/init/entry.s            0x00000000   Number         0  entry11a.o ABSOLUTE
    ../clib/microlib/init/entry.s            0x00000000   Number         0  entry10b.o ABSOLUTE
    ../clib/microlib/init/entry.s            0x00000000   Number         0  entry10a.o ABSOLUTE
    ../clib/microlib/init/entry.s            0x00000000   Number         0  entry2.o ABSOLUTE
    ../clib/microlib/init/entry.s            0x00000000   Number         0  entry9b.o ABSOLUTE
    ../clib/microlib/init/entry.s            0x00000000   Number         0  entry.o ABSOLUTE
    ../clib/microlib/init/entry.s            0x00000000   Number         0  entry9a.o ABSOLUTE
    ../clib/microlib/init/entry.s            0x00000000   Number         0  entry8b.o ABSOLUTE
    ../clib/microlib/init/entry.s            0x00000000   Number         0  entry8a.o ABSOLUTE
    ../clib/microlib/init/entry.s            0x00000000   Number         0  entry7b.o ABSOLUTE
    ../clib/microlib/init/entry.s            0x00000000   Number         0  entry7a.o ABSOLUTE
    ../clib/microlib/init/entry.s            0x00000000   Number         0  entry5.o ABSOLUTE
    ../clib/microlib/longlong.c              0x00000000   Number         0  llushr.o ABSOLUTE
    ../clib/microlib/longlong.c              0x00000000   Number         0  llshl.o ABSOLUTE
    ..\BSP\bsp.c                             0x00000000   Number         0  bsp.o ABSOLUTE
    ..\BSP\led.c                             0x00000000   Number         0  led.o ABSOLUTE
    ..\BSP\stm32f4xx_it.c                    0x00000000   Number         0  stm32f4xx_it.o ABSOLUTE
    ..\Main\main.c                           0x00000000   Number         0  main.o ABSOLUTE
    ..\STM32_StdPeriph_Library\CMSIS\DeviceSupport\ST\STM32F4xx\startup\arm\startup_stm32f40_41xxx.s 0x00000000   Number         0  startup_stm32f40_41xxx.o ABSOLUTE
    ..\STM32_StdPeriph_Library\CMSIS\DeviceSupport\ST\STM32F4xx\system_stm32f4xx.c 0x00000000   Number         0  system_stm32f4xx.o ABSOLUTE
    ..\STM32_StdPeriph_Library\STM32F4xx_StdPeriph_Driver\src\misc.c 0x00000000   Number         0  misc.o ABSOLUTE
    ..\STM32_StdPeriph_Library\STM32F4xx_StdPeriph_Driver\src\stm32f4xx_flash.c 0x00000000   Number         0  stm32f4xx_flash.o ABSOLUTE
    ..\STM32_StdPeriph_Library\STM32F4xx_StdPeriph_Driver\src\stm32f4xx_fsmc.c 0x00000000   Number         0  stm32f4xx_fsmc.o ABSOLUTE
    ..\STM32_StdPeriph_Library\STM32F4xx_StdPeriph_Driver\src\stm32f4xx_gpio.c 0x00000000   Number         0  stm32f4xx_gpio.o ABSOLUTE
    ..\STM32_StdPeriph_Library\STM32F4xx_StdPeriph_Driver\src\stm32f4xx_rcc.c 0x00000000   Number         0  stm32f4xx_rcc.o ABSOLUTE
    ..\UCOSII\RealView\os_cpu_a.asm          0x00000000   Number         0  os_cpu_a.o ABSOLUTE
    ..\UCOSII\RealView\os_cpu_c.c            0x00000000   Number         0  os_cpu_c.o ABSOLUTE
    ..\UCOSII\Source\os_core.c               0x00000000   Number         0  os_core.o ABSOLUTE
    ..\UCOSII\Source\os_flag.c               0x00000000   Number         0  os_flag.o ABSOLUTE
    ..\UCOSII\Source\os_mbox.c               0x00000000   Number         0  os_mbox.o ABSOLUTE
    ..\UCOSII\Source\os_mem.c                0x00000000   Number         0  os_mem.o ABSOLUTE
    ..\UCOSII\Source\os_mutex.c              0x00000000   Number         0  os_mutex.o ABSOLUTE
    ..\UCOSII\Source\os_q.c                  0x00000000   Number         0  os_q.o ABSOLUTE
    ..\UCOSII\Source\os_sem.c                0x00000000   Number         0  os_sem.o ABSOLUTE
    ..\UCOSII\Source\os_task.c               0x00000000   Number         0  os_task.o ABSOLUTE
    ..\UCOSII\Source\os_time.c               0x00000000   Number         0  os_time.o ABSOLUTE
    ..\UCOSII\Source\os_tmr.c                0x00000000   Number         0  os_tmr.o ABSOLUTE
    ..\UCOSII\app_hooks.c                    0x00000000   Number         0  app_hooks.o ABSOLUTE
    ..\UCOSII\uC-CPU\ARM-Cortex-M4\RealView\cpu_a.asm 0x00000000   Number         0  cpu_a.o ABSOLUTE
    ..\UCOSII\uC-CPU\ARM-Cortex-M4\RealView\cpu_c.c 0x00000000   Number         0  cpu_c.o ABSOLUTE
    ..\UCOSII\uC-CPU\cpu_core.c              0x00000000   Number         0  cpu_core.o ABSOLUTE
    ..\UCOSII\uC-LIB\Ports\ARM-Cortex-M4\RealView\lib_mem_a.asm 0x00000000   Number         0  lib_mem_a.o ABSOLUTE
    ..\UCOSII\uC-LIB\lib_ascii.c             0x00000000   Number         0  lib_ascii.o ABSOLUTE
    ..\UCOSII\uC-LIB\lib_math.c              0x00000000   Number         0  lib_math.o ABSOLUTE
    ..\UCOSII\uC-LIB\lib_mem.c               0x00000000   Number         0  lib_mem.o ABSOLUTE
    ..\UCOSII\uC-LIB\lib_str.c               0x00000000   Number         0  lib_str.o ABSOLUTE
    ..\\BSP\\bsp.c                           0x00000000   Number         0  bsp.o ABSOLUTE
    ..\\BSP\\led.c                           0x00000000   Number         0  led.o ABSOLUTE
    ..\\BSP\\stm32f4xx_it.c                  0x00000000   Number         0  stm32f4xx_it.o ABSOLUTE
    ..\\Main\\main.c                         0x00000000   Number         0  main.o ABSOLUTE
    ..\\STM32_StdPeriph_Library\\CMSIS\\DeviceSupport\\ST\\STM32F4xx\\system_stm32f4xx.c 0x00000000   Number         0  system_stm32f4xx.o ABSOLUTE
    ..\\STM32_StdPeriph_Library\\STM32F4xx_StdPeriph_Driver\\src\\misc.c 0x00000000   Number         0  misc.o ABSOLUTE
    ..\\STM32_StdPeriph_Library\\STM32F4xx_StdPeriph_Driver\\src\\stm32f4xx_flash.c 0x00000000   Number         0  stm32f4xx_flash.o ABSOLUTE
    ..\\STM32_StdPeriph_Library\\STM32F4xx_StdPeriph_Driver\\src\\stm32f4xx_fsmc.c 0x00000000   Number         0  stm32f4xx_fsmc.o ABSOLUTE
    ..\\STM32_StdPeriph_Library\\STM32F4xx_StdPeriph_Driver\\src\\stm32f4xx_gpio.c 0x00000000   Number         0  stm32f4xx_gpio.o ABSOLUTE
    ..\\STM32_StdPeriph_Library\\STM32F4xx_StdPeriph_Driver\\src\\stm32f4xx_rcc.c 0x00000000   Number         0  stm32f4xx_rcc.o ABSOLUTE
    dc.s                                     0x00000000   Number         0  dc.o ABSOLUTE
    handlers.s                               0x00000000   Number         0  handlers.o ABSOLUTE
    init.s                                   0x00000000   Number         0  init.o ABSOLUTE
    RESET                                    0x08000000   Section      392  startup_stm32f40_41xxx.o(RESET)
    .ARM.Collect$$$$00000000                 0x08000188   Section        0  entry.o(.ARM.Collect$$$$00000000)
    .ARM.Collect$$$$00000001                 0x08000188   Section        4  entry2.o(.ARM.Collect$$$$00000001)
    .ARM.Collect$$$$00000004                 0x0800018c   Section        4  entry5.o(.ARM.Collect$$$$00000004)
    .ARM.Collect$$$$00000008                 0x08000190   Section        0  entry7b.o(.ARM.Collect$$$$00000008)
    .ARM.Collect$$$$0000000A                 0x08000190   Section        0  entry8b.o(.ARM.Collect$$$$0000000A)
    .ARM.Collect$$$$0000000B                 0x08000190   Section        8  entry9a.o(.ARM.Collect$$$$0000000B)
    .ARM.Collect$$$$0000000D                 0x08000198   Section        0  entry10a.o(.ARM.Collect$$$$0000000D)
    .ARM.Collect$$$$0000000F                 0x08000198   Section        0  entry11a.o(.ARM.Collect$$$$0000000F)
    .ARM.Collect$$$$00002712                 0x08000198   Section        4  entry2.o(.ARM.Collect$$$$00002712)
    __lit__00000000                          0x08000198   Data           4  entry2.o(.ARM.Collect$$$$00002712)
    .text                                    0x0800019c   Section       36  startup_stm32f40_41xxx.o(.text)
    $v0                                      0x0800019c   Number         0  startup_stm32f40_41xxx.o(.text)
    .text                                    0x080001c0   Section        0  system_stm32f4xx.o(.text)
    SetSysClock                              0x080001c1   Thumb Code   220  system_stm32f4xx.o(.text)
    .text                                    0x080003d0   Section        0  misc.o(.text)
    .text                                    0x080004b0   Section        0  stm32f4xx_gpio.o(.text)
    .text                                    0x08000744   Section        0  stm32f4xx_rcc.o(.text)
    .text                                    0x08000da0   Section       52  cpu_a.o(.text)
    $v0                                      0x08000da0   Number         0  cpu_a.o(.text)
    .text                                    0x08000dd4   Section        0  cpu_core.o(.text)
    CPU_NameInit                             0x08000e6b   Thumb Code     8  cpu_core.o(.text)
    CPU_IntDisMeasInit                       0x08000e73   Thumb Code   104  cpu_core.o(.text)
    CPU_TS_Init                              0x08000edb   Thumb Code    14  cpu_core.o(.text)
    CPU_IntDisMeasMaxCalc                    0x08000fe5   Thumb Code    24  cpu_core.o(.text)
    .text                                    0x0800124c   Section      544  lib_mem_a.o(.text)
    $v0                                      0x0800124c   Number         0  lib_mem_a.o(.text)
    .text                                    0x0800146c   Section        0  lib_ascii.o(.text)
    .text                                    0x080016c4   Section        0  lib_mem.o(.text)
    Mem_SegCreateCritical                    0x080016c5   Thumb Code    28  lib_mem.o(.text)
    Mem_SegAllocExtCritical                  0x08001947   Thumb Code   164  lib_mem.o(.text)
    Mem_SegAllocInternal                     0x080019eb   Thumb Code   112  lib_mem.o(.text)
    Mem_SegOverlapChkCritical                0x08001c11   Thumb Code    82  lib_mem.o(.text)
    Mem_DynPoolCreateInternal                0x08001eff   Thumb Code   276  lib_mem.o(.text)
    .text                                    0x08002238   Section        0  lib_str.o(.text)
    Str_FmtNbr_Int32                         0x080026f1   Thumb Code   474  lib_str.o(.text)
    Str_ParseNbr_Int32                       0x08002937   Thumb Code   446  lib_str.o(.text)
    .text                                    0x08002b60   Section        0  os_cpu_c.o(.text)
    .text                                    0x08002e94   Section      220  os_cpu_a.o(.text)
    $v0                                      0x08002e94   Number         0  os_cpu_a.o(.text)
    .text                                    0x08002f70   Section        0  os_core.o(.text)
    OS_SchedNew                              0x08003075   Thumb Code    26  os_core.o(.text)
    OS_InitTaskStat                          0x080034e7   Thumb Code    52  os_core.o(.text)
    OS_InitTaskIdle                          0x0800353d   Thumb Code    52  os_core.o(.text)
    OS_InitEventList                         0x08003583   Thumb Code    84  os_core.o(.text)
    OS_InitTCBList                           0x080035d7   Thumb Code   106  os_core.o(.text)
    OS_InitRdyList                           0x08003641   Thumb Code    44  os_core.o(.text)
    OS_InitMisc                              0x0800366d   Thumb Code    48  os_core.o(.text)
    .text                                    0x08003c78   Section        0  os_flag.o(.text)
    OS_FlagTaskRdy                           0x08003def   Thumb Code    88  os_flag.o(.text)
    OS_FlagBlock                             0x08003fb1   Thumb Code   152  os_flag.o(.text)
    .text                                    0x08004494   Section        0  os_q.o(.text)
    .text                                    0x08004a94   Section        0  os_task.o(.text)
    .text                                    0x080052fc   Section        0  os_time.o(.text)
    .text                                    0x080054ac   Section        0  bsp.o(.text)
    .text                                    0x08005598   Section        0  led.o(.text)
    Bsp_Led_Gpio_Init                        0x08005599   Thumb Code    48  led.o(.text)
    .text                                    0x080055ec   Section        0  stm32f4xx_it.o(.text)
    .text                                    0x08005604   Section        0  main.o(.text)
    Test_Idle                                0x08005605   Thumb Code    16  main.o(.text)
    Test_Task                                0x08005647   Thumb Code    52  main.o(.text)
    .text                                    0x080056e4   Section        0  app_hooks.o(.text)
    .text                                    0x080056f4   Section        0  uldiv.o(.text)
    .text                                    0x08005756   Section        0  llshl.o(.text)
    .text                                    0x08005774   Section        0  llushr.o(.text)
    .text                                    0x08005794   Section       36  init.o(.text)
    i.__scatterload_copy                     0x080057b8   Section       14  handlers.o(i.__scatterload_copy)
    i.__scatterload_null                     0x080057c6   Section        2  handlers.o(i.__scatterload_null)
    i.__scatterload_zeroinit                 0x080057c8   Section       14  handlers.o(i.__scatterload_zeroinit)
    .constdata                               0x080057d8   Section      260  cpu_core.o(.constdata)
    CPU_CntLeadZerosTbl                      0x080057d8   Data         256  cpu_core.o(.constdata)
    .constdata                               0x080058dc   Section      148  lib_str.o(.constdata)
    Str_MultOvfThTbl_Int32U                  0x080058dc   Data         148  lib_str.o(.constdata)
    .constdata                               0x08005970   Section      256  os_core.o(.constdata)
    .data                                    0x20000000   Section       20  system_stm32f4xx.o(.data)
    .data                                    0x20000014   Section       16  stm32f4xx_rcc.o(.data)
    APBAHBPrescTable                         0x20000014   Data          16  stm32f4xx_rcc.o(.data)
    .data                                    0x20000024   Section       28  cpu_core.o(.data)
    .data                                    0x20000040   Section        4  lib_mem.o(.data)
    .data                                    0x20000044   Section        4  os_cpu_c.o(.data)
    .data                                    0x20000048   Section       76  os_core.o(.data)
    .bss                                     0x20000094   Section       16  cpu_core.o(.bss)
    .bss                                     0x200000a4   Section     1044  lib_mem.o(.bss)
    .bss                                     0x200004b8   Section      512  os_cpu_c.o(.bss)
    .bss                                     0x200006b8   Section     3872  os_core.o(.bss)
    .bss                                     0x200015d8   Section     2048  main.o(.bss)
    Test_Task_STK                            0x200015d8   Data        1024  main.o(.bss)
    Test_Idle_STK                            0x200019d8   Data        1024  main.o(.bss)
    STACK                                    0x20001dd8   Section     1024  startup_stm32f40_41xxx.o(STACK)

    Global Symbols

    Symbol Name                              Value     Ov Type        Size  Object(Section)

    BuildAttributes$$THM_ISAv4$E$P$D$K$B$S$7EM$VFPi3$EXTD16$VFPS$VFMA$PE$A:L22UL41UL21$X:L11$S22US41US21$IEEE1$IW$USESV6$~STKCKD$USESV7$~SHL$OSPACE$EBA8$MICROLIB$REQ8$PRES8$EABIv2 0x00000000   Number         0  anon$$obj.o ABSOLUTE
    __ARM_use_no_argv                        0x00000000   Number         0  main.o ABSOLUTE
    __cpp_initialize__aeabi_                  - Undefined Weak Reference
    __cxa_finalize                            - Undefined Weak Reference
    __decompress                              - Undefined Weak Reference
    _clock_init                               - Undefined Weak Reference
    _microlib_exit                            - Undefined Weak Reference
    __Vectors_Size                           0x00000188   Number         0  startup_stm32f40_41xxx.o ABSOLUTE
    __Vectors                                0x08000000   Data           4  startup_stm32f40_41xxx.o(RESET)
    __Vectors_End                            0x08000188   Data           0  startup_stm32f40_41xxx.o(RESET)
    __main                                   0x08000189   Thumb Code     0  entry.o(.ARM.Collect$$$$00000000)
    _main_stk                                0x08000189   Thumb Code     0  entry2.o(.ARM.Collect$$$$00000001)
    _main_scatterload                        0x0800018d   Thumb Code     0  entry5.o(.ARM.Collect$$$$00000004)
    __main_after_scatterload                 0x08000191   Thumb Code     0  entry5.o(.ARM.Collect$$$$00000004)
    _main_clock                              0x08000191   Thumb Code     0  entry7b.o(.ARM.Collect$$$$00000008)
    _main_cpp_init                           0x08000191   Thumb Code     0  entry8b.o(.ARM.Collect$$$$0000000A)
    _main_init                               0x08000191   Thumb Code     0  entry9a.o(.ARM.Collect$$$$0000000B)
    __rt_final_cpp                           0x08000199   Thumb Code     0  entry10a.o(.ARM.Collect$$$$0000000D)
    __rt_final_exit                          0x08000199   Thumb Code     0  entry11a.o(.ARM.Collect$$$$0000000F)
    Reset_Handler                            0x0800019d   Thumb Code     8  startup_stm32f40_41xxx.o(.text)
    ADC_IRQHandler                           0x080001b7   Thumb Code     0  startup_stm32f40_41xxx.o(.text)
    CAN1_RX0_IRQHandler                      0x080001b7   Thumb Code     0  startup_stm32f40_41xxx.o(.text)
    CAN1_RX1_IRQHandler                      0x080001b7   Thumb Code     0  startup_stm32f40_41xxx.o(.text)
    CAN1_SCE_IRQHandler                      0x080001b7   Thumb Code     0  startup_stm32f40_41xxx.o(.text)
    CAN1_TX_IRQHandler                       0x080001b7   Thumb Code     0  startup_stm32f40_41xxx.o(.text)
    CAN2_RX0_IRQHandler                      0x080001b7   Thumb Code     0  startup_stm32f40_41xxx.o(.text)
    CAN2_RX1_IRQHandler                      0x080001b7   Thumb Code     0  startup_stm32f40_41xxx.o(.text)
    CAN2_SCE_IRQHandler                      0x080001b7   Thumb Code     0  startup_stm32f40_41xxx.o(.text)
    CAN2_TX_IRQHandler                       0x080001b7   Thumb Code     0  startup_stm32f40_41xxx.o(.text)
    CRYP_IRQHandler                          0x080001b7   Thumb Code     0  startup_stm32f40_41xxx.o(.text)
    DCMI_IRQHandler                          0x080001b7   Thumb Code     0  startup_stm32f40_41xxx.o(.text)
    DMA1_Stream0_IRQHandler                  0x080001b7   Thumb Code     0  startup_stm32f40_41xxx.o(.text)
    DMA1_Stream1_IRQHandler                  0x080001b7   Thumb Code     0  startup_stm32f40_41xxx.o(.text)
    DMA1_Stream2_IRQHandler                  0x080001b7   Thumb Code     0  startup_stm32f40_41xxx.o(.text)
    DMA1_Stream3_IRQHandler                  0x080001b7   Thumb Code     0  startup_stm32f40_41xxx.o(.text)
    DMA1_Stream4_IRQHandler                  0x080001b7   Thumb Code     0  startup_stm32f40_41xxx.o(.text)
    DMA1_Stream5_IRQHandler                  0x080001b7   Thumb Code     0  startup_stm32f40_41xxx.o(.text)
    DMA1_Stream6_IRQHandler                  0x080001b7   Thumb Code     0  startup_stm32f40_41xxx.o(.text)
    DMA1_Stream7_IRQHandler                  0x080001b7   Thumb Code     0  startup_stm32f40_41xxx.o(.text)
    DMA2_Stream0_IRQHandler                  0x080001b7   Thumb Code     0  startup_stm32f40_41xxx.o(.text)
    DMA2_Stream1_IRQHandler                  0x080001b7   Thumb Code     0  startup_stm32f40_41xxx.o(.text)
    DMA2_Stream2_IRQHandler                  0x080001b7   Thumb Code     0  startup_stm32f40_41xxx.o(.text)
    DMA2_Stream3_IRQHandler                  0x080001b7   Thumb Code     0  startup_stm32f40_41xxx.o(.text)
    DMA2_Stream4_IRQHandler                  0x080001b7   Thumb Code     0  startup_stm32f40_41xxx.o(.text)
    DMA2_Stream5_IRQHandler                  0x080001b7   Thumb Code     0  startup_stm32f40_41xxx.o(.text)
    DMA2_Stream6_IRQHandler                  0x080001b7   Thumb Code     0  startup_stm32f40_41xxx.o(.text)
    DMA2_Stream7_IRQHandler                  0x080001b7   Thumb Code     0  startup_stm32f40_41xxx.o(.text)
    ETH_IRQHandler                           0x080001b7   Thumb Code     0  startup_stm32f40_41xxx.o(.text)
    ETH_WKUP_IRQHandler                      0x080001b7   Thumb Code     0  startup_stm32f40_41xxx.o(.text)
    EXTI0_IRQHandler                         0x080001b7   Thumb Code     0  startup_stm32f40_41xxx.o(.text)
    EXTI15_10_IRQHandler                     0x080001b7   Thumb Code     0  startup_stm32f40_41xxx.o(.text)
    EXTI1_IRQHandler                         0x080001b7   Thumb Code     0  startup_stm32f40_41xxx.o(.text)
    EXTI2_IRQHandler                         0x080001b7   Thumb Code     0  startup_stm32f40_41xxx.o(.text)
    EXTI3_IRQHandler                         0x080001b7   Thumb Code     0  startup_stm32f40_41xxx.o(.text)
    EXTI4_IRQHandler                         0x080001b7   Thumb Code     0  startup_stm32f40_41xxx.o(.text)
    EXTI9_5_IRQHandler                       0x080001b7   Thumb Code     0  startup_stm32f40_41xxx.o(.text)
    FLASH_IRQHandler                         0x080001b7   Thumb Code     0  startup_stm32f40_41xxx.o(.text)
    FPU_IRQHandler                           0x080001b7   Thumb Code     0  startup_stm32f40_41xxx.o(.text)
    FSMC_IRQHandler                          0x080001b7   Thumb Code     0  startup_stm32f40_41xxx.o(.text)
    HASH_RNG_IRQHandler                      0x080001b7   Thumb Code     0  startup_stm32f40_41xxx.o(.text)
    I2C1_ER_IRQHandler                       0x080001b7   Thumb Code     0  startup_stm32f40_41xxx.o(.text)
    I2C1_EV_IRQHandler                       0x080001b7   Thumb Code     0  startup_stm32f40_41xxx.o(.text)
    I2C2_ER_IRQHandler                       0x080001b7   Thumb Code     0  startup_stm32f40_41xxx.o(.text)
    I2C2_EV_IRQHandler                       0x080001b7   Thumb Code     0  startup_stm32f40_41xxx.o(.text)
    I2C3_ER_IRQHandler                       0x080001b7   Thumb Code     0  startup_stm32f40_41xxx.o(.text)
    I2C3_EV_IRQHandler                       0x080001b7   Thumb Code     0  startup_stm32f40_41xxx.o(.text)
    OTG_FS_IRQHandler                        0x080001b7   Thumb Code     0  startup_stm32f40_41xxx.o(.text)
    OTG_FS_WKUP_IRQHandler                   0x080001b7   Thumb Code     0  startup_stm32f40_41xxx.o(.text)
    OTG_HS_EP1_IN_IRQHandler                 0x080001b7   Thumb Code     0  startup_stm32f40_41xxx.o(.text)
    OTG_HS_EP1_OUT_IRQHandler                0x080001b7   Thumb Code     0  startup_stm32f40_41xxx.o(.text)
    OTG_HS_IRQHandler                        0x080001b7   Thumb Code     0  startup_stm32f40_41xxx.o(.text)
    OTG_HS_WKUP_IRQHandler                   0x080001b7   Thumb Code     0  startup_stm32f40_41xxx.o(.text)
    PVD_IRQHandler                           0x080001b7   Thumb Code     0  startup_stm32f40_41xxx.o(.text)
    RCC_IRQHandler                           0x080001b7   Thumb Code     0  startup_stm32f40_41xxx.o(.text)
    RTC_Alarm_IRQHandler                     0x080001b7   Thumb Code     0  startup_stm32f40_41xxx.o(.text)
    RTC_WKUP_IRQHandler                      0x080001b7   Thumb Code     0  startup_stm32f40_41xxx.o(.text)
    SDIO_IRQHandler                          0x080001b7   Thumb Code     0  startup_stm32f40_41xxx.o(.text)
    SPI1_IRQHandler                          0x080001b7   Thumb Code     0  startup_stm32f40_41xxx.o(.text)
    SPI2_IRQHandler                          0x080001b7   Thumb Code     0  startup_stm32f40_41xxx.o(.text)
    SPI3_IRQHandler                          0x080001b7   Thumb Code     0  startup_stm32f40_41xxx.o(.text)
    TAMP_STAMP_IRQHandler                    0x080001b7   Thumb Code     0  startup_stm32f40_41xxx.o(.text)
    TIM1_BRK_TIM9_IRQHandler                 0x080001b7   Thumb Code     0  startup_stm32f40_41xxx.o(.text)
    TIM1_CC_IRQHandler                       0x080001b7   Thumb Code     0  startup_stm32f40_41xxx.o(.text)
    TIM1_TRG_COM_TIM11_IRQHandler            0x080001b7   Thumb Code     0  startup_stm32f40_41xxx.o(.text)
    TIM1_UP_TIM10_IRQHandler                 0x080001b7   Thumb Code     0  startup_stm32f40_41xxx.o(.text)
    TIM2_IRQHandler                          0x080001b7   Thumb Code     0  startup_stm32f40_41xxx.o(.text)
    TIM3_IRQHandler                          0x080001b7   Thumb Code     0  startup_stm32f40_41xxx.o(.text)
    TIM4_IRQHandler                          0x080001b7   Thumb Code     0  startup_stm32f40_41xxx.o(.text)
    TIM5_IRQHandler                          0x080001b7   Thumb Code     0  startup_stm32f40_41xxx.o(.text)
    TIM6_DAC_IRQHandler                      0x080001b7   Thumb Code     0  startup_stm32f40_41xxx.o(.text)
    TIM7_IRQHandler                          0x080001b7   Thumb Code     0  startup_stm32f40_41xxx.o(.text)
    TIM8_BRK_TIM12_IRQHandler                0x080001b7   Thumb Code     0  startup_stm32f40_41xxx.o(.text)
    TIM8_CC_IRQHandler                       0x080001b7   Thumb Code     0  startup_stm32f40_41xxx.o(.text)
    TIM8_TRG_COM_TIM14_IRQHandler            0x080001b7   Thumb Code     0  startup_stm32f40_41xxx.o(.text)
    TIM8_UP_TIM13_IRQHandler                 0x080001b7   Thumb Code     0  startup_stm32f40_41xxx.o(.text)
    UART4_IRQHandler                         0x080001b7   Thumb Code     0  startup_stm32f40_41xxx.o(.text)
    UART5_IRQHandler                         0x080001b7   Thumb Code     0  startup_stm32f40_41xxx.o(.text)
    USART1_IRQHandler                        0x080001b7   Thumb Code     0  startup_stm32f40_41xxx.o(.text)
    USART2_IRQHandler                        0x080001b7   Thumb Code     0  startup_stm32f40_41xxx.o(.text)
    USART3_IRQHandler                        0x080001b7   Thumb Code     0  startup_stm32f40_41xxx.o(.text)
    USART6_IRQHandler                        0x080001b7   Thumb Code     0  startup_stm32f40_41xxx.o(.text)
    WWDG_IRQHandler                          0x080001b7   Thumb Code     0  startup_stm32f40_41xxx.o(.text)
    SystemInit                               0x0800029d   Thumb Code    88  system_stm32f4xx.o(.text)
    SystemCoreClockUpdate                    0x080002f5   Thumb Code   174  system_stm32f4xx.o(.text)
    NVIC_PriorityGroupConfig                 0x080003d1   Thumb Code    10  misc.o(.text)
    NVIC_Init                                0x080003db   Thumb Code   106  misc.o(.text)
    NVIC_SetVectorTable                      0x08000445   Thumb Code    14  misc.o(.text)
    NVIC_SystemLPConfig                      0x08000453   Thumb Code    34  misc.o(.text)
    SysTick_CLKSourceConfig                  0x08000475   Thumb Code    40  misc.o(.text)
    GPIO_DeInit                              0x080004b1   Thumb Code   268  stm32f4xx_gpio.o(.text)
    GPIO_Init                                0x080005bd   Thumb Code   144  stm32f4xx_gpio.o(.text)
    GPIO_StructInit                          0x0800064d   Thumb Code    18  stm32f4xx_gpio.o(.text)
    GPIO_PinLockConfig                       0x0800065f   Thumb Code    34  stm32f4xx_gpio.o(.text)
    GPIO_ReadInputDataBit                    0x08000681   Thumb Code    18  stm32f4xx_gpio.o(.text)
    GPIO_ReadInputData                       0x08000693   Thumb Code     8  stm32f4xx_gpio.o(.text)
    GPIO_ReadOutputDataBit                   0x0800069b   Thumb Code    18  stm32f4xx_gpio.o(.text)
    GPIO_ReadOutputData                      0x080006ad   Thumb Code     8  stm32f4xx_gpio.o(.text)
    GPIO_SetBits                             0x080006b5   Thumb Code     4  stm32f4xx_gpio.o(.text)
    GPIO_ResetBits                           0x080006b9   Thumb Code     4  stm32f4xx_gpio.o(.text)
    GPIO_WriteBit                            0x080006bd   Thumb Code    10  stm32f4xx_gpio.o(.text)
    GPIO_Write                               0x080006c7   Thumb Code     4  stm32f4xx_gpio.o(.text)
    GPIO_ToggleBits                          0x080006cb   Thumb Code     8  stm32f4xx_gpio.o(.text)
    GPIO_PinAFConfig                         0x080006d3   Thumb Code    70  stm32f4xx_gpio.o(.text)
    RCC_DeInit                               0x08000745   Thumb Code    82  stm32f4xx_rcc.o(.text)
    RCC_HSEConfig                            0x08000797   Thumb Code    14  stm32f4xx_rcc.o(.text)
    RCC_GetFlagStatus                        0x080007a5   Thumb Code    60  stm32f4xx_rcc.o(.text)
    RCC_WaitForHSEStartUp                    0x080007e1   Thumb Code    56  stm32f4xx_rcc.o(.text)
    RCC_AdjustHSICalibrationValue            0x08000819   Thumb Code    20  stm32f4xx_rcc.o(.text)
    RCC_HSICmd                               0x0800082d   Thumb Code     6  stm32f4xx_rcc.o(.text)
    RCC_LSEConfig                            0x08000833   Thumb Code    46  stm32f4xx_rcc.o(.text)
    RCC_LSICmd                               0x08000861   Thumb Code     6  stm32f4xx_rcc.o(.text)
    RCC_PLLConfig                            0x08000867   Thumb Code    32  stm32f4xx_rcc.o(.text)
    RCC_PLLCmd                               0x08000887   Thumb Code     6  stm32f4xx_rcc.o(.text)
    RCC_PLLI2SConfig                         0x0800088d   Thumb Code    14  stm32f4xx_rcc.o(.text)
    RCC_PLLI2SCmd                            0x0800089b   Thumb Code     6  stm32f4xx_rcc.o(.text)
    RCC_PLLSAIConfig                         0x080008a1   Thumb Code    20  stm32f4xx_rcc.o(.text)
    RCC_PLLSAICmd                            0x080008b5   Thumb Code     6  stm32f4xx_rcc.o(.text)
    RCC_ClockSecuritySystemCmd               0x080008bb   Thumb Code     6  stm32f4xx_rcc.o(.text)
    RCC_MCO1Config                           0x080008c1   Thumb Code    28  stm32f4xx_rcc.o(.text)
    RCC_MCO2Config                           0x080008dd   Thumb Code    28  stm32f4xx_rcc.o(.text)
    RCC_SYSCLKConfig                         0x080008f9   Thumb Code    20  stm32f4xx_rcc.o(.text)
    RCC_GetSYSCLKSource                      0x0800090d   Thumb Code    12  stm32f4xx_rcc.o(.text)
    RCC_HCLKConfig                           0x08000919   Thumb Code    20  stm32f4xx_rcc.o(.text)
    RCC_PCLK1Config                          0x0800092d   Thumb Code    20  stm32f4xx_rcc.o(.text)
    RCC_PCLK2Config                          0x08000941   Thumb Code    22  stm32f4xx_rcc.o(.text)
    RCC_GetClocksFreq                        0x08000957   Thumb Code   222  stm32f4xx_rcc.o(.text)
    RCC_RTCCLKConfig                         0x08000a35   Thumb Code    54  stm32f4xx_rcc.o(.text)
    RCC_RTCCLKCmd                            0x08000a6b   Thumb Code     8  stm32f4xx_rcc.o(.text)
    RCC_BackupResetCmd                       0x08000a73   Thumb Code     8  stm32f4xx_rcc.o(.text)
    RCC_I2SCLKConfig                         0x08000a7b   Thumb Code     6  stm32f4xx_rcc.o(.text)
    RCC_SAIPLLI2SClkDivConfig                0x08000a81   Thumb Code    26  stm32f4xx_rcc.o(.text)
    RCC_SAIPLLSAIClkDivConfig                0x08000a9b   Thumb Code    28  stm32f4xx_rcc.o(.text)
    RCC_SAIBlockACLKConfig                   0x08000ab7   Thumb Code    20  stm32f4xx_rcc.o(.text)
    RCC_SAIBlockBCLKConfig                   0x08000acb   Thumb Code    20  stm32f4xx_rcc.o(.text)
    RCC_LTDCCLKDivConfig                     0x08000adf   Thumb Code    20  stm32f4xx_rcc.o(.text)
    RCC_TIMCLKPresConfig                     0x08000af3   Thumb Code     6  stm32f4xx_rcc.o(.text)
    RCC_AHB1PeriphClockCmd                   0x08000af9   Thumb Code    34  stm32f4xx_rcc.o(.text)
    RCC_AHB2PeriphClockCmd                   0x08000b1b   Thumb Code    78  stm32f4xx_rcc.o(.text)
    RCC_AHB3PeriphClockCmd                   0x08000b69   Thumb Code    34  stm32f4xx_rcc.o(.text)
    RCC_APB1PeriphClockCmd                   0x08000b8b   Thumb Code    34  stm32f4xx_rcc.o(.text)
    RCC_APB2PeriphClockCmd                   0x08000bad   Thumb Code    34  stm32f4xx_rcc.o(.text)
    RCC_AHB1PeriphResetCmd                   0x08000bcf   Thumb Code    34  stm32f4xx_rcc.o(.text)
    RCC_AHB2PeriphResetCmd                   0x08000bf1   Thumb Code    34  stm32f4xx_rcc.o(.text)
    RCC_AHB3PeriphResetCmd                   0x08000c13   Thumb Code    34  stm32f4xx_rcc.o(.text)
    RCC_APB1PeriphResetCmd                   0x08000c35   Thumb Code    34  stm32f4xx_rcc.o(.text)
    RCC_APB2PeriphResetCmd                   0x08000c57   Thumb Code    34  stm32f4xx_rcc.o(.text)
    RCC_AHB1PeriphClockLPModeCmd             0x08000c79   Thumb Code    34  stm32f4xx_rcc.o(.text)
    RCC_AHB2PeriphClockLPModeCmd             0x08000c9b   Thumb Code    34  stm32f4xx_rcc.o(.text)
    RCC_AHB3PeriphClockLPModeCmd             0x08000cbd   Thumb Code    34  stm32f4xx_rcc.o(.text)
    RCC_APB1PeriphClockLPModeCmd             0x08000cdf   Thumb Code    34  stm32f4xx_rcc.o(.text)
    RCC_APB2PeriphClockLPModeCmd             0x08000d01   Thumb Code    34  stm32f4xx_rcc.o(.text)
    RCC_LSEModeConfig                        0x08000d23   Thumb Code    40  stm32f4xx_rcc.o(.text)
    RCC_ITConfig                             0x08000d4b   Thumb Code    34  stm32f4xx_rcc.o(.text)
    RCC_ClearFlag                            0x08000d6d   Thumb Code    18  stm32f4xx_rcc.o(.text)
    RCC_GetITStatus                          0x08000d7f   Thumb Code    22  stm32f4xx_rcc.o(.text)
    RCC_ClearITPendingBit                    0x08000d95   Thumb Code     8  stm32f4xx_rcc.o(.text)
    CPU_IntDis                               0x08000da1   Thumb Code     0  cpu_a.o(.text)
    CPU_IntEn                                0x08000da5   Thumb Code     0  cpu_a.o(.text)
    CPU_SR_Save                              0x08000da9   Thumb Code     0  cpu_a.o(.text)
    CPU_SR_Restore                           0x08000db1   Thumb Code     0  cpu_a.o(.text)
    CPU_WaitForInt                           0x08000db7   Thumb Code     0  cpu_a.o(.text)
    CPU_WaitForExcept                        0x08000dbb   Thumb Code     0  cpu_a.o(.text)
    CPU_CntLeadZeros                         0x08000dbf   Thumb Code     0  cpu_a.o(.text)
    CPU_CntTrailZeros                        0x08000dc5   Thumb Code     0  cpu_a.o(.text)
    CPU_RevBits                              0x08000dcf   Thumb Code     0  cpu_a.o(.text)
    CPU_IntDisMeasStop                       0x08000dd5   Thumb Code    62  cpu_core.o(.text)
    CPU_IntDisMeasStart                      0x08000e13   Thumb Code    38  cpu_core.o(.text)
    CPU_NameClr                              0x08000e39   Thumb Code    50  cpu_core.o(.text)
    CPU_Init                                 0x08000ee9   Thumb Code    16  cpu_core.o(.text)
    CPU_SW_Exception                         0x08000ef9   Thumb Code     4  cpu_core.o(.text)
    CPU_NameGet                              0x08000efd   Thumb Code    78  cpu_core.o(.text)
    CPU_NameSet                              0x08000f4b   Thumb Code   104  cpu_core.o(.text)
    CPU_TS_Get32                             0x08000fb3   Thumb Code    12  cpu_core.o(.text)
    CPU_TS_Update                            0x08000fbf   Thumb Code     2  cpu_core.o(.text)
    CPU_TS_TmrFreqGet                        0x08000fc1   Thumb Code    30  cpu_core.o(.text)
    CPU_TS_TmrFreqSet                        0x08000fdf   Thumb Code     6  cpu_core.o(.text)
    CPU_IntDisMeasMaxCurGet                  0x08000ffd   Thumb Code    40  cpu_core.o(.text)
    CPU_IntDisMeasMaxCurReset                0x08001025   Thumb Code    40  cpu_core.o(.text)
    CPU_IntDisMeasMaxGet                     0x0800104d   Thumb Code    40  cpu_core.o(.text)
    CPU_CntLeadZeros08                       0x08001075   Thumb Code    18  cpu_core.o(.text)
    CPU_CntLeadZeros16                       0x08001087   Thumb Code    18  cpu_core.o(.text)
    CPU_CntLeadZeros32                       0x08001099   Thumb Code    18  cpu_core.o(.text)
    CPU_CntLeadZeros64                       0x080010ab   Thumb Code   192  cpu_core.o(.text)
    CPU_CntTrailZeros08                      0x0800116b   Thumb Code    22  cpu_core.o(.text)
    CPU_CntTrailZeros16                      0x08001181   Thumb Code    22  cpu_core.o(.text)
    CPU_CntTrailZeros32                      0x08001197   Thumb Code    22  cpu_core.o(.text)
    CPU_CntTrailZeros64                      0x080011ad   Thumb Code   104  cpu_core.o(.text)
    CPU_PopCnt32                             0x08001215   Thumb Code    56  cpu_core.o(.text)
    Mem_Copy                                 0x0800124d   Thumb Code     0  lib_mem_a.o(.text)
    ASCII_IsAlpha                            0x0800146d   Thumb Code    48  lib_ascii.o(.text)
    ASCII_IsAlphaNum                         0x0800149d   Thumb Code    76  lib_ascii.o(.text)
    ASCII_IsLower                            0x080014e9   Thumb Code    20  lib_ascii.o(.text)
    ASCII_IsUpper                            0x080014fd   Thumb Code    20  lib_ascii.o(.text)
    ASCII_IsDig                              0x08001511   Thumb Code    20  lib_ascii.o(.text)
    ASCII_IsDigOct                           0x08001525   Thumb Code    20  lib_ascii.o(.text)
    ASCII_IsDigHex                           0x08001539   Thumb Code    36  lib_ascii.o(.text)
    ASCII_IsBlank                            0x0800155d   Thumb Code    20  lib_ascii.o(.text)
    ASCII_IsSpace                            0x08001571   Thumb Code    36  lib_ascii.o(.text)
    ASCII_IsPrint                            0x08001595   Thumb Code    20  lib_ascii.o(.text)
    ASCII_IsGraph                            0x080015a9   Thumb Code    20  lib_ascii.o(.text)
    ASCII_IsPunct                            0x080015bd   Thumb Code   134  lib_ascii.o(.text)
    ASCII_IsCtrl                             0x08001643   Thumb Code    26  lib_ascii.o(.text)
    ASCII_ToLower                            0x0800165d   Thumb Code    32  lib_ascii.o(.text)
    ASCII_ToUpper                            0x0800167d   Thumb Code    32  lib_ascii.o(.text)
    ASCII_Cmp                                0x0800169d   Thumb Code    38  lib_ascii.o(.text)
    Mem_SegCreate                            0x080016e1   Thumb Code    82  lib_mem.o(.text)
    Mem_Init                                 0x08001733   Thumb Code    52  lib_mem.o(.text)
    Mem_Set                                  0x08001767   Thumb Code    84  lib_mem.o(.text)
    Mem_Clr                                  0x080017bb   Thumb Code    18  lib_mem.o(.text)
    Mem_Move                                 0x080017cd   Thumb Code   186  lib_mem.o(.text)
    Mem_Cmp                                  0x08001887   Thumb Code   192  lib_mem.o(.text)
    Mem_HeapAlloc                            0x08001a5b   Thumb Code    56  lib_mem.o(.text)
    Mem_SegRemSizeGet                        0x08001a93   Thumb Code   150  lib_mem.o(.text)
    Mem_HeapGetSizeRem                       0x08001b29   Thumb Code    38  lib_mem.o(.text)
    Mem_SegClr                               0x08001b4f   Thumb Code    56  lib_mem.o(.text)
    Mem_SegAlloc                             0x08001b87   Thumb Code    46  lib_mem.o(.text)
    Mem_SegAllocExt                          0x08001bb5   Thumb Code    46  lib_mem.o(.text)
    Mem_SegAllocHW                           0x08001be3   Thumb Code    46  lib_mem.o(.text)
    Mem_PoolClr                              0x08001c63   Thumb Code    22  lib_mem.o(.text)
    Mem_PoolCreate                           0x08001c79   Thumb Code   378  lib_mem.o(.text)
    Mem_PoolBlkGet                           0x08001df3   Thumb Code   100  lib_mem.o(.text)
    Mem_PoolBlkFree                          0x08001e57   Thumb Code   108  lib_mem.o(.text)
    Mem_PoolBlkGetNbrAvail                   0x08001ec3   Thumb Code    60  lib_mem.o(.text)
    Mem_DynPoolCreate                        0x08002013   Thumb Code    58  lib_mem.o(.text)
    Mem_DynPoolCreateHW                      0x0800204d   Thumb Code    58  lib_mem.o(.text)
    Mem_DynPoolBlkGet                        0x08002087   Thumb Code   210  lib_mem.o(.text)
    Mem_DynPoolBlkFree                       0x08002159   Thumb Code   142  lib_mem.o(.text)
    Mem_DynPoolBlkNbrAvailGet                0x080021e7   Thumb Code    78  lib_mem.o(.text)
    Str_Len_N                                0x08002239   Thumb Code    28  lib_str.o(.text)
    Str_Len                                  0x08002255   Thumb Code    20  lib_str.o(.text)
    Str_Copy_N                               0x08002269   Thumb Code    70  lib_str.o(.text)
    Str_Copy                                 0x080022af   Thumb Code    24  lib_str.o(.text)
    Str_Cat_N                                0x080022c7   Thumb Code    90  lib_str.o(.text)
    Str_Cat                                  0x08002321   Thumb Code    24  lib_str.o(.text)
    Str_Cmp_N                                0x08002339   Thumb Code   156  lib_str.o(.text)
    Str_Cmp                                  0x080023d5   Thumb Code    24  lib_str.o(.text)
    Str_CmpIgnoreCase_N                      0x080023ed   Thumb Code   264  lib_str.o(.text)
    Str_CmpIgnoreCase                        0x080024f5   Thumb Code    24  lib_str.o(.text)
    Str_Char_N                               0x0800250d   Thumb Code    74  lib_str.o(.text)
    Str_Char                                 0x08002557   Thumb Code    24  lib_str.o(.text)
    Str_Char_Last_N                          0x0800256f   Thumb Code    76  lib_str.o(.text)
    Str_Char_Last                            0x080025bb   Thumb Code    24  lib_str.o(.text)
    Str_Char_Replace_N                       0x080025d3   Thumb Code    52  lib_str.o(.text)
    Str_Char_Replace                         0x08002607   Thumb Code    28  lib_str.o(.text)
    Str_Str_N                                0x08002623   Thumb Code   182  lib_str.o(.text)
    Str_Str                                  0x080026d9   Thumb Code    24  lib_str.o(.text)
    Str_FmtNbr_Int32U                        0x080028cb   Thumb Code    46  lib_str.o(.text)
    Str_FmtNbr_Int32S                        0x080028f9   Thumb Code    62  lib_str.o(.text)
    Str_ParseNbr_Int32U                      0x08002af5   Thumb Code    30  lib_str.o(.text)
    Str_ParseNbr_Int32S                      0x08002b13   Thumb Code    74  lib_str.o(.text)
    OSInitHookBegin                          0x08002b61   Thumb Code    34  os_cpu_c.o(.text)
    OSInitHookEnd                            0x08002b83   Thumb Code     2  os_cpu_c.o(.text)
    OSTaskCreateHook                         0x08002b85   Thumb Code    12  os_cpu_c.o(.text)
    OSTaskDelHook                            0x08002b91   Thumb Code    12  os_cpu_c.o(.text)
    OSTaskIdleHook                           0x08002b9d   Thumb Code     8  os_cpu_c.o(.text)
    OSTaskReturnHook                         0x08002ba5   Thumb Code    12  os_cpu_c.o(.text)
    OSTaskStatHook                           0x08002bb1   Thumb Code     8  os_cpu_c.o(.text)
    OSTaskStkInit                            0x08002bb9   Thumb Code   444  os_cpu_c.o(.text)
    OSTaskSwHook                             0x08002d75   Thumb Code    52  os_cpu_c.o(.text)
    OSTCBInitHook                            0x08002da9   Thumb Code    12  os_cpu_c.o(.text)
    OSTimeTickHook                           0x08002db5   Thumb Code     8  os_cpu_c.o(.text)
    OS_CPU_SysTickHandler                    0x08002dbd   Thumb Code    34  os_cpu_c.o(.text)
    OS_CPU_SysTickInit                       0x08002ddf   Thumb Code    44  os_cpu_c.o(.text)
    OS_CPU_FP_Reg_Push                       0x08002e95   Thumb Code     0  os_cpu_a.o(.text)
    OS_CPU_FP_Reg_Pop                        0x08002eaf   Thumb Code     0  os_cpu_a.o(.text)
    OS_CPU_SR_Save                           0x08002ec1   Thumb Code     0  os_cpu_a.o(.text)
    OS_CPU_SR_Restore                        0x08002ec9   Thumb Code     0  os_cpu_a.o(.text)
    OSStartHighRdy                           0x08002ecf   Thumb Code     0  os_cpu_a.o(.text)
    OSCtxSw                                  0x08002ef7   Thumb Code     0  os_cpu_a.o(.text)
    OSIntCtxSw                               0x08002f01   Thumb Code     0  os_cpu_a.o(.text)
    OS_CPU_PendSVHandler                     0x08002f0b   Thumb Code     0  os_cpu_a.o(.text)
    OS_StrLen                                0x08002f71   Thumb Code    20  os_core.o(.text)
    OSEventNameGet                           0x08002f85   Thumb Code    98  os_core.o(.text)
    OSEventNameSet                           0x08002fe7   Thumb Code    84  os_core.o(.text)
    OS_EventTaskRemoveMulti                  0x0800303b   Thumb Code    58  os_core.o(.text)
    OS_Sched                                 0x0800308f   Thumb Code    88  os_core.o(.text)
    OS_EventTaskWaitMulti                    0x080030e7   Thumb Code   136  os_core.o(.text)
    OSEventPendMulti                         0x0800316f   Thumb Code   694  os_core.o(.text)
    OS_TaskStatStkChk                        0x08003425   Thumb Code    54  os_core.o(.text)
    OS_TaskStat                              0x0800345b   Thumb Code   140  os_core.o(.text)
    OS_TaskIdle                              0x0800351b   Thumb Code    34  os_core.o(.text)
    OS_MemClr                                0x08003571   Thumb Code    18  os_core.o(.text)
    OSInit                                   0x0800369d   Thumb Code    44  os_core.o(.text)
    OSIntEnter                               0x080036c9   Thumb Code    28  os_core.o(.text)
    OSIntExit                                0x080036e5   Thumb Code   112  os_core.o(.text)
    OSSchedLock                              0x08003755   Thumb Code    50  os_core.o(.text)
    OSSchedUnlock                            0x08003787   Thumb Code   236  os_core.o(.text)
    OSStart                                  0x08003873   Thumb Code    48  os_core.o(.text)
    OSStatInit                               0x080038a3   Thumb Code    62  os_core.o(.text)
    OSTimeTick                               0x080038e1   Thumb Code   210  os_core.o(.text)
    OSVersion                                0x080039b3   Thumb Code     6  os_core.o(.text)
    OS_Dummy                                 0x080039b9   Thumb Code     2  os_core.o(.text)
    OS_EventTaskRemove                       0x080039bb   Thumb Code    46  os_core.o(.text)
    OS_EventTaskRdy                          0x080039e9   Thumb Code   128  os_core.o(.text)
    OS_EventTaskWait                         0x08003a69   Thumb Code   112  os_core.o(.text)
    OS_EventWaitListInit                     0x08003ad9   Thumb Code    28  os_core.o(.text)
    OS_MemCopy                               0x08003af5   Thumb Code    20  os_core.o(.text)
    OS_TCBInit                               0x08003b09   Thumb Code   368  os_core.o(.text)
    OSFlagAccept                             0x08003c79   Thumb Code   252  os_flag.o(.text)
    OSFlagCreate                             0x08003d75   Thumb Code    86  os_flag.o(.text)
    OS_FlagUnlink                            0x08003dcb   Thumb Code    36  os_flag.o(.text)
    OSFlagDel                                0x08003e47   Thumb Code   216  os_flag.o(.text)
    OSFlagNameGet                            0x08003f1f   Thumb Code    80  os_flag.o(.text)
    OSFlagNameSet                            0x08003f6f   Thumb Code    66  os_flag.o(.text)
    OSFlagPend                               0x08004049   Thumb Code   614  os_flag.o(.text)
    OSFlagPendGetFlagsRdy                    0x080042af   Thumb Code    26  os_flag.o(.text)
    OSFlagPost                               0x080042c9   Thumb Code   320  os_flag.o(.text)
    OSFlagQuery                              0x08004409   Thumb Code    48  os_flag.o(.text)
    OS_FlagInit                              0x08004439   Thumb Code    78  os_flag.o(.text)
    OSQAccept                                0x08004495   Thumb Code    88  os_q.o(.text)
    OSQCreate                                0x080044ed   Thumb Code   144  os_q.o(.text)
    OSQDel                                   0x0800457d   Thumb Code   244  os_q.o(.text)
    OSQFlush                                 0x08004671   Thumb Code    36  os_q.o(.text)
    OSQPend                                  0x08004695   Thumb Code   278  os_q.o(.text)
    OSQPendAbort                             0x080047ab   Thumb Code   128  os_q.o(.text)
    OSQPost                                  0x0800482b   Thumb Code   114  os_q.o(.text)
    OSQPostFront                             0x0800489d   Thumb Code   142  os_q.o(.text)
    OSQPostOpt                               0x0800492b   Thumb Code   182  os_q.o(.text)
    OSQQuery                                 0x080049e1   Thumb Code    98  os_q.o(.text)
    OS_QInit                                 0x08004a43   Thumb Code    72  os_q.o(.text)
    OSTaskChangePrio                         0x08004a95   Thumb Code   396  os_task.o(.text)
    OSTaskCreate                             0x08004c21   Thumb Code   148  os_task.o(.text)
    OS_TaskStkClr                            0x08004cb5   Thumb Code    26  os_task.o(.text)
    OSTaskCreateExt                          0x08004ccf   Thumb Code   170  os_task.o(.text)
    OSTaskDel                                0x08004d79   Thumb Code   352  os_task.o(.text)
    OSTaskDelReq                             0x08004ed9   Thumb Code   100  os_task.o(.text)
    OSTaskNameGet                            0x08004f3d   Thumb Code   114  os_task.o(.text)
    OSTaskNameSet                            0x08004faf   Thumb Code    98  os_task.o(.text)
    OSTaskResume                             0x08005011   Thumb Code   158  os_task.o(.text)
    OSTaskStkChk                             0x080050af   Thumb Code   128  os_task.o(.text)
    OSTaskSuspend                            0x0800512f   Thumb Code   152  os_task.o(.text)
    OSTaskQuery                              0x080051c7   Thumb Code    82  os_task.o(.text)
    OSTaskRegGet                             0x08005219   Thumb Code    60  os_task.o(.text)
    OSTaskRegGetID                           0x08005255   Thumb Code    58  os_task.o(.text)
    OSTaskRegSet                             0x0800528f   Thumb Code    62  os_task.o(.text)
    OS_TaskReturn                            0x080052cd   Thumb Code    48  os_task.o(.text)
    OSTimeDly                                0x080052fd   Thumb Code   100  os_time.o(.text)
    OSTimeDlyHMSM                            0x08005361   Thumb Code    86  os_time.o(.text)
    OSTimeDlyResume                          0x080053b7   Thumb Code   168  os_time.o(.text)
    OSTimeGet                                0x0800545f   Thumb Code    24  os_time.o(.text)
    OSTimeSet                                0x08005477   Thumb Code    24  os_time.o(.text)
    BSP_CPU_ClkFreq                          0x080054ad   Thumb Code    14  bsp.o(.text)
    CPU_TS_TmrInit                           0x080054bb   Thumb Code    44  bsp.o(.text)
    CPU_TS_TmrRd                             0x080054e7   Thumb Code     6  bsp.o(.text)
    CPU_TS32_to_uSec                         0x080054ed   Thumb Code    54  bsp.o(.text)
    SysTick_init                             0x08005523   Thumb Code    90  bsp.o(.text)
    Bsp_Init                                 0x0800557d   Thumb Code    12  bsp.o(.text)
    Led_On                                   0x080055c9   Thumb Code    12  led.o(.text)
    Led_Off                                  0x080055d5   Thumb Code    12  led.o(.text)
    Bsp_Led_Init                             0x080055e1   Thumb Code     8  led.o(.text)
    NMI_Handler                              0x080055ed   Thumb Code     2  stm32f4xx_it.o(.text)
    HardFault_Handler                        0x080055ef   Thumb Code     4  stm32f4xx_it.o(.text)
    MemManage_Handler                        0x080055f3   Thumb Code     4  stm32f4xx_it.o(.text)
    BusFault_Handler                         0x080055f7   Thumb Code     4  stm32f4xx_it.o(.text)
    UsageFault_Handler                       0x080055fb   Thumb Code     4  stm32f4xx_it.o(.text)
    SVC_Handler                              0x080055ff   Thumb Code     2  stm32f4xx_it.o(.text)
    DebugMon_Handler                         0x08005601   Thumb Code     2  stm32f4xx_it.o(.text)
    TaskCreateAppTask                        0x08005615   Thumb Code    50  main.o(.text)
    TaskCreate                               0x0800567b   Thumb Code    48  main.o(.text)
    main                                     0x080056ab   Thumb Code    18  main.o(.text)
    App_TaskCreateHook                       0x080056e5   Thumb Code     2  app_hooks.o(.text)
    App_TaskDelHook                          0x080056e7   Thumb Code     2  app_hooks.o(.text)
    App_TaskIdleHook                         0x080056e9   Thumb Code     2  app_hooks.o(.text)
    App_TaskStatHook                         0x080056eb   Thumb Code     2  app_hooks.o(.text)
    App_TaskReturnHook                       0x080056ed   Thumb Code     2  app_hooks.o(.text)
    App_TaskSwHook                           0x080056ef   Thumb Code     2  app_hooks.o(.text)
    App_TCBInitHook                          0x080056f1   Thumb Code     2  app_hooks.o(.text)
    App_TimeTickHook                         0x080056f3   Thumb Code     2  app_hooks.o(.text)
    __aeabi_uldivmod                         0x080056f5   Thumb Code    98  uldiv.o(.text)
    __aeabi_llsl                             0x08005757   Thumb Code    30  llshl.o(.text)
    _ll_shift_l                              0x08005757   Thumb Code     0  llshl.o(.text)
    __aeabi_llsr                             0x08005775   Thumb Code    32  llushr.o(.text)
    _ll_ushift_r                             0x08005775   Thumb Code     0  llushr.o(.text)
    __scatterload                            0x08005795   Thumb Code    28  init.o(.text)
    __scatterload_rt2                        0x08005795   Thumb Code     0  init.o(.text)
    __scatterload_copy                       0x080057b9   Thumb Code    14  handlers.o(i.__scatterload_copy)
    __scatterload_null                       0x080057c7   Thumb Code     2  handlers.o(i.__scatterload_null)
    __scatterload_zeroinit                   0x080057c9   Thumb Code    14  handlers.o(i.__scatterload_zeroinit)
    CPU_EndiannessTest                       0x080058d8   Data           4  cpu_core.o(.constdata)
    OSUnMapTbl                               0x08005970   Data         256  os_core.o(.constdata)
    Region$$Table$$Base                      0x08005a70   Number         0  anon$$obj.o(Region$$Table)
    Region$$Table$$Limit                     0x08005a90   Number         0  anon$$obj.o(Region$$Table)
    SystemCoreClock                          0x20000000   Data           4  system_stm32f4xx.o(.data)
    AHBPrescTable                            0x20000004   Data          16  system_stm32f4xx.o(.data)
    CPU_TS_TmrFreq_Hz                        0x20000024   Data           4  cpu_core.o(.data)
    CPU_IntDisMeasCtr                        0x20000028   Data           2  cpu_core.o(.data)
    CPU_IntDisNestCtr                        0x2000002a   Data           2  cpu_core.o(.data)
    CPU_IntDisMeasStart_cnts                 0x2000002c   Data           4  cpu_core.o(.data)
    CPU_IntDisMeasStop_cnts                  0x20000030   Data           4  cpu_core.o(.data)
    CPU_IntDisMeasOvrhd_cnts                 0x20000034   Data           4  cpu_core.o(.data)
    CPU_IntDisMeasMaxCur_cnts                0x20000038   Data           4  cpu_core.o(.data)
    CPU_IntDisMeasMax_cnts                   0x2000003c   Data           4  cpu_core.o(.data)
    Mem_SegHeadPtr                           0x20000040   Data           4  lib_mem.o(.data)
    OS_CPU_ExceptStkBase                     0x20000044   Data           4  os_cpu_c.o(.data)
    OSCtxSwCtr                               0x20000048   Data           4  os_core.o(.data)
    OSEventFreeList                          0x2000004c   Data           4  os_core.o(.data)
    OSFlagFreeList                           0x20000050   Data           4  os_core.o(.data)
    OSCPUUsage                               0x20000054   Data           1  os_core.o(.data)
    OSIdleCtrMax                             0x20000058   Data           4  os_core.o(.data)
    OSIdleCtrRun                             0x2000005c   Data           4  os_core.o(.data)
    OSStatRdy                                0x20000060   Data           1  os_core.o(.data)
    OSIntNesting                             0x20000061   Data           1  os_core.o(.data)
    OSLockNesting                            0x20000062   Data           1  os_core.o(.data)
    OSPrioCur                                0x20000063   Data           1  os_core.o(.data)
    OSPrioHighRdy                            0x20000064   Data           1  os_core.o(.data)
    OSRdyGrp                                 0x20000065   Data           1  os_core.o(.data)
    OSRdyTbl                                 0x20000066   Data           8  os_core.o(.data)
    OSRunning                                0x2000006e   Data           1  os_core.o(.data)
    OSTaskCtr                                0x2000006f   Data           1  os_core.o(.data)
    OSIdleCtr                                0x20000070   Data           4  os_core.o(.data)
    OSTCBCur                                 0x20000074   Data           4  os_core.o(.data)
    OSTCBFreeList                            0x20000078   Data           4  os_core.o(.data)
    OSTCBHighRdy                             0x2000007c   Data           4  os_core.o(.data)
    OSTCBList                                0x20000080   Data           4  os_core.o(.data)
    OSTickStepState                          0x20000084   Data           1  os_core.o(.data)
    OSQFreeList                              0x20000088   Data           4  os_core.o(.data)
    OSTaskRegNextAvailID                     0x2000008c   Data           1  os_core.o(.data)
    OSTime                                   0x20000090   Data           4  os_core.o(.data)
    CPU_Name                                 0x20000094   Data          16  cpu_core.o(.bss)
    Mem_Heap                                 0x200000a4   Data        1024  lib_mem.o(.bss)
    Mem_SegHeap                              0x200004a4   Data          20  lib_mem.o(.bss)
    OS_CPU_ExceptStk                         0x200004b8   Data         512  os_cpu_c.o(.bss)
    OSEventTbl                               0x200006b8   Data         480  os_core.o(.bss)
    OSFlagTbl                                0x20000898   Data          80  os_core.o(.bss)
    OSTaskStatStk                            0x200008e8   Data         512  os_core.o(.bss)
    OSTaskIdleStk                            0x20000ae8   Data         512  os_core.o(.bss)
    OSTCBPrioTbl                             0x20000ce8   Data         256  os_core.o(.bss)
    OSTCBTbl                                 0x20000de8   Data        1936  os_core.o(.bss)
    OSQTbl                                   0x20001578   Data          96  os_core.o(.bss)
    __initial_sp                             0x200021d8   Data           0  startup_stm32f40_41xxx.o(STACK)



==============================================================================

Memory Map of the image

  Image Entry point : 0x08000189

  Load Region LR_IROM1 (Base: 0x08000000, Size: 0x00005b24, Max: 0x00100000, ABSOLUTE)

    Execution Region ER_IROM1 (Base: 0x08000000, Size: 0x00005a90, Max: 0x00100000, ABSOLUTE)

    Base Addr    Size         Type   Attr      Idx    E Section Name        Object

    0x08000000   0x00000188   Data   RO            3    RESET               startup_stm32f40_41xxx.o
    0x08000188   0x00000000   Code   RO          610  * .ARM.Collect$$$$00000000  mc_w.l(entry.o)
    0x08000188   0x00000004   Code   RO          615    .ARM.Collect$$$$00000001  mc_w.l(entry2.o)
    0x0800018c   0x00000004   Code   RO          618    .ARM.Collect$$$$00000004  mc_w.l(entry5.o)
    0x08000190   0x00000000   Code   RO          620    .ARM.Collect$$$$00000008  mc_w.l(entry7b.o)
    0x08000190   0x00000000   Code   RO          622    .ARM.Collect$$$$0000000A  mc_w.l(entry8b.o)
    0x08000190   0x00000008   Code   RO          623    .ARM.Collect$$$$0000000B  mc_w.l(entry9a.o)
    0x08000198   0x00000000   Code   RO          625    .ARM.Collect$$$$0000000D  mc_w.l(entry10a.o)
    0x08000198   0x00000000   Code   RO          627    .ARM.Collect$$$$0000000F  mc_w.l(entry11a.o)
    0x08000198   0x00000004   Code   RO          616    .ARM.Collect$$$$00002712  mc_w.l(entry2.o)
    0x0800019c   0x00000024   Code   RO            4    .text               startup_stm32f40_41xxx.o
    0x080001c0   0x00000210   Code   RO           12    .text               system_stm32f4xx.o
    0x080003d0   0x000000e0   Code   RO           73    .text               misc.o
    0x080004b0   0x00000294   Code   RO          117    .text               stm32f4xx_gpio.o
    0x08000744   0x0000065c   Code   RO          137    .text               stm32f4xx_rcc.o
    0x08000da0   0x00000034   Code   RO          183    .text               cpu_a.o
    0x08000dd4   0x00000478   Code   RO          226    .text               cpu_core.o
    0x0800124c   0x00000220   Code   RO          246    .text               lib_mem_a.o
    0x0800146c   0x00000256   Code   RO          249    .text               lib_ascii.o
    0x080016c2   0x00000002   PAD
    0x080016c4   0x00000b74   Code   RO          294    .text               lib_mem.o
    0x08002238   0x00000928   Code   RO          316    .text               lib_str.o
    0x08002b60   0x00000334   Code   RO          333    .text               os_cpu_c.o
    0x08002e94   0x000000dc   Code   RO          362    .text               os_cpu_a.o
    0x08002f70   0x00000d08   Code   RO          365    .text               os_core.o
    0x08003c78   0x0000081c   Code   RO          389    .text               os_flag.o
    0x08004494   0x00000600   Code   RO          435    .text               os_q.o
    0x08004a94   0x00000868   Code   RO          459    .text               os_task.o
    0x080052fc   0x000001b0   Code   RO          471    .text               os_time.o
    0x080054ac   0x000000ec   Code   RO          491    .text               bsp.o
    0x08005598   0x00000054   Code   RO          531    .text               led.o
    0x080055ec   0x00000016   Code   RO          551    .text               stm32f4xx_it.o
    0x08005602   0x00000002   PAD
    0x08005604   0x000000e0   Code   RO          574    .text               main.o
    0x080056e4   0x00000010   Code   RO          598    .text               app_hooks.o
    0x080056f4   0x00000062   Code   RO          613    .text               mc_w.l(uldiv.o)
    0x08005756   0x0000001e   Code   RO          629    .text               mc_w.l(llshl.o)
    0x08005774   0x00000020   Code   RO          631    .text               mc_w.l(llushr.o)
    0x08005794   0x00000024   Code   RO          633    .text               mc_w.l(init.o)
    0x080057b8   0x0000000e   Code   RO          637    i.__scatterload_copy  mc_w.l(handlers.o)
    0x080057c6   0x00000002   Code   RO          638    i.__scatterload_null  mc_w.l(handlers.o)
    0x080057c8   0x0000000e   Code   RO          639    i.__scatterload_zeroinit  mc_w.l(handlers.o)
    0x080057d6   0x00000002   PAD
    0x080057d8   0x00000104   Data   RO          228    .constdata          cpu_core.o
    0x080058dc   0x00000094   Data   RO          317    .constdata          lib_str.o
    0x08005970   0x00000100   Data   RO          367    .constdata          os_core.o
    0x08005a70   0x00000020   Data   RO          635    Region$$Table       anon$$obj.o


    Execution Region RW_IRAM1 (Base: 0x20000000, Size: 0x000021d8, Max: 0x00020000, ABSOLUTE)

    Base Addr    Size         Type   Attr      Idx    E Section Name        Object

    0x20000000   0x00000014   Data   RW           13    .data               system_stm32f4xx.o
    0x20000014   0x00000010   Data   RW          138    .data               stm32f4xx_rcc.o
    0x20000024   0x0000001c   Data   RW          229    .data               cpu_core.o
    0x20000040   0x00000004   Data   RW          296    .data               lib_mem.o
    0x20000044   0x00000004   Data   RW          335    .data               os_cpu_c.o
    0x20000048   0x0000004c   Data   RW          368    .data               os_core.o
    0x20000094   0x00000010   Zero   RW          227    .bss                cpu_core.o
    0x200000a4   0x00000414   Zero   RW          295    .bss                lib_mem.o
    0x200004b8   0x00000200   Zero   RW          334    .bss                os_cpu_c.o
    0x200006b8   0x00000f20   Zero   RW          366    .bss                os_core.o
    0x200015d8   0x00000800   Zero   RW          575    .bss                main.o
    0x20001dd8   0x00000400   Zero   RW            1    STACK               startup_stm32f40_41xxx.o


==============================================================================

Image component sizes


      Code (inc. data)   RO Data    RW Data    ZI Data      Debug   Object Name

        16          0          0          0          0       1402   app_hooks.o
       236         16          0          0          0      37892   bsp.o
        52          0          0          0          0        352   cpu_a.o
         0          0          0          0          0       7840   cpu_c.o
      1144         42        260         28         16       9413   cpu_core.o
        84          4          0          0          0        850   led.o
       598          0          0          0          0      14908   lib_ascii.o
      2932         92          0          4       1044      25280   lib_mem.o
       544          0          0          0          0        500   lib_mem_a.o
      2344          4        148          0          0      13238   lib_str.o
       224         40          0          0       2048       1824   main.o
       224         20          0          0          0       2093   misc.o
      3336        286        256         76       3872      19361   os_core.o
       220         36          0          0          0        368   os_cpu_a.o
       820        138          0          4        512      11896   os_cpu_c.o
      2076         42          0          0          0      14853   os_flag.o
      1536         36          0          0          0       5621   os_q.o
      2152         74          0          0          0       8108   os_task.o
       432         30          0          0          0       1834   os_time.o
        36          8        392          0       1024       1028   startup_stm32f40_41xxx.o
       660         44          0          0          0       4369   stm32f4xx_gpio.o
        22          0          0          0          0       1075   stm32f4xx_it.o
      1628         52          0         16          0      13228   stm32f4xx_rcc.o
       528         46          0         20          0     258559   system_stm32f4xx.o

    ----------------------------------------------------------------------
     21848       1010       1088        148       8516     455892   Object Totals
         0          0         32          0          0          0   (incl. Generated)
         4          0          0          0          0          0   (incl. Padding)

    ----------------------------------------------------------------------

      Code (inc. data)   RO Data    RW Data    ZI Data      Debug   Library Member Name

         0          0          0          0          0          0   entry.o
         0          0          0          0          0          0   entry10a.o
         0          0          0          0          0          0   entry11a.o
         8          4          0          0          0          0   entry2.o
         4          0          0          0          0          0   entry5.o
         0          0          0          0          0          0   entry7b.o
         0          0          0          0          0          0   entry8b.o
         8          4          0          0          0          0   entry9a.o
        30          0          0          0          0          0   handlers.o
        36          8          0          0          0         68   init.o
        30          0          0          0          0         68   llshl.o
        32          0          0          0          0         68   llushr.o
        98          0          0          0          0         92   uldiv.o

    ----------------------------------------------------------------------
       248         16          0          0          0        296   Library Totals
         2          0          0          0          0          0   (incl. Padding)

    ----------------------------------------------------------------------

      Code (inc. data)   RO Data    RW Data    ZI Data      Debug   Library Name

       246         16          0          0          0        296   mc_w.l

    ----------------------------------------------------------------------
       248         16          0          0          0        296   Library Totals

    ----------------------------------------------------------------------

==============================================================================


      Code (inc. data)   RO Data    RW Data    ZI Data      Debug   

     22096       1026       1088        148       8516     452340   Grand Totals
     22096       1026       1088        148       8516     452340   ELF Image Totals
     22096       1026       1088        148          0          0   ROM Totals

==============================================================================

    Total RO  Size (Code + RO Data)                23184 (  22.64kB)
    Total RW  Size (RW Data + ZI Data)              8664 (   8.46kB)
    Total ROM Size (Code + RO Data + RW Data)      23332 (  22.79kB)

==============================================================================

